Command line invocation:
    /Applications/Xcode-beta.app/Contents/Developer/usr/bin/xcodebuild test -scheme BridgetTests -destination "platform=iOS Simulator,name=iPhone 16 Pro"

ComputePackagePrebuildTargetDependencyGraph

Prepare packages

CreateBuildRequest

SendProjectDescription

CreateBuildOperation

ComputeTargetDependencyGraph
note: Building targets in dependency order
note: Target dependency graph (2 targets)
    Target 'BridgetTests' in project 'Bridget'
        ➜ Explicit dependency on target 'Bridget' in project 'Bridget'
    Target 'Bridget' in project 'Bridget' (no dependencies)

GatherProvisioningInputs

CreateBuildDescription

ExecuteExternalTool /Applications/Xcode-beta.app/Contents/Developer/Toolchains/XcodeDefault.xctoolchain/usr/bin/clang -v -E -dM -isysroot /Applications/Xcode-beta.app/Contents/Developer/Platforms/iPhoneSimulator.platform/Developer/SDKs/iPhoneSimulator26.0.sdk -x c -c /dev/null

ExecuteExternalTool /Applications/Xcode-beta.app/Contents/Developer/Toolchains/XcodeDefault.xctoolchain/usr/bin/swiftc --version

ExecuteExternalTool /Applications/Xcode-beta.app/Contents/Developer/usr/bin/actool --print-asset-tag-combinations --output-format xml1 /Users/peterjemley/Developer/Bridget/Bridget/Assets.xcassets

ExecuteExternalTool /Applications/Xcode-beta.app/Contents/Developer/usr/bin/actool --version --output-format xml1

ExecuteExternalTool /Applications/Xcode-beta.app/Contents/Developer/Toolchains/XcodeDefault.xctoolchain/usr/bin/ld -version_details

ReadFileContents /Applications/Xcode-beta.app/Contents/Developer/Toolchains/XcodeDefault.xctoolchain/usr/share/docc/features.json

Build description signature: b64054806fe27f9d3067536fe88eda7d
Build description path: /Users/peterjemley/Library/Developer/Xcode/DerivedData/Bridget-edpxacazmcybwdhdyzniqrukwiwk/Build/Intermediates.noindex/XCBuildData/b64054806fe27f9d3067536fe88eda7d.xcbuilddata
ClangStatCache /Applications/Xcode-beta.app/Contents/Developer/Toolchains/XcodeDefault.xctoolchain/usr/bin/clang-stat-cache /Applications/Xcode-beta.app/Contents/Developer/Platforms/iPhoneSimulator.platform/Developer/SDKs/iPhoneSimulator26.0.sdk /Users/peterjemley/Library/Developer/Xcode/DerivedData/SDKStatCaches.noindex/iphonesimulator26.0-23A5324a-fc862078e33f881139a9d2f83bd1a9d0.sdkstatcache
    cd /Users/peterjemley/Developer/Bridget/Bridget.xcodeproj
    /Applications/Xcode-beta.app/Contents/Developer/Toolchains/XcodeDefault.xctoolchain/usr/bin/clang-stat-cache /Applications/Xcode-beta.app/Contents/Developer/Platforms/iPhoneSimulator.platform/Developer/SDKs/iPhoneSimulator26.0.sdk -o /Users/peterjemley/Library/Developer/Xcode/DerivedData/SDKStatCaches.noindex/iphonesimulator26.0-23A5324a-fc862078e33f881139a9d2f83bd1a9d0.sdkstatcache

ProcessInfoPlistFile /Users/peterjemley/Library/Developer/Xcode/DerivedData/Bridget-edpxacazmcybwdhdyzniqrukwiwk/Build/Products/Debug-iphonesimulator/Bridget.app/Info.plist /Users/peterjemley/Developer/Bridget/Bridget/Info.plist (in target 'Bridget' from project 'Bridget')
    cd /Users/peterjemley/Developer/Bridget
    builtin-infoPlistUtility /Users/peterjemley/Developer/Bridget/Bridget/Info.plist -producttype com.apple.product-type.application -genpkginfo /Users/peterjemley/Library/Developer/Xcode/DerivedData/Bridget-edpxacazmcybwdhdyzniqrukwiwk/Build/Products/Debug-iphonesimulator/Bridget.app/PkgInfo -expandbuildsettings -format binary -platform iphonesimulator -additionalcontentfile /Users/peterjemley/Library/Developer/Xcode/DerivedData/Bridget-edpxacazmcybwdhdyzniqrukwiwk/Build/Intermediates.noindex/Bridget.build/Debug-iphonesimulator/Bridget.build/assetcatalog_generated_info.plist -o /Users/peterjemley/Library/Developer/Xcode/DerivedData/Bridget-edpxacazmcybwdhdyzniqrukwiwk/Build/Products/Debug-iphonesimulator/Bridget.app/Info.plist

ProcessInfoPlistFile /Users/peterjemley/Library/Developer/Xcode/DerivedData/Bridget-edpxacazmcybwdhdyzniqrukwiwk/Build/Products/Debug-iphonesimulator/Bridget.app/PlugIns/BridgetTests.xctest/Info.plist /Users/peterjemley/Library/Developer/Xcode/DerivedData/Bridget-edpxacazmcybwdhdyzniqrukwiwk/Build/Intermediates.noindex/Bridget.build/Debug-iphonesimulator/BridgetTests.build/empty-BridgetTests.plist (in target 'BridgetTests' from project 'Bridget')
    cd /Users/peterjemley/Developer/Bridget
    builtin-infoPlistUtility /Users/peterjemley/Library/Developer/Xcode/DerivedData/Bridget-edpxacazmcybwdhdyzniqrukwiwk/Build/Intermediates.noindex/Bridget.build/Debug-iphonesimulator/BridgetTests.build/empty-BridgetTests.plist -producttype com.apple.product-type.bundle.unit-test -expandbuildsettings -format binary -platform iphonesimulator -o /Users/peterjemley/Library/Developer/Xcode/DerivedData/Bridget-edpxacazmcybwdhdyzniqrukwiwk/Build/Products/Debug-iphonesimulator/Bridget.app/PlugIns/BridgetTests.xctest/Info.plist

CopySwiftLibs /Users/peterjemley/Library/Developer/Xcode/DerivedData/Bridget-edpxacazmcybwdhdyzniqrukwiwk/Build/Products/Debug-iphonesimulator/Bridget.app/PlugIns/BridgetTests.xctest (in target 'BridgetTests' from project 'Bridget')
    cd /Users/peterjemley/Developer/Bridget
    builtin-swiftStdLibTool --copy --verbose --sign - --scan-executable /Users/peterjemley/Library/Developer/Xcode/DerivedData/Bridget-edpxacazmcybwdhdyzniqrukwiwk/Build/Products/Debug-iphonesimulator/Bridget.app/PlugIns/BridgetTests.xctest/BridgetTests --scan-folder /Users/peterjemley/Library/Developer/Xcode/DerivedData/Bridget-edpxacazmcybwdhdyzniqrukwiwk/Build/Products/Debug-iphonesimulator/Bridget.app/PlugIns/BridgetTests.xctest/Frameworks --scan-folder /Users/peterjemley/Library/Developer/Xcode/DerivedData/Bridget-edpxacazmcybwdhdyzniqrukwiwk/Build/Products/Debug-iphonesimulator/Bridget.app/PlugIns/BridgetTests.xctest/PlugIns --scan-folder /Users/peterjemley/Library/Developer/Xcode/DerivedData/Bridget-edpxacazmcybwdhdyzniqrukwiwk/Build/Products/Debug-iphonesimulator/Bridget.app/PlugIns/BridgetTests.xctest/SystemExtensions --scan-folder /Users/peterjemley/Library/Developer/Xcode/DerivedData/Bridget-edpxacazmcybwdhdyzniqrukwiwk/Build/Products/Debug-iphonesimulator/Bridget.app/PlugIns/BridgetTests.xctest/Extensions --platform iphonesimulator --toolchain /Applications/Xcode-beta.app/Contents/Developer/Toolchains/XcodeDefault.xctoolchain --destination /Users/peterjemley/Library/Developer/Xcode/DerivedData/Bridget-edpxacazmcybwdhdyzniqrukwiwk/Build/Products/Debug-iphonesimulator/Bridget.app/PlugIns/BridgetTests.xctest/Frameworks --strip-bitcode --scan-executable /Applications/Xcode-beta.app/Contents/Developer/Platforms/iPhoneSimulator.platform/Developer/usr/lib/libXCTestSwiftSupport.dylib --strip-bitcode-tool /Applications/Xcode-beta.app/Contents/Developer/Toolchains/XcodeDefault.xctoolchain/usr/bin/bitcode_strip --emit-dependency-info /Users/peterjemley/Library/Developer/Xcode/DerivedData/Bridget-edpxacazmcybwdhdyzniqrukwiwk/Build/Intermediates.noindex/Bridget.build/Debug-iphonesimulator/BridgetTests.build/SwiftStdLibToolInputDependencies.dep --filter-for-swift-os

2025-09-06 20:18:24.914652-0700 Bridget[14371:251400] [MLPipelineNotifications] ML pipeline notification categories configured
2025-09-06 20:18:25.064158-0700 Bridget[14371:251580] [General] Failed to send CA Event for app launch measurements for ca_event_type: 0 event_name: com.apple.app_launch_measurement.FirstFramePresentationMetric
2025-09-06 20:18:25.073693-0700 Bridget[14371:251400] [App] Initializing ML Training Data Pipeline
2025-09-06 20:18:25.073762-0700 Bridget[14371:251400] [MLPipelineBackground] MLPipelineBackgroundManager configured with ModelContainer
2025-09-06 20:18:25.073867-0700 Bridget[14371:251400] [MLPipelineBackground] Skipping background task registration in unit tests
2025-09-06 20:18:25.073959-0700 Bridget[14371:251400] [MLPipelineBackground] Skipping background task scheduling in unit tests
2025-09-06 20:18:25.073988-0700 Bridget[14371:251400] [App] ML Training Data Pipeline initialized successfully
🔍 Running directory creation probe...
📍 Testing Documents: /Users/peterjemley/Library/Developer/CoreSimulator/Devices/5EE0577A-2E03-4DC1-A7B3-E5E0EF8196B1/data/Containers/Data/Application/DC5EF751-4160-44F2-A417-7B1C37D71D6E/Documents/Probe
2025-09-06 20:18:25.080759-0700 Bridget[14371:251400] [FileManagerUtils] Directory already exists: /Users/peterjemley/Library/Developer/CoreSimulator/Devices/5EE0577A-2E03-4DC1-A7B3-E5E0EF8196B1/data/Containers/Data/Application/DC5EF751-4160-44F2-A417-7B1C37D71D6E/Documents/Probe
✅ Documents directory creation successful
📍 Testing Temp: /Users/peterjemley/Library/Developer/CoreSimulator/Devices/5EE0577A-2E03-4DC1-A7B3-E5E0EF8196B1/data/Containers/Data/Application/DC5EF751-4160-44F2-A417-7B1C37D71D6E/tmp/Probe
2025-09-06 20:18:25.080852-0700 Bridget[14371:251400] [FileManagerUtils] Directory already exists: /Users/peterjemley/Library/Developer/CoreSimulator/Devices/5EE0577A-2E03-4DC1-A7B3-E5E0EF8196B1/data/Containers/Data/Application/DC5EF751-4160-44F2-A417-7B1C37D71D6E/tmp/Probe
✅ Temporary directory creation successful
🏠 Home directory: /Users/peterjemley/Library/Developer/CoreSimulator/Devices/5EE0577A-2E03-4DC1-A7B3-E5E0EF8196B1/data/Containers/Data/Application/DC5EF751-4160-44F2-A417-7B1C37D71D6E
📱 App container path: /Users/peterjemley/Library/Developer/CoreSimulator/Devices/5EE0577A-2E03-4DC1-A7B3-E5E0EF8196B1/data/Containers/Bundle/Application/27B6A27B-EBB0-4349-9FB9-6C91AED9AC49
📖 Attempting to load cache for key: historical_bridges
2025-09-06 20:18:25.080967-0700 Bridget[14371:251400] [FileManagerUtils] Directory already exists: /Users/peterjemley/Library/Developer/CoreSimulator/Devices/5EE0577A-2E03-4DC1-A7B3-E5E0EF8196B1/data/Containers/Data/Application/DC5EF751-4160-44F2-A417-7B1C37D71D6E/Documents/BridgeCache
📍 Cache file URL: /Users/peterjemley/Library/Developer/CoreSimulator/Devices/5EE0577A-2E03-4DC1-A7B3-E5E0EF8196B1/data/Containers/Data/Application/DC5EF751-4160-44F2-A417-7B1C37D71D6E/Documents/BridgeCache/historical_bridges.json
❌ Failed to load cache for key historical_bridges: Error Domain=NSCocoaErrorDomain Code=260 "The file “historical_bridges.json” couldn’t be opened because there is no such file." UserInfo={NSFilePath=/Users/peterjemley/Library/Developer/CoreSimulator/Devices/5EE0577A-2E03-4DC1-A7B3-E5E0EF8196B1/data/Containers/Data/Application/DC5EF751-4160-44F2-A417-7B1C37D71D6E/Documents/BridgeCache/historical_bridges.json, NSURL=file:///Users/peterjemley/Library/Developer/CoreSimulator/Devices/5EE0577A-2E03-4DC1-A7B3-E5E0EF8196B1/data/Containers/Data/Application/DC5EF751-4160-44F2-A417-7B1C37D71D6E/Documents/BridgeCache/historical_bridges.json, NSUnderlyingError=0x600000c0f030 {Error Domain=NSPOSIXErrorDomain Code=2 "No such file or directory"}}
   Domain: NSCocoaErrorDomain, Code: 260
   UserInfo: ["NSFilePath": /Users/peterjemley/Library/Developer/CoreSimulator/Devices/5EE0577A-2E03-4DC1-A7B3-E5E0EF8196B1/data/Containers/Data/Application/DC5EF751-4160-44F2-A417-7B1C37D71D6E/Documents/BridgeCache/historical_bridges.json, "NSURL": file:///Users/peterjemley/Library/Developer/CoreSimulator/Devices/5EE0577A-2E03-4DC1-A7B3-E5E0EF8196B1/data/Containers/Data/Application/DC5EF751-4160-44F2-A417-7B1C37D71D6E/Documents/BridgeCache/historical_bridges.json, "NSUnderlyingError": Error Domain=NSPOSIXErrorDomain Code=2 "No such file or directory"]
Starting batch fetch of historical bridge data...
Fetching batch starting at offset 0...
2025-09-06 20:18:25.084323-0700 Bridget[14371:251400] [App] App became active
2025-09-06 20:18:25.084433-0700 Bridget[14371:251400] [MLPipelineBackground] Skipping background task scheduling in unit tests
2025-09-06 20:18:25.119429-0700 Bridget[14371:251400] [App] App will resign active
2025-09-06 20:18:25.119544-0700 Bridget[14371:251400] [MLPipelineBackground] Skipping background task scheduling in unit tests
2025-09-06 20:18:25.171435-0700 Bridget[14371:251572] [General] Failed to send CA Event for app launch measurements for ca_event_type: 1 event_name: com.apple.app_launch_measurement.ExtendedLaunchMetrics
Test Suite 'All tests' started at 2025-09-06 20:18:25.464.
Test Suite 'All tests' passed at 2025-09-06 20:18:25.465.
	 Executed 0 tests, with 0 failures (0 unexpected) in 0.000 (0.000) seconds
◇ Test run started.
↳ Testing Library Version: 1084
↳ Target Platform: arm64-apple-ios13.0-simulator
◇ Suite "BridgeDecoder" started.
◇ Suite "BridgeRecordValidator Integration Tests (2)" started.
◇ Suite "SeattleDrawbridges Tests" started.
◇ Suite "Pipeline Parity Validator Tests" started.
◇ Suite "ETAEstimator Phase 3 Tests" started.
◇ Suite "Serialization Consistency Tests" started.
◇ Suite "Pipeline Metrics Models Tests" started.
◇ Suite "MultiPath Types Tests" started.
◇ Suite "Model Tests" started.
◇ Suite "Path Enumeration Service - Swift Testing" started.
◇ Suite "Coordinate System Analysis - Swift Testing" started.
◇ Suite "CoreMLTraining Phase 3 - Statistical Variance Tests" started.
◇ Suite BridgetTests started.
◇ Suite "Historical Bridge Data Provider Tests" started.
◇ Suite "Data Validation Service Tests" started.
◇ Suite "Backward Compatibility Tests" started.
◇ Suite "Yen's Algorithm Tests" started.
◇ Suite "BaselinePredictor Integration Tests" started.
◇ Suite "PathScoringService Integration Tests for Bridge ID Policy" started.
◇ Suite ThreadSanitizerTests started.
◇ Suite "ETASummary Tests" started.
◇ Suite "Feature Engineering: Golden Sample and Edge Cases" started.
◇ Suite "Extensions" started.
◇ Suite AllSeattleBridgesGeospatialValidationTests started.
◇ Suite "Feature Flag Service Tests" started.
◇ Suite "TrainPrepService Phase 3 Tests" started.
◇ Suite "FileManagerUtils Tests" started.
◇ Suite "FeatureEngineering Helper Function Tests" started.
◇ Suite "BridgeID and bridgeLocations Coverage" started.
◇ Suite "Validation failure diagnostics" started.
◇ Suite "TrainPrepService Tests" started.
◇ Suite "Path Scoring Service - Swift Testing" started.
◇ Suite "Graph Importer Tests" started.
◇ Suite "Swift Testing Examples" started.
◇ Suite "Scoring Metrics Tests" started.
◇ Suite "Edge Initializer Tests" started.
◇ Suite "CoreMLTraining Tests" started.
◇ Suite "Bridge Data Service Integration Tests" started.
◇ Suite "Seattle Performance Tests" started.
◇ Suite "BridgeRecordValidator Integration Tests" started.
◇ Suite "Coordinate Transform Service Tests" started.
◇ Suite "Feature Engineering Validation Tests" started.
◇ Suite "Feature Engineering Validation Helper Tests" started.
◇ Suite "Coordinate Transformation Monitoring Tests" started.
◇ Suite "Bridge Validation Tests" started.
◇ Test "extra unknown fields" started.
◇ Suite "BasicTrafficProfileProvider Tests" started.
◇ Test "malformed date" started.
◇ Test "date validation performance: metrics integration" started.
◇ Suite "Bridge Record Validator Tests" started.
◇ Test "business validation: empty and malformed date" started.
◇ Test "valid primary format" started.
◇ Test "date edge and boundary cases" started.
◇ Test "date validation performance - 10,000 records" started.
◇ Test "null date" started.
◇ Test "date validation performance: comparative and scaling" started.
◇ Test "Bridge ID validation edge cases" started.
◇ Test "Bridge locations dictionary is correctly populated" started.
◇ Test "logging parser verification" started.
◇ Test "Integration: Transformation improves proximity (bridges 1 and 6)" started.
◇ Test "valid ISO8601 format" started.
◇ Test "Invalid bridge ID should be rejected and return nil info" started.
◇ Test "Canonical bridge ID validation" started.
◇ Test "Performance: validation average < 10ms over 100 iterations" started.
◇ Test "Bridge IDs should contain all expected canonical IDs" started.
◇ Test "Bridge count and collections should have exactly 7 items" started.
◇ Test "E2E: Validator accepts transformed record for bridge 1" started.
◇ Test "TEST_LOGGING macro verification" started.
◇ Test "All count methods return consistent values" started.
◇ Test "Bridge names should match actual Seattle drawbridges" started.
◇ Test "Bridge info lookup by enum and string ID" started.
◇ Test "Bridge names dictionary is correctly populated" started.
◇ Test "Single source of truth enforcement for IDs, coordinates, uniqueness" started.
◇ Test "Synthetic test bridge ID validation" started.
◇ Test "BridgeID allIDs set contains all expected values" started.
◇ Test "All canonical bridge IDs are accepted and have info" started.
◇ Test "PipelineStageMetric equality and hashing" started.
◇ Test "BridgeID extensions provide displayName and coordinate" started.
◇ Test "All bridge ID collections contain identical IDs" started.
◇ Test "PathTravelStatisticsWithUncertainty formatted output and compatibility" started.
◇ Test "estimateBridgeETAsWithUncertainty returns bridge-only summaries" started.
◇ Test "estimateETAsWithUncertainty returns per-node summaries" started.
◇ Test "Accepted bridge ID policy with and without synthetic allowance" started.
◇ Test "PipelineStageMetric displayName mapping" started.
◇ Test "PipelineMetricsData averageValidationRate edge cases" started.
◇ Test "PipelineMetricsData topStagesByDuration" started.
◇ Test "PipelineMetricsData computed totals" started.
◇ Test "ETAEstimate formattedETA contains minutes and ±" started.
◇ Test "Non-canonical bridge IDs are rejected and have no info" started.
◇ Test test304NoChangeResponse() started.
◇ Test "Time-of-day uncertainty adjustment: morning vs late-night variance" started.
◇ Test "PipelineMetricsData initialization" started.
◇ Test "PipelineMetricsData stageMetrics computed property" started.
◇ Test "ETAEstimate creation and backward compatibility fields" started.
◇ Test emptyStringValues() started.
◇ Test "PipelineMetricsData Codable conformance" started.
◇ Test bridgeStatusModelWithHistoricalData() started.
◇ Test "PipelineMetricsData topStagesByMemory" started.
◇ Test "PipelineStageMetric initialization and properties" started.
◇ Test bridgeStatusModelInitialization() started.
◇ Test "PipelineStageMetric statusColor logic" started.
◇ Test invalidNumericValues() started.
◇ Test outOfRangeDate() started.
◇ Test routeModelInitialization() started.
◇ Test bridgeOpeningRecordCoding() started.
◇ Test "Node Hashable conformance works" started.
◇ Test appStateModelInitialization() started.
◇ Test oversizedPayload() started.
◇ Test "Graph validation throws on invalid edges" started.
◇ Test updatedBridgeDataErrorLocalization() started.
◇ Test "MultiPathError descriptions contain expected text" started.
◇ Test bridgeDataProcessorRejectsOutOfRangeValues() started.
◇ Test "RoutePath creation computes totals and counts" started.
◇ Test "Configuration defaults have expected values" started.
◇ Test "Configuration presets differ as expected" started.
◇ Test "ETAWindow creation defaults min/max to nil" started.
◇ Test unknownBridgeID() started.
◇ Test "RoutePath with bridges counts them" started.
◇ Test "Small test graph fixture behaves as expected" started.
◇ Test emptyArrayPayload() started.
◇ Test "Path contiguity validation works and validate() throws on bad paths" started.
◇ Test "Edge creation populates fields correctly" started.
◇ Test "Tiny test graph fixture behaves as expected" started.
◇ Test routeModelWithHistoricalData() started.
◇ Test "Node creation populates fields correctly" started.
◇ Test "Graph creation builds adjacency and queries work" started.
◇ Test malformedDateStrings() started.
◇ Test bridgeOpeningRecordJSONDecoding() started.
◇ Test bridgeDataErrorLocalization() started.
◇ Test "Edge Hashable conformance works" started.
◇ Test bridgeDataServiceRouteGeneration() started.
◇ Test "BridgePredictionError descriptions contain expected text" started.
◇ Test appStateModelErrorHandling() started.
◇ Test "ETA creation populates fields correctly" started.
◇ Test "Parity passes when no code changed" started.
◇ Test appStateModelValidationFailures() started.
◇ Test cycleDetection() started.
◇ Test maxDepthLimit() started.
◇ Test phase1SimpleFixture() started.
◇ Test selfLoop() started.
◇ Test extraUnknownKeys() started.
◇ Test bridgeOpeningRecordComputedProperties() started.
◇ Test noPathExists() started.
◇ Test bridgeDataServiceSampleData() started.
◇ Test maxPathsLimit() started.
◇ Test shortestPath() started.
◇ Test "Performance on tiny graph (sanity check)" started.
◇ Test maxTravelTimeLimit() started.
◇ Test pathContiguityValidation() started.
◇ Test phase2PruningEffectiveness() started.
◇ Test "Variance computation with single value" started.
◇ Test pathDistanceValidation() started.
◇ Test deterministicResults() started.
◇ Test "Compute validation accuracy variance (unstable trend)" started.
◇ Test "Compute training loss variance (stable trend)" started.
◇ Test "Compute training loss variance (empty array)" started.
◇ Test shortestPathNoPathExists() started.
◇ Test "round-trip with prettyPrinted and sortedKeys" started.
◇ Test pathTravelTimeValidation() started.
◇ Test missingRequiredKeys() started.
◇ Test monotonicityProperty() started.
◇ Test nodeNotFoundError() started.
◇ Test "StatisticalTrainingMetrics data structure integrity" started.
◇ Test "Variance computation with two values" started.
◇ Test "Compute validation accuracy variance (empty array)" started.
◇ Test phase1ComplexFixture() started.
◇ Test "bridgeEncoder honors custom date encoding strategy" started.
◇ Test example() started.
◇ Test "Mock provider basic set/get" started.
◇ Test "Fuzz testing with random data should not crash" started.
◇ Test "DateBucket basic construction" started.
◇ Test "Stable epochs calculation uses last 20% of values" started.
◇ Test "BaselinePredictor default probability without historical data" started.
◇ Test "Real sample data should pass validation" started.
◇ Test "Shuffling data should preserve validation counts and shapes" started.
◇ Test "round-trip encoding/decoding with bridge factories: default config" started.
◇ Test "Real sample data should have actionable validation feedback" started.
◇ Test "BridgeOpeningStats raw and smoothed probabilities" started.
◇ Test "BaselinePredictor simple defaults and support checks" started.
◇ Test "bridgeEncoder/bridgeDecoder fail on mismatched date strategy" started.
◇ Test "Compute training loss variance (unstable trend)" started.
◇ Test "snake_case key decoding" started.
◇ Test "Snapshot testing for validation output consistency" started.
◇ Test "Unknown feature fields should be gracefully ignored with warnings" started.
◇ Test "PipelineMetricsData can include statistical metrics" started.
◇ Test "Analyze coordinate offsets for all bridges (Phase 1.2)" started.
◇ Test "Invalid bridge IDs should be detected" started.
◇ Test "Non-monotonic timestamps should be detected" started.
◇ Test "Unusual but valid timestamps should be handled correctly" started.
◇ Test "Compute validation accuracy variance (stable trend)" started.
◇ Test "Array bounds safety should be maintained under all conditions" started.
◇ Test "Feature vectors with invalid target values should be flagged" started.
◇ Test "Edge cases should not cause crashes or unexpected behavior" started.
◇ Test "Feature vectors with missing horizons should be flagged" started.
◇ Test "NaN values should be detected and flagged" started.
◇ Test "Feature vectors with out-of-range cyclical features should be flagged" started.
◇ Test "Runtime plugin registration, configuration, disable, and priority" started.
◇ Test "Leap second and mixed timezone timestamps should be handled correctly" started.
◇ Test "All-missing or all-NaN features should be clearly reported" started.
◇ Test "Mixed timezone formats should be handled correctly" started.
◇ Test "Golden sample probe ticks should pass validation" started.
◇ Test "Precision loss near range boundaries should be handled correctly" started.
◇ Test "Leap second timestamps should be handled gracefully" started.
◇ Test "DST boundary timestamps should be handled gracefully" started.
◇ Test "Invalid open labels should be detected" started.
◇ Test "Safe iteration patterns should work correctly" started.
◇ Test "Custom validator registration and execution" started.
◇ Test "Golden sample feature vectors should pass validation" started.
◇ Test "Old-style PipelineMetricsData still works" started.
◇ Test "Single record should pass validation" started.
◇ Test "CoreMLTraining basic API remains constructible and helpers return nil for empty inputs" started.
◇ Test "Data quality metrics should be properly aggregated" started.
◇ Test "Empty arrays should fail validation" started.
◇ Test "Feature vector validation should be invariant under horizon reordering" started.
◇ Test "UI-facing data structures handle nil statistical metrics" started.
◇ Test "Parsing failure scenarios should be handled gracefully" started.
◇ Test "Data drift detection should flag statistical changes" started.
◇ Test "Performance comparison: BaselinePredictor vs MockBridgePredictor" started.
◇ Test "New-style PipelineMetricsData with statistical metrics works" started.
◇ Test "Duplicate probe ticks should be detected and reported" started.
◇ Test "High cardinality bridge IDs should be handled efficiently" started.
◇ Test "Non-default horizons should yield actionable warnings" started.
◇ Test "BaselinePredictor integrates successfully with PathScoringService" started.
◇ Test "Validation rate should be calculated correctly" started.
◇ Test "Infinite values should be detected and flagged" started.
◇ Test "All values NaN/infinite for specific fields should be detected and reported" started.
◇ Test "New data with statistical metrics encodes/decodes" started.
◇ Test "Old data encodes/decodes without statistical metrics" started.
◇ Test "Graceful degradation in processing function" started.
◇ Test "Batch prediction performance with multiple paths" started.
◇ Test "Summary string contains key sections" started.
◇ Test "Constant offsets should shift statistics predictably" started.
◇ Test "Partial failure simulation should provide targeted messages" started.
◇ Test "BaselinePredictor basic functionality" started.
◇ Test "PathScoringService can be created with BaselinePredictor" started.
◇ Test "Async validation should handle large datasets efficiently" started.
◇ Test "Beta smoothing parameters affect prediction results" started.
◇ Test "BaselinePredictor handles multiple bridges correctly" started.
◇ Test "BaselinePredictor fallback behavior for unsupported bridges" started.
◇ Test "Array.basicStatistics empty returns nil" started.
◇ Test "Array.basicStatistics computes stats" started.
◇ Test "ETASummary.from returns nil for empty array" started.
◇ Test "Optional feature handling and graceful degradation" started.
◇ Test "ETASummary.from multiple values computes stats" started.
◇ Test "Thread Sanitizer detects data race" started.
◇ Test "Cache statistics reflect BaselinePredictor usage" started.
◇ Test "ETASummary Equatable conformance" started.
◇ Test "ETASummary 95% confidence interval spans the mean" started.
◇ Test "ETASummary.from single value produces zero variance and stdDev" started.
◇ Test "90% CI is narrower than 95% CI" started.
◇ Test "Array.basicStatistics single value returns zero variance/stdDev" started.
◇ Test "BaselinePredictor performance metrics" started.
◇ Test "ETASummary.from leaves percentiles nil with insufficient data" started.
◇ Test lowerSpokaneSt() started.
◇ Test southPark() started.
◇ Test "ConfidenceInterval creation" started.
◇ Test "flooredToMinute returns start of minute" started.
◇ Test "isISO8601Date is true for ISO8601 date strings" started.
◇ Test fremont() started.
◇ Test "trimmed removes leading/trailing whitespace" started.
◇ Test test1stAveSouthGeospatialMismatch() started.
◇ Test "ConfidenceInterval Codable round-trip" started.
◇ Test university() started.
◇ Test "safe subscript handles in-bounds and out-of-bounds" started.
◇ Test "Synchronized access prevents data races" started.
◇ Test "Yen vs DFS: shortest path parity" started.
◇ Test "CI reduces to a point when variance is zero" started.
◇ Test montlake() started.
◇ Test "ErrorDistributionMetrics creation" started.
◇ Test test1stAveSouth() started.
◇ Test "ETASummary encodes/decodes correctly" started.
◇ Test "No path / invalid nodes: throws MultiPathError.nodeNotFound" started.
◇ Test "Mixed canonical + non-accepted: accepted predicted; non-accepted skipped; cache only for accepted" started.
◇ Test "Array.toETASummary computes stats" started.
◇ Test "Performance: small graph completes within 1 second" started.
◇ Test "Actor isolation prevents data races" started.
◇ Test ballard() started.
◇ Test "Attributes of item returns attributes" started.
◇ Test "Yen finds up to K shortest paths and they are sorted" started.
◇ Test "StatisticalTrainingMetrics Codable round-trip" started.
◇ Test "ConfidenceInterval Equatable conformance" started.
◇ Test "Atomic replace item replaces file" started.
◇ Test "minutes(since:) computes correct interval" started.
◇ Test "StatisticalTrainingMetrics creation" started.
XCTestOutputBarrier◇ Test "Synthetic IDs are accepted when allowed" started.
◇ Test "chunked(into:) splits array correctly" started.
◇ Test "Enumerate files returns all files" started.
◇ Test "Non-accepted IDs are skipped by policy and do not populate feature cache" started.
◇ Test "Constraints: respects maxTravelTime and maxTimeOverShortest" started.
◇ Test "Create temporary file with extension" started.
◇ Test "Temporary directory returns valid URL" started.
◇ Test "Auto mode yields valid, sorted paths" started.
◇ Test "PerformanceConfidenceIntervals creation" started.
◇ Test "Remove file removes existing file" started.
◇ Test "Setup test directory" started.
◇ Test "Ensure directory exists creates directory" started.
◇ Test "Yen correctness: shortest and second-shortest match expectations" started.
◇ Test "Documents directory returns valid URL" started.
◇ Test "cyc() gives correct sin/cos for canonical values" started.
◇ Test "rollingAverage() computes expected rolling means" started.
◇ Test "Calculate directory size returns correct size" started.
◇ Test "Remove old files removes old files" started.
◇ Test "File exists returns correct values" started.
◇ Test "Operations throw appropriate errors" started.
◇ Test "Create marker file creates zero byte file" started.
◇ Test handleInvalidPath() started.
◇ Test "Pipeline metrics collection should record stages before expected failure" started.
◇ Test "Ensure directory exists with invalid path" started.
◇ Test "Run pipeline with valid NDJSON should fail due to missing base model files and report failure via progress delegate" started.
◇ Test "Enumerate files with filter" started.
◇ Test deterministicResultsWithSeededPredictor() started.
◇ Test scoreSinglePathMultipleBridges() started.
◇ Test respectScoringConfigurationBounds() started.
◇ Test "Run pipeline without progress delegate should still throw CoreMLTrainingError" started.
◇ Test timeBucketCaching() started.
◇ Test scoreMultiplePathsBatch() started.
◇ Test "minuteOfDay and dayOfWeek parse ISO date correctly" started.
◇ Test "Remove file throws error for non-existent file" started.
◇ Test logDomainAggregationSmallProbabilities() started.
◇ Test "Environment preflight check - verify writable directories" started.
◇ Test logDomainAggregationLargeProbabilities() started.
◇ Test "Model performance gate evaluation can be configured and evaluated" started.
◇ Test cacheClear() started.
◇ Test handleEmptyPathSet() started.
◇ Test "Run pipeline with empty NDJSON should fail and report failure via progress delegate" started.
◇ Test "Handles DST boundary: March 10, 2024 (US DST start)" started.
◇ Test cacheStatistics() started.
◇ Test scorePathNoBridges() started.
◇ Test "Handles empty and missing ticks (edge)" started.
◇ Test "Property-based testing example" started.
◇ Test scoreSinglePathOneBridge() started.
◇ Test "Ensure directory exists with existing directory" started.
◇ Test "Feature flag service should initialize with default configurations" started.
◇ Test "Data quality gate evaluation can fail the pipeline and report final error" started.
◇ Test "Throwing function example" started.
◇ Test "Basic assertion example" started.
◇ Test "String validation example" started.
◇ Test analyzeJourneyMultiplePaths() started.
◇ Test "Enhanced progress reporting should record stages and fail due to missing base model files" started.
◇ Test "Run pipeline with invalid NDJSON should fail and report failure via progress delegate" started.
◇ Test "Bridge convenience initializer with synthetic ID returns non-nil" started.
◇ Test emptyGraph() started.
◇ Test "Unexpected bridgeID throws .unexpectedBridgeID" started.
◇ Test "trainModel with invalid features ultimately fails due to placeholder model" started.
◇ Test "Valid road edge creation" started.
◇ Test featureCaching() started.
◇ Test "Performance testing example" started.
◇ Test "Array validation example" started.
◇ Test "Bridge convenience initializer with canonical ID returns non-nil" started.
◇ Test "CoreMLTrainingError descriptions and recursion flags" started.
◇ Test "Missing bridgeID throws .missingBridgeID" started.
◇ Test "Road convenience initializer" started.
◇ Test allBridgeIDsHaveLocationsAndNoExtras() started.
◇ Test "Golden sample produces correct feature count and snapshot" started.
◇ Test "Single bridge, single tick, all horizons" started.
◇ Test "Backward-compatible non-throwing initializer (road)" started.
◇ Test "EdgeInitError localized descriptions" started.
◇ Test "toMLMultiArray validates feature count" started.
◇ Test "batchedArrays with valid input yields correct batches" started.
◇ Test analyzeJourneySinglePath() started.
◇ Test "Backward-compatible non-throwing initializer (bridge)" started.
◇ Test "Bridge throwing convenience initializer with canonical ID" started.
◇ Test "Bridge 1 should pass validation with coordinate transformation" started.
◇ Test "Unknown bridge should fail validation" started.
◇ Test "Async testing example" started.
◇ Test "Synthetic data determinism" started.
◇ Test "Default transformation config is enabled with metrics, without detailed logging" started.
◇ Test "trainModel with valid data fails gracefully due to placeholder base model" started.
◇ Test "Self-loop throws .selfLoop" started.
◇ Test "MLMultiArray creation basic validation" started.
◇ Test "Bridge convenience initializer returns nil for invalid ID" started.
◇ Test "Out-of-range dates should fail validation" started.
◇ Test "Valid synthetic bridge edge creation" started.
◇ Test "Non-positive or invalid travel time throws .nonPositiveTravelTime" started.
◇ Test "Identity transformation path should accept very close coordinates" started.
◇ Test "batchedArrays with batch size larger than data throws" started.
◇ Test "toMLMultiArray with valid features has correct shape" started.
◇ Test "Validation config has validation-appropriate settings" started.
◇ Test "Batch processing basic validation" started.
◇ Test "toMLMultiArray with empty features throws insufficientData" started.
◇ Test "Non-positive or invalid distance throws .nonPositiveDistance" started.
◇ Test validationFailureDiagnostic() started.
◇ Test "Valid reference-system coordinates should pass without transformation" started.
[ERROR] DateValidationError: Invalid date format: not-a-date RecordID: test-malformedDate Source: BridgeDecoderTests @2025-09-07T03:18:25Z
  Suggestion: Check that the date matches supported formats.
◇ Test "Bridge 1 should fail for very far coordinates (no transformation can help)" started.
◇ Test "Synthetic data generation count and ranges" started.
◇ Test "JSON decoding for import structs works independently" started.
◇ Test "Basic graph import builds and validates a tiny graph" started.
◇ Test "Unsupported coordinate system produces appropriate error" started.
◇ Test "Importing from a directory with JSON files yields a valid Graph" started.
◇ Test "evaluate with empty data throws insufficientData" started.
◇ Test "CoreMLTrainingConfig initialization retains values" started.
◇ Test "Valid canonical bridge edge creation" started.
◇ Test "Identity transformation returns same coordinates with full confidence" started.
◇ Test "ScoringMetricsAggregator reset functionality" started.
◇ Test "Inverse matrix is the opposite of forward matrix" started.
◇ Test "Unknown bridge uses default matrix and returns reasonable confidence" started.
◇ Test "Matrix calculation returns non-identity for SeattleAPI -> Reference (Bridge 1)" started.
◇ Test "Deterministic behavior with larger datasets" started.
◇ Test "PathScoringService memory usage tracking" started.
◇ Test "PathScoringService cache statistics integration" started.
◇ Test "PathScoringService performance metrics collection - batch paths" started.
◇ Test "batchedArrays with invalid batch size throws" started.
◇ Test "Known bridge has high confidence; unknown bridge has lower (<= 1.0)" started.
◇ Test "Bridge 6 should pass validation with coordinate transformation" started.
◇ Test "trainModel with insufficient data throws insufficientData" started.
◇ Test "Invalid coordinates produce invalidInputCoordinates error" started.
◇ Test "Handles edge cases in larger datasets without hidden statefulness" started.
◇ Test "Bridge 6 transformation improves proximity to expected location" started.
[ERROR] DateValidationError: Invalid date format: 2025-02-30T10:00:00 RecordID: test-dateEdgeCases Source: BridgeDecoderTests @2025-09-07T03:18:25Z
  Suggestion: Check that the date matches supported formats.
[ERROR] DateValidationError: Date string is empty or null. RecordID: test-businessValidation Source: BridgeDecoderTests @2025-09-07T03:18:25Z
  Suggestion: Ensure the date string is not missing.
◇ Test "ScoringMetricsAggregator CSV export" started.
◇ Test "Round-trip transformation returns to original coordinates" started.
◇ Test "Produces deterministic results with same seed" started.
◇ Test "ScoringMetricsAggregator recordMetrics and aggregation" started.
◇ Test "Validates feature vectors have no NaN or infinite values" started.
◇ Test "PathScoringService performance with disabled logging" started.
◇ Test "ScoringMetrics initialization with default values" started.
[ERROR] DateValidationError: Invalid date format: not-a-date RecordID: test-businessValidation Source: BridgeDecoderTests @2025-09-07T03:18:25Z
  Suggestion: Check that the date matches supported formats.
◇ Test "ScoringMetrics initialization with custom values" started.
[ERROR] DateValidationError: Invalid date format: 2025-04-31T10:00:00 RecordID: test-dateEdgeCases Source: BridgeDecoderTests @2025-09-07T03:18:25Z
  Suggestion: Check that the date matches supported formats.
◇ Test "ScoringMetricsAggregator initialization" started.
◇ Test "Produces different results with different seeds" started.
◇ Test "Bridge 1 transformation improves proximity to expected location" started.
◇ Test "PathScoringService performance metrics collection - single path" started.
[ERROR] DateValidationError: Invalid date format: 2023-02-29T12:00:00 RecordID: test-dateEdgeCases Source: BridgeDecoderTests @2025-09-07T03:18:25Z
  Suggestion: Check that the date matches supported formats.
2025-09-06 20:18:25.523272-0700 Bridget[14371:251688] [PathEnumeration] Enumerating paths from A to D using dfs
2025-09-06 20:18:25.523284-0700 Bridget[14371:251583] [PathEnumeration] Enumerating paths from A to C using dfs
2025-09-06 20:18:25.524346-0700 Bridget[14371:251578] [PathEnumeration] Enumerating paths from A to C using dfs
2025-09-06 20:18:25.524700-0700 Bridget[14371:251578] [PathEnumeration] Selected algorithm: dfs
2025-09-06 20:18:25.524644-0700 Bridget[14371:251688] [PathEnumeration] Selected algorithm: dfs
2025-09-06 20:18:25.524689-0700 Bridget[14371:251583] [PathEnumeration] Selected algorithm: dfs
2025-09-06 20:18:25.524787-0700 Bridget[14371:251694] [PathEnumeration] Enumerating paths from 0 to 10 using dfs
2025-09-06 20:18:25.524770-0700 Bridget[14371:251581] [PathEnumeration] Enumer2025-09-06 20:18:25.525022-0700 Bridget[14371:251582] [validation] 🔍 Starting parity validation for sample: test_sample
ating paths from A to B using dfs
2025-09-06 20:18:25.524831-0700 Bridget[14371:251569] [PathEnumeration] Enumerating paths from A to D using dfs
2025-09-06 20:18:25.524870-0700 Bridget[14371:251580] [PathEnumeration] Enumerating paths from A to C using dfs
2025-09-06 20:18:25.524870-0700 Bridget[14371:251578] [PathEnumeration] DFS: Shortest path time: 500.000000s
2025-09-06 20:18:25.524907-0700 Bridget[14371:251583] [PathEnumeration] DFS: Shortest path time: 500.000000s
2025-09-06 20:18:25.525123-0700 Bridget[14371:251688] [PathEnumeration] DFS: Shortest path time: 500.000000s
2025-09-06 20:18:25.525220-0700 Bridget[14371:251694] [PathEnumeration] Selected algorithm: dfs
2025-09-06 20:18:25.526062-0700 Bridget[14371:251694] [PathEnumeration] DFS: Shortest path time: 1000.000000s
2025-09-06 20:18:25.525998-0700 Bridget[14371:251578] [PathEnumeration] DFS: Found 2 paths from A to C
2025-09-06 20:18:25.525787-0700 Bridget[14371:251569] [PathEnumeration] Selected algorithm: dfs
2025-09-06 20:18:25.526052-0700 Bridget[14371:251581] [PathEnumeration] Selected algorithm: dfs
2025-09-06 20:18:25.526090-0700 Bridget[14371:251688] [PathEnumeration] DFS: Found 4 paths from A to D
2025-09-06 20:18:25.526090-0700 Bridget[14371:251583] [PathEnumeration] DFS: Found 2 paths from A to C
2025-09-06 20:18:25.526585-0700 Bridget[14371:251582] [validation] ✅ Parity validation passed - outputs maintain consistency
2025-09-06 20:18:25.526114-0700 Bridget[14371:251694] [PathEnumeration] DFS: Found 0 paths from 0 to 10
2025-09-06 20:18:25.526101-0700 Bridget[14371:251580] [PathEnumeration] Selected algorithm: dfs
2025-09-06 20:18:25.526701-0700 Bridget[14371:251569] [PathEnumeration] DFS: Shortest path time: 500.000000s
2025-09-06 20:18:25.526775-0700 Bridget[14371:251578] [PathEnumeration] Enumerating paths from A to B using dfs
2025-09-06 20:18:25.527109-0700 Bridget[14371:251687] [PathEnumeration] Enumerating paths from A to D using dfs
2025-09-06 20:18:25.527074-0700 Bridget[14371:251581] [PathEnumeration] DFS: Shortest path time: 100.000000s
2025-09-06 20:18:25.527132-0700 Bridget[14371:251580] [PathEnumeration] DFS: Shortest path time: 500.000000s
2025-09-06 20:18:25.527154-0700 Bridget[14371:251688] [PathEnumeration] Enumerating paths from A to D using dfs
2025-09-06 20:18:25.527308-0700 Br2025-09-06 20:18:25.527275-0700 Bridget[14371:251569] [PathEnumeration] DFS: Found 4 paths from A to D
2025-09-06 20:18:25.527317-0700 Bridget[14371:251578] [PathEnumeration] Selected algorithm: dfs
2025-09-06 20:18:25.527322-0700 Bridget[14371:251583] [PathEnumeration] Enumerating paths from A to D using dfs
idget[14371:251694] [PathEnumeration] Enumerating paths from A to C using dfs
2025-09-06 20:18:25.527328-0700 Bridget[14371:251582] [PathEnumeration] Enumerating paths from A to C using dfs
2025-09-06 20:18:25.527344-0700 Bridget[14371:251688] [PathEnumeration] Selected algorithm: dfs
2025-09-06 20:18:25.527364-0700 Bridget[14371:251687] [PathEnumeration] Selected algorithm: dfs
2025-09-06 20:18:25.527410-0700 Bridget[14371:251580] [PathEnumeration] DFS: Found 2 paths from A to C
2025-09-06 20:18:25.527386-0700 Bridget[14371:251581] [PathEnumeration] DFS: Found 1 paths from A to B
2025-09-06 20:18:25.527631-0700 Bridget[14371:251693] [PathEnumeration] Enumerating paths from A to D using dfs
2025-09-06 20:18:25.528431-0700 Bridget[14371:251695] [PathEnumeration] Enumerating paths from A to C using dfs
2025-09-06 20:18:25.528582-0700 Bridget[14371:251400] [error] CoreData: fault: Could not materialize Objective-C class named "Array" from declared attribute value type "Array<String>" of attribute named preferredRouteIDs
2025-09-06 20:18:25.528463-0700 Bridget[14371:251690] [PathEnumeration] Enumerating paths from A to D using dfs
2025-09-06 20:18:25.528677-0700 Bridget[14371:251569] [PathEnumeration] Enumerating paths from A to D using dfs
2025-09-06 20:18:25.528717-0700 Bridget[14371:251400] [error] CoreData: Could not materialize Objective-C class named "Array" from declared attribute value type "Array<String>" of attribute named preferredRouteIDs
2025-09-06 20:18:25.528737-0700 Bridget[14371:251694] [PathEnumeration] Selected algorithm: dfs
2025-09-06 20:18:25.528880-0700 Bridget[14371:251400] [error] CoreData: fault: Could not materialize Objective-C class named "Array" from declared attribute value type "Array<String>" of attribute named preferredBridgeIDs
2025-09-06 20:18:25.528819-0700 Bridget[14371:251692] [PathEnumeration] Enumerating paths from A to B using dfs
2025-09-06 20:18:25.528893-0700 Bridget[14371:251569] [PathEnumeration] Selected algorithm: dfs
2025-09-06 20:18:25.528917-0700 Bridget[14371:251578] [PathEnumeration] DFS: Shortest path time: infs
2025-09-06 20:18:25.528970-0700 Bridget[14371:251400] [error] CoreData2025-09-06 20:18:25.528923-0700 Bridget[14371:251688] [PathEnumeration] DFS: Shortest path time: 500.000000s
2025-09-06 20:18:25.528945-0700 Bridget[14371:251687] [PathEnumeration] DFS: Shortest path time: 500.000000s
2025-09-06 20:18:25.528931-0700 Bridget[14371:251580] [PathEnumeration] Enumerating paths from A to C using dfs
2025-09-06 20:18:25.529012-0700 Bridget[14371:251692] [PathEnumeration] Selected algorithm: dfs
2025-09-06 20:18:25.529054-0700 Bridget[14371:251578] [PathEnumeration] DFS: Found 0 paths from A to B
2025-09-06 20:18:25.529112-0700 Bridget[14371:251693] [PathEnumeration] Selected algorithm: dfs
2025-09-06 20:18:25.529129-0700 Bridget[14371:251695] [PathEnumeration] Selected algorithm: dfs
2025-09-06 20:18:25.529022-0700 Bridget[14371:251694] [PathEnumeration] DFS: Shortest path time: 500.000000s
: Could not materialize Objective-C class named "Array" from declared attribute value type "Array<String>" of attribute named preferredBridgeIDs
2025-09-06 20:18:25.529077-0700 Bridget[14371:251690] [PathEnumeration] Selected algorithm: dfs
2025-09-06 20:18:25.529056-0700 Bridget[14371:251569] [PathEnumeration] DFS: Shortest path time: 500.000000s
2025-09-06 20:18:25.529068-0700 Bridget[14371:251583] [PathEnumeration] Selected algorithm: dfs
2025-09-06 20:18:25.529142-0700 Bridget[14371:251582] [PathEnumeration] Selected algorithm: dfs
2025-09-06 20:18:25.530684-0700 Bridget[14371:251689] [PathEnumeration] Enumerating paths from A to B using dfs
2025-09-06 20:18:25.531867-0700 Bridget[14371:251581] [PathEnumeration] Enumerating paths from Z to C using dfs
2025-09-06 20:18:25.559824-0700 Bridget[14371:251580] [PathEnumeration] Selected algorithm: dfs
2025-09-06 20:18:25.559833-0700 Bridget[14371:251692] [PathEnumeration] DFS: Shortest path time: infs
2025-09-06 20:18:25.559842-0700 Bridget[14371:251694] [PathEnumeration] DFS: Found 2 paths from A to C
2025-09-06 20:18:25.559850-0700 Bridget[14371:251688] [PathEnumeration] DFS: Found 4 paths from A to D
2025-09-06 20:18:25.559850-0700 Bridget[14371:251687] [PathEnumeration] DFS: Found 4 paths from A to D
2025-09-06 20:18:25.559920-0700 Bridget[14371:251400] [error] CoreData: fault: Could not materialize Objective-C class named "Array" from declared attribute value type "Array<String>" of attribute named avoidedBridgeIDs
2025-09-06 20:18:25.559962-0700 Bridget[14371:251690] [PathEnumeration] DFS: Shortest path time: 500.000000s
2025-09-06 20:18:25.560022-0700 Bridget[14371:251400] [error] CoreData: Could not materialize Objective-C class named "Array" from declared attribute value type "Array<String>" of attribute named avoidedBridgeIDs
2025-09-06 20:18:25.560035-0700 Bridget[14371:251695] [PathEnumeration] DFS: Shortest path time: 500.000000s
2025-09-06 20:18:25.560061-0700 Bridget[14371:251569] [PathEnumeration] DFS: Found 4 paths from A to D
2025-09-06 20:18:25.560063-0700 Bridget[14371:251689] [PathEnumeration] Selected algorithm: dfs
2025-09-06 20:18:25.560113-0700 Bridget[14371:251693] [PathEnumeration] DFS: Shortest path time: 500.000000s
2025-09-06 20:18:25.560131-0700 Bridget[14371:251690] [PathEnumeration] DFS: Found 4 paths from A to D
2025-09-06 20:18:25.560092-0700 Bridget[14371:251583] [PathEnumeration] DFS: Shortest path time: 500.000000s
2025-09-06 20:18:25.560221-0700 Bridget[14371:251582] [PathEnumeration] DFS: Shortest path time: 500.000000s
2025-09-06 20:18:25.560230-0700 Bridget[14371:251581] [PathEnumeration] Enumerating paths from A to Z using dfs
2025-09-06 20:18:25.560189-0700 Bridget[14371:251580] [PathEnumeration] DFS: Shortest path time: 500.000000s
2025-09-06 20:18:25.560249-0700 Bridget[14371:251692] [PathEnumeration] DFS: Found 0 paths from A to B
2025-09-06 20:18:25.560722-0700 Bridget[14371:251689] [PathEnumeration] DFS: Shortest path time: 300.000000s
2025-09-06 20:18:25.560740-0700 Bridget[14371:251583] [PathEnumeration] DFS: Found 0 paths from A to D
2025-09-06 20:18:25.560728-0700 Bridget[14371:251695] [PathEnumeration] DFS: Found 2 paths from A to C
2025-09-06 20:18:25.560311-0700 Bridget[14371:251694] [PathEnumeration] Enumerating paths from A to D using dfs
2025-09-06 20:18:25.560742-0700 Bridget[14371:251582] [PathEnumeration] DFS: Found 2 paths from A to C
2025-09-06 20:18:25.560789-0700 Bridget[14371:251690] [PathEnumeration] Enumerating paths from A to D using dfs
2025-09-06 20:18:25.560811-0700 Bridget[14371:251580] [PathEnumeration] DFS: Found 2 paths from A to C
2025-09-06 20:18:25.560825-0700 Bridget[14371:251689] [PathEnumeration] DFS: Found 1 paths from A to B
◇ Test "Golden path comparison: A -> C matches expected paths" started.
2025-09-06 20:18:25.560866-0700 Bridget[14371:251693] [PathEnumeration] DFS: Found 3 paths from A to D
2025-09-06 20:18:25.560882-0700 Bridget[14371:251694] [PathEnumeration] Selected algorithm: dfs
2025-09-06 20:18:25.560902-0700 Bridget[14371:251400] [error] CoreData: fault: Could not materialize Objective-C class named "Array" from declared attribute value type "Array<String>" of attribute named bridgesOpenDuringJourney
2025-09-06 20:18:25.560944-0700 Bridget[14371:251689] [PathEnumeration] Enumerating paths from A to B using dfs
2025-09-06 20:18:25.560926-0700 Bridget[14371:251690] [PathEnumeration] Selected algorithm: dfs
◇ Test "Algorithm comparison (DFS enumeration) on Phase 1 fixture graph" started.
2025-09-06 20:18:25.560985-0700 Bridget[14371:251693] [PathEnumeration] Enumerating paths from A to D using dfs
2025-09-06 20:18:25.561015-0700 Bridget[14371:251694] [PathEnumeration] DFS: Shortest path time: 500.000000s
2025-09-06 20:18:25.561280-0700 Bridget[14371:251689] [PathEnumeration] Selected algorithm: dfs
2025-09-06 20:18:25.561283-0700 Bridget[14371:251693] [PathEnumeration] Selected algorithm: dfs
2025-09-06 20:18:25.561300-0700 Bridget[14371:251400] [error] CoreData: Could not materialize Objective-C class named "Array" from declared attribute value type "Array<String>" of attribute named bridgesOpenDuringJourney
2025-09-06 20:18:25.561306-0700 Bridget[14371:251690] [PathEnumeration] DFS: Shortest path time: 500.000000s
2025-09-06 20:18:25.561478-0700 Bridget[14371:251400] [error] CoreData: fault: Could not materialize Objective-C class named "Array" from declared attribute value type "Array<String>" of attribute named problematicBridges
2025-09-06 20:18:25.561344-0700 Bridget[14371:251693] [PathEnumeration] DFS: Shortest path time: 500.000000s
2025-09-06 20:18:25.561357-0700 Bridget[14371:251689] [PathEnumeration] DFS: Shortest path time: 300.000000s
2025-09-06 20:18:25.561381-0700 Bridget[14371:251694] [PathEnumeration] DFS: Found 4 paths from A to D
◇ Test "validateFeatureVector correctly validates complete feature vectors" started.
◇ Test "Origin-destination path enumeration (sync) on Phase 1 fixture graph" started.
◇ Test "Shortest path correctness: A -> C" started.
◇ Test "Cache performance (path memoization only): hot enumeratePaths faster" started.
◇ Test "isValidValue correctly identifies valid and invalid values" started.
XCTestOu2025-09-06 20:18:25.561681-0700 Bridget[14371:251400] [error] CoreData: Could not materialize Objective-C class named "Array" from declared attribute value type "Array<String>" of attribute named problematicBridges
tputBarrier2025-09-06 20:18:25.561733-0700 Bridget[14371:251693] [PathEnumeration] DFS: Found 4 paths from A to D
◇ Test "Pruning behavior: Tight maxTimeOverShortest leaves only the shortest path" started.
2025-09-06 20:18:25.561735-0700 Bridget[14371:251689] [PathEnumeration] DFS: Found 1 paths from A to B
2025-09-06 20:18:25.561746-0700 Bridget[14371:251690] [PathEnumeration] DFS: Found 4 paths from A to D
◇ Test "End-to-end pipeline: enumeration then scoring on Phase 1 fixture" started.
◇ Test "Algorithm parity: DFS vs Yen's K-shortest (K=2) on A -> C" started.
2025-09-06 20:18:25.562630-0700 Bridget[14371:251400] [error] CoreData: fault: Could not materialize Objective-C class named "Array" from declared attribute value type "Array<String>" of attribute named reliableBridges
2025-09-06 20:18:25.562633-0700 Bridget[14371:251690] [PathEnumeration] Enumerating paths from A to D using dfs
2025-09-06 20:18:25.562636-0700 Bridget[14371:251689] [PathEnumeration2025-09-06 20:18:25.562703-0700 Bridget[14371:251400] [error] CoreData: Could not materialize Objective-C class named "Array" from declared attribute value type "Array<String>" of attribute named reliableBridges
] Enumerating paths from A to C using dfs
2025-09-06 20:18:25.562750-0700 Bridget[14371:251690] [PathEnumeration] Selected algorithm: dfs
◇ Test "Fixture integrity: node/edge/bridge counts and ID policy" started.
2025-09-06 20:18:25.563236-0700 Bridget[14371:251689] [PathEnumeration] Selected algorithm: dfs
2025-09-06 20:18:25.563258-0700 Bridget[14371:251690] [PathEnumeration] DFS: Shortest path time: 500.000000s
◇ Test "Cache performance (feature cache only): second run faster and hit rate improves" started.
2025-09-06 20:18:25.563305-0700 Bridget[14371:251689] [PathEnumeration] DFS: Shortest path time: 500.000000s
2025-09-06 20:18:25.563332-0700 Bridget[14371:251690] [PathEnumeration] DFS: Found 4 paths from A to D
◇ Test "Memory usage baseline when loading Seattle bridge IDs" started.
2025-09-06 20:18:25.563387-0700 Bridget[14371:251689] [PathEnumeration] DFS: Found 2 paths from A to C
2025-09-06 20:18:25.563507-0700 Bridget[14371:251689] [PathEnumeration] Enumerating paths from A to C using dfs
2025-09-06 20:18:25.563557-0700 Bridget[14371:251689] [PathEnumeration] Selected algorithm: dfs
2025-09-06 20:18:25.563663-0700 Bridget[14371:251689] [PathEnumeration] DFS: Shortest path time: 500.000000s
◇ Test "No-path pairs return empty results / nil shortest" started.
2025-09-06 20:18:25.564495-0700 Bridget[14371:251689] [PathEnumeration] DFS: Found 2 paths from A to C
2025-09-06 20:18:25.564597-0700 Bridget[14371:251689] [PathEnumeration] Enumerating paths from A to D using dfs
2025-09-06 20:18:25.564753-0700 Bridget[14371:251689] [PathEnumeration] Selected algorithm: dfs
2025-09-06 20:18:25.564895-0700 Bridget[14371:251689] [PathEnumeration] DFS: Shortest path time: 400.000000s
2025-09-06 20:18:25.564998-0700 Bridget[14371:251689] [PathEnumeration] DFS: Found 1 paths from A to D
2025-09-06 20:18:25.565095-0700 Bridget[14371:251689] [PathEnumeration] Enumerating paths from A to D using dfs
2025-09-06 20:18:25.565218-0700 Bridget[14371:251689] [PathEnumeration] Selected algorithm: dfs
2025-09-06 20:18:25.565301-0700 Bridget[14371:251689] [PathEnumeration] DFS: Shortest path time: 400.000000s
2025-09-06 20:18:25.565455-0700 Bridget[14371:251689] [PathEnumeration] DFS: Found 1 paths from A to D
2025-09-06 20:18:25.565503-0700 Bridget[14371:251689] [PathEnumeration] Enumerating paths from B to A using dfs
2025-09-06 20:18:25.565557-0700 Bridget[14371:251689] [PathEnumeration] Selected algorithm: dfs
2025-09-06 20:18:25.565666-0700 Bridget[14371:251689] [PathEnumeration] DFS: Shortest path time: infs
2025-09-06 20:18:25.574334-0700 Bridget[14371:251689] [PathEnumeration] DFS: Found 0 paths from B to A
2025-09-06 20:18:25.574536-0700 Bridget[14371:251689] [PathEnumeration] Enumerating paths from B to A using dfs
2025-09-06 20:18:25.574605-0700 Bridget[14371:251689] [PathEnumeration] Selected algorithm: dfs
2025-09-06 20:18:25.574795-0700 Bridget[14371:251689] [PathEnumeration] DFS: Shortest path time: infs
2025-09-06 20:18:25.574910-0700 Bridget[14371:251689] [PathEnumeration] DFS: Found 0 paths from B to A
2025-09-06 20:18:25.574947-0700 Bridget[14371:251689] [PathEnumeration] Enumerating paths from B to C using dfs
2025-09-06 20:18:25.575054-0700 Bridget[14371:251689] [PathEnumeration] Selected algorithm: dfs
2025-09-06 20:18:25.575222-0700 Bridget[14371:251689] [PathEnumeration] DFS: Shortest path time: 200.000000s
2025-09-06 20:18:25.575311-0700 Bridget[14371:251689] [PathEnumeration] DFS: Found 1 paths from B to C
2025-09-06 20:18:25.575444-0700 Bridget[14371:251689] [PathEnumeration] Enumerating paths from B to C using dfs
2025-09-06 20:18:25.575557-0700 Bridget[14371:251689] [PathEnumeration] Selected algorithm: dfs
2025-09-06 20:18:25.575687-0700 Bridget[14371:251689] [PathEnumeration] DFS: Shortest path time: 200.000000s
2025-09-06 20:18:25.579365-0700 Bridget[14371:251689] [PathEnumeration] DFS: Found 1 paths from B to C
2025-09-06 20:18:25.579559-0700 Bridget[14371:251689] [PathEnumeration] Enumerating paths from B to D using dfs
2025-09-06 20:18:25.579715-0700 Bridget[14371:251689] [PathEnumeration] Selected algorithm: dfs
2025-09-06 20:18:25.579792-0700 Bridget[14371:251689] [PathEnumeration] DFS: Shortest path time: infs
2025-09-06 20:18:25.579855-0700 Bridget[14371:251689] [PathEnumeration] DFS: Found 0 paths from B to D
2025-09-06 20:18:25.580032-0700 Bridget[14371:251689] [PathEnumeration] Enumerating paths from B to D using dfs
2025-09-06 20:18:25.580080-0700 Bridget[14371:251689] [PathEnumeration] Selected algorithm: dfs
2025-09-06 20:18:25.580123-0700 Bridget[14371:251689] [PathEnumeration] DFS: Shortest path time: infs
2025-09-06 20:18:25.580306-0700 Bridget[14371:251689] [PathEnumeration] DFS: Found 0 paths from B to D
2025-09-06 20:18:25.580343-0700 Bridget[14371:251689] [PathEnumeration] Enumerating paths from C to A using dfs
2025-09-06 20:18:25.581573-0700 Bridget[14371:251689] [PathEnumeration] Selected algorithm: dfs
2025-09-06 20:18:25.581728-0700 Bridget[14371:251689] [PathEnumeration] DFS: Shortest path time: infs
2025-09-06 20:18:25.581894-0700 Bridget[14371:251689] [PathEnumeration] DFS: Found 0 paths from C to A
2025-09-06 20:18:25.582049-0700 Bridget[14371:251689] [PathEnumeration] Enumerating paths from C to A using dfs
2025-09-06 20:18:25.582108-0700 Bridget[14371:251689] [PathEnumeration] Selected algorithm: dfs
2025-09-06 20:18:25.582267-0700 Bridget[14371:251689] [PathEnumeration] DFS: Shortest path time: infs
2025-09-06 20:18:25.582350-0700 Bridget[14371:251689] [PathEnumeration] DFS: Found 0 paths from C to A
2025-09-06 20:18:25.582440-0700 Bridget[14371:251689] [PathEnumeration] Enumerating paths from C to B using dfs
2025-09-06 20:18:25.582592-0700 Bridget[14371:251689] [PathEnumeration] Selected algorithm: dfs
2025-09-06 20:18:25.582731-0700 Bridget[14371:251689] [PathEnumeration] DFS: Shortest path time: infs
2025-09-06 20:18:25.582802-0700 Bridget[14371:251689] [PathEnumeration] DFS: Found 0 paths from C to B
2025-09-06 20:18:25.585391-0700 Bridget[14371:251689] [PathEnumeration] Enumerating paths from C to B using dfs
2025-09-06 20:18:25.585579-0700 Bridget[14371:251689] [PathEnumeration] Selected algorithm: dfs
2025-09-06 20:18:25.585780-0700 Bridget[14371:251689] [PathEnumeration] DFS: Shortest path time: infs
2025-09-06 20:18:25.585874-0700 Bridget[14371:251689] [PathEnumeration] DFS: Found 0 paths from C to B
2025-09-06 20:18:25.585931-0700 Bridget[14371:251689] [PathEnumeration] Enumerating paths from C to D using dfs
2025-09-06 20:18:25.586019-0700 Bridget[14371:251689] [PathEnumeration] Selected algorithm: dfs
2025-09-06 20:18:25.586085-0700 Bridget[14371:251689] [PathEnumeration] DFS: Shortest path time: infs
2025-09-06 20:18:25.586245-0700 Bridget[14371:251689] [PathEnumeration] DFS: Found 0 paths from C to D
2025-09-06 20:18:25.586393-0700 Bridget[14371:251689] [PathEnumeration] Enumerating paths from C to D using dfs
◇ Test "Seattle dataset bridge ID list loads and counts match" started.
2025-09-06 20:18:25.645638-0700 Bridget[14371:251689] [PathEnumeration] Selected algorithm: dfs
2025-09-06 20:18:25.645724-0700 Bridget[14371:251689] [PathEnumeration] DFS: Shortest path time: infs
2025-09-06 20:18:25.645787-0700 Bridget[14371:251689] [PathEnumeration] DFS: Found 0 paths from C to D
2025-09-06 20:18:25.645860-0700 Bridget[14371:251689] [PathEnumeration] Enumerating paths from D to A using dfs
2025-09-06 20:18:25.645898-0700 Bridget[14371:251689] [PathEnumeration] Selected algorithm: dfs
2025-09-06 20:18:25.645952-0700 Bridget[14371:251689] [PathEnumeration] DFS: Shortest path time: infs
2025-09-06 20:18:25.646032-0700 Bridget[14371:251689] [PathEnumeration] DFS: Found 0 paths from D to A
2025-09-06 20:18:25.646163-0700 Bridget[14371:251689] [PathEnumeration] Enumerating paths from D to A using dfs
2025-09-06 20:18:25.646242-0700 Bridget[14371:251689] [PathEnumeration] Selected algorithm: dfs
2025-09-06 20:18:25.646582-0700 Bridget[14371:251689] [PathEnumeration] DFS: Shortest path time: infs
2025-09-06 20:18:25.646620-0700 Bridget[14371:251689] [PathEnumeration] DFS: Found 0 paths from D to A
2025-09-06 20:18:25.646699-0700 Bridget[14371:251689] [PathEnumeration] Enumerating paths from D to B using dfs
◇ Test "Memory stability across repeated enumeration + scoring (Phase 1 fixture)" started.
2025-09-06 20:18:25.646874-0700 Bridget[14371:251689] [PathEnumeration] Selected algorithm: dfs
2025-09-06 20:18:25.647077-0700 Bridget[14371:251689] [PathEnumeration] DFS: Shortest path time: infs
2025-09-06 20:18:25.647195-0700 Bridget[14371:251689] [PathEnumeration] DFS: Found 0 paths from D to B
2025-09-06 20:18:25.647281-0700 Bridget[14371:251689] [PathEnumeration] Enumerating paths from D to B using dfs
◇ Test "Monitoring service should generate alerts for low success rate" started.
◇ Test "Monitoring service should get all bridge IDs" started.
◇ Test "TimeRange convenience properties should work correctly" started.
2025-09-06 20:18:25.647390-0700 Bridget[14371:251689] [PathEnumeration] Selected algorithm: dfs
2025-09-06 20:18:25.647480-0700 Bridget[14371:251689] [PathEnumeration] DFS: Shortest path time: infs
2025-09-06 20:18:25.647553-0700 Bridget[14371:251689] [PathEnumeration] DFS: Found 0 paths from D to B
2025-09-06 20:18:25.647590-0700 Bridget[14371:251689] [PathEnumeration] Enumerating paths from D to C using dfs
2025-09-06 20:18:25.647623-0700 Bridget[14371:251689] [PathEnumeration] Selected algorithm: dfs
2025-09-06 20:18:25.647664-0700 Bridget[14371:251689] [PathEnumeration] DFS: Shortest path time: 150.000000s
2025-09-06 20:18:25.647716-0700 Bridget[14371:251689] [PathEnumeration] DFS: Found 1 paths from D to C
2025-09-06 20:18:25.647753-0700 Bridget[14371:251689] [PathEnumeration] Enumerating paths from D to C using dfs
2025-09-06 20:18:25.647785-0700 Bridget[14371:251689] [PathEnumeration] Selected algorithm: dfs
2025-09-06 20:18:25.647825-0700 Bridget[14371:251689] [PathEnumeration] DFS: Shortest path time: 150.000000s
2025-09-06 20:18:25.647939-0700 Bridget[14371:251689] [PathEnumeration] DFS: Found 1 paths from D to C
2025-09-06 20:18:25.647999-0700 Bridget[14371:251689] [PathEnumeration] Enumerating paths from A to B using dfs
2025-09-06 20:18:25.648028-0700 Bridget[14371:251689] [PathEnumeration] Selected algorithm: dfs
2025-09-06 20:18:25.648160-0700 Bridget[14371:251689] [PathEnumeration] DFS: Shortest path time: 300.000000s
2025-09-06 20:18:25.648258-0700 Bridget[14371:251689] [PathEnumeration] DFS: Found 1 paths from A to B
2025-09-06 20:18:25.648395-0700 Bridget[14371:251689] [PathEnumeration] Enumerating paths from A to B using dfs
2025-09-06 20:18:25.648502-0700 Bridget[14371:251689] [PathEnumeration] Selected algorithm: dfs
2025-09-06 20:18:25.648580-0700 Bridget[14371:251689] [PathEnumeration] DFS: Shortest path time: 300.000000s
2025-09-06 20:18:25.648621-0700 Bridget[14371:251689] [PathEnumeration] DFS: Found 1 paths from A to B
2025-09-06 20:18:25.648708-0700 Bridget[14371:251689] [PathEnumeration] Enumerating paths from A to C using dfs
2025-09-06 20:18:25.648768-0700 Bridget[14371:251689] [PathEnumeration] Selected algorithm: dfs
◇ Test "Monitoring service should clear old events" started.
◇ Test "Monitoring service should record successful transformation events" started.
◇ Test "AlertType should have correct descriptions" started.
◇ Test "Monitoring service should record failed transformation events" started.
2025-09-06 20:18:25.648899-0700 Bridget[14371:251689] [PathEnumeration] DFS: Shortest path time: 500.000000s
2025-09-06 20:18:25.650874-0700 Bridget[14371:251689] [PathEnumeration] DFS: Found 2 paths from A to C
2025-09-06 20:18:25.650950-0700 Bridget[14371:251689] [PathEnumeration] Enumerating paths from A to C using dfs
2025-09-06 20:18:25.651064-0700 Bridget[14371:251689] [PathEnumeration] Selected algorithm: dfs
2025-09-06 20:18:25.651311-0700 Bridget[14371:251689] [PathEnumeration] DFS: Shortest path time: 500.000000s
2025-09-06 20:18:25.651465-0700 Bridget[14371:251689] [PathEnumeration] DFS: Found 2 paths from A to C
2025-09-06 20:18:25.651697-0700 Bridget[14371:251689] [PathEnumeration] Enumerating paths from A to D using dfs
2025-09-06 20:18:25.651843-0700 Bridget[14371:251689] [PathEnumeration] Selected algorithm: dfs
2025-09-06 20:18:25.652106-0700 Bridget[14371:251689] [PathEnumeration] DFS: Shortest path time: 400.000000s
2025-09-06 20:18:25.652217-0700 Bridget[14371:251689] [PathEnumeration] DFS: Found 1 paths from A to D
2025-09-06 20:18:25.652340-0700 Bridget[14371:251689] [PathEnumeration] Enumerating paths from A to D using dfs
2025-09-06 20:18:25.652406-0700 Bridget[14371:251689] [PathEnumeration] Selected algorithm: dfs
2025-09-06 20:18:25.652495-0700 Bridget[14371:251689] [PathEnumeration] DFS: Shortest path time: 400.000000s
2025-09-06 20:18:25.652573-0700 Bridget[14371:251689] [PathEnumeration] DFS: Found 1 paths from A to D
2025-09-06 20:18:25.652676-0700 Bridget[14371:251689] [PathEnumeration] Enumerating paths from B to A using dfs
2025-09-06 20:18:25.652830-0700 Bridget[14371:251689] [PathEnumeration] Selected algorithm: dfs
2025-09-06 20:18:25.652885-0700 Bridget[14371:251689] [PathEnumeration] DFS: Shortest path time: infs
2025-09-06 20:18:25.652956-0700 Bridget[14371:251689] [PathEnumeration] DFS: Found 0 paths from B to A
2025-09-06 20:18:25.652998-0700 Bridget[14371:251689] [PathEnumeration] Enumerating paths from B to A using dfs
2025-09-06 20:18:25.653096-0700 Bridget[14371:251689] [PathEnumeration] Selected algorithm: dfs
2025-09-06 20:18:25.653223-0700 Bridget[14371:251689] [PathEnumeration] DFS: Shortest path time: infs
2025-09-06 20:18:25.653334-0700 Bridget[14371:251689] [PathEnumeration] DFS: Found 0 paths from B to A
2025-09-06 20:18:25.653470-0700 Bridget[14371:251689] [PathEnumeration] Enumerating paths from B to C using dfs
2025-09-06 20:18:25.653552-0700 Bridget[14371:251689] [PathEnumeration] Selected algorithm: dfs
2025-09-06 20:18:25.653598-0700 Bridget[14371:251689] [PathEnumeration] DFS: Shortest path time: 200.000000s
2025-09-06 20:18:25.654612-0700 Bridget[14371:251689] [PathEnumeration] DFS: Found 1 paths from B to C
2025-09-06 20:18:25.654664-0700 Bridget[14371:251689] [PathEnumeration] Enumerating paths from B to C using dfs
2025-09-06 20:18:25.654708-0700 Bridget[14371:251689] [PathEnumeration] Selected algorithm: dfs
2025-09-06 20:18:25.654764-0700 Bridget[14371:251689] [PathEnumeration] DFS: Shortest path time: 200.000000s
2025-09-06 20:18:25.655134-0700 Bridget[14371:251689] [PathEnumeration] DFS: Found 1 paths from B to C
2025-09-06 20:18:25.655278-0700 Bridget[14371:251689] [PathEnumeration] Enumerating paths from B to D using dfs
2025-09-06 20:18:25.655382-0700 Bridget[14371:251689] [PathEnumeration] Selected algorithm: dfs
2025-09-06 20:18:25.655501-0700 Bridget[14371:251689] [PathEnumeration] DFS: Shortest path time: infs
2025-09-06 20:18:25.655639-0700 Bridget[14371:251689] [PathEnumeration] DFS: Found 0 paths from B to D
2025-09-06 20:18:25.655741-0700 Bridget[14371:251689] [PathEnumeration] Enumerating paths from B to D using dfs
2025-09-06 20:18:25.655949-0700 Bridget[14371:251689] [PathEnumeration] Selected algorithm: dfs
2025-09-06 20:18:25.656009-0700 Bridget[14371:251689] [PathEnumeration] DFS: Shortest path time: infs
2025-09-06 20:18:25.656071-0700 Bridget[14371:251689] [PathEnumeration] DFS: Found 0 paths from B to D
2025-09-06 20:18:25.656248-0700 Bridget[14371:251689] [PathEnumeration] Enumerating paths from C to A using dfs
2025-09-06 20:18:25.656384-0700 Bridget[14371:251689] [PathEnumeration] Selected algorithm: dfs
2025-09-06 20:18:25.656491-0700 Bridget[14371:251689] [PathEnumeration] DFS: Shortest path time: infs
2025-09-06 20:18:25.656563-0700 Bridget[14371:251689] [PathEnumeration] DFS: Found 0 paths from C to A
2025-09-06 20:18:25.656594-0700 Bridget[14371:251689] [PathEnumeration] Enumerating paths from C to A using dfs
2025-09-06 20:18:25.656650-0700 Bridget[14371:251689] [PathEnumeration] Selected algorithm: dfs
2025-09-06 20:18:25.656784-0700 Bridget[14371:251689] [PathEnumeration] DFS: Shortest path time: infs
2025-09-06 20:18:25.657037-0700 Bridget[14371:251689] [PathEnumeration] DFS: Found 0 paths from C to A
2025-09-06 20:18:25.657112-0700 Bridget[14371:251689] [PathEnumeration] Enumerating paths from C to B using dfs
2025-09-06 20:18:25.657186-0700 Bridget[14371:251689] [PathEnumeration] Selected algorithm: dfs
2025-09-06 20:18:25.657297-0700 Bridget[14371:251689] [PathEnumeration] DFS: Shortest path time: infs
2025-09-06 20:18:25.657421-0700 Bridget[14371:251689] [PathEnumeration] DFS: Found 0 paths from C to B
2025-09-06 20:18:25.657555-0700 Bridget[14371:251689] [PathEnumeration] Enumerating paths from C to B using dfs
2025-09-06 20:18:25.657607-0700 Bridget[14371:251689] [PathEnumeration] Selected algorithm: dfs
2025-09-06 20:18:25.657667-0700 Bridget[14371:251689] [PathEnumeration] DFS: Shortest path time: infs
2025-09-06 20:18:25.657768-0700 Bridget[14371:251689] [PathEnumeration] DFS: Found 0 paths from C to B
2025-09-06 20:18:25.657825-0700 Bridget[14371:251689] [PathEnumeration] Enumerating paths from C to D using dfs
2025-09-06 20:18:25.657933-0700 Bridget[14371:251689] [PathEnumeration] Selected algorithm: dfs
2025-09-06 20:18:25.658006-0700 Bridget[14371:251689] [PathEnumeration] DFS: Shortest path time: infs
2025-09-06 20:18:25.658146-0700 Bridget[14371:251689] [PathEnumeration] DFS: Found 0 paths from C to D
2025-09-06 20:18:25.658287-0700 Bridget[14371:251689] [PathEnumeration] Enumerating paths from C to D using dfs
2025-09-06 20:18:25.658391-0700 Bridget[14371:251689] [PathEnumeration] Selected algorithm: dfs
2025-09-06 20:18:25.658560-0700 Bridget[14371:251689] [PathEnumeration] DFS: Shortest path time: infs
2025-09-06 20:18:25.658616-0700 Bridget[14371:251689] [PathEnumeration] DFS: Found 0 paths from C to D
2025-09-06 20:18:25.658710-0700 Bridget[14371:251689] [PathEnumeration] Enumerating paths from D to A using dfs
2025-09-06 20:18:25.658799-0700 Bridget[14371:251689] [PathEnumeration] Selected algorithm: dfs
2025-09-06 20:18:25.658844-0700 Bridget[14371:251689] [PathEnumeration] DFS: Shortest path time: infs
2025-09-06 20:18:25.658970-0700 Bridget[14371:251689] [PathEnumeration] DFS: Found 0 paths from D to A
2025-09-06 20:18:25.659040-0700 Bridget[14371:251689] [PathEnumeration] Enumerating paths from D to A using dfs
2025-09-06 20:18:25.659122-0700 Bridget[14371:251689] [PathEnumeration] Selected algorithm: dfs
2025-09-06 20:18:25.659188-0700 Bridget[14371:251689] [PathEnumeration] DFS: Shortest path time: infs
2025-09-06 20:18:25.659300-0700 Bridget[14371:251689] [PathEnumeration] DFS: Found 0 paths from D to A
2025-09-06 20:18:25.659418-0700 Bridget[14371:251689] [PathEnumeration] Enumerating paths from D to B using dfs
2025-09-06 20:18:25.659450-0700 Bridget[14371:251689] [PathEnumeration] Selected algorithm: dfs
2025-09-06 20:18:25.659530-0700 Bridget[14371:251689] [PathEnumeration] DFS: Shortest path time: infs
2025-09-06 20:18:25.659777-0700 Bridget[14371:251689] [PathEnumeration] DFS: Found 0 paths from D to B
2025-09-06 20:18:25.659864-0700 Bridget[14371:251689] [PathEnumeration] Enumerating paths from D to B using dfs
2025-09-06 20:18:25.659897-0700 Bridget[14371:251689] [PathEnumeration] Selected algorithm: dfs
2025-09-06 20:18:25.659965-0700 Bridget[14371:251689] [PathEnumeration] DFS: Shortest path time: infs
2025-09-06 20:18:25.660054-0700 Bridget[14371:251689] [PathEnumeration] DFS: Found 0 paths from D to B
2025-09-06 20:18:25.660119-0700 Bridget[14371:251689] [PathEnumeration] Enumerating paths from D to C using dfs
2025-09-06 20:18:25.660290-0700 Bridget[14371:251689] [PathEnumeration] Selected algorithm: dfs
2025-09-06 20:18:25.660339-0700 Bridget[14371:251689] [PathEnumeration] DFS: Shortest path time: 150.000000s
2025-09-06 20:18:25.660432-0700 Bridget[14371:251689] [PathEnumeration] DFS: Found 1 paths from D to C
2025-09-06 20:18:25.660551-0700 Bridget[14371:251689] [PathEnumeration] Enumerating paths from D to C using dfs
2025-09-06 20:18:25.660611-0700 Bridget[14371:251689] [PathEnumeration] Selected algorithm: dfs
2025-09-06 20:18:25.660702-0700 Bridget[14371:251689] [PathEnumeration] DFS: Shortest path time: 150.000000s
2025-09-06 20:18:25.660812-0700 Bridget[14371:251689] [PathEnumeration] DFS: Found 1 paths from D to C
2025-09-06 20:18:25.660874-0700 Bridget[14371:251689] [PathEnumeration] Enumerating paths from A to B using dfs
2025-09-06 20:18:25.661941-0700 Bridget[14371:251689] [PathEnumeration] Selected algorithm: dfs
2025-09-06 20:18:25.661984-0700 Bridget[14371:251689] [PathEnumeration] DFS: Shortest path time: 300.000000s
2025-09-06 20:18:25.662088-0700 Bridget[14371:251689] [PathEnumeration] DFS: Found 1 paths from A to B
2025-09-06 20:18:25.662329-0700 Bridget[14371:251689] [PathEnumeration] Enumerating paths from A to B using dfs
2025-09-06 20:18:25.662545-0700 Bridget[14371:251689] [PathEnumeration] Selected algorithm: dfs
2025-09-06 20:18:25.662667-0700 Bridget[14371:251689] [PathEnumeration] DFS: Shortest path time: 300.000000s
2025-09-06 20:18:25.662793-0700 Bridget[14371:251689] [PathEnumeration] DFS: Found 1 paths from A to B
2025-09-06 20:18:25.662840-0700 Bridget[14371:251689] [PathEnumeration] Enumerating paths from A to C using dfs
2025-09-06 20:18:25.662874-0700 Bridget[14371:251689] [PathEnumeration] Selected algorithm: dfs
2025-09-06 20:18:25.662940-0700 Bridget[14371:251689] [PathEnumeration] DFS: Shortest path time: 500.000000s
2025-09-06 20:18:25.674838-0700 Bridget[14371:251689] [PathEnumeration] DFS: Found 2 paths from A to C
2025-09-06 20:18:25.674884-0700 Bridget[14371:251689] [PathEnumeration] Enumerating paths from A to C using dfs
2025-09-06 20:18:25.674927-0700 Bridget[14371:251689] [PathEnumeration] Selected algorithm: dfs
2025-09-06 20:18:25.675013-0700 Bridget[14371:251689] [PathEnumeration] DFS: Shortest path time: 500.000000s
2025-09-06 20:18:25.675203-0700 Bridget[14371:251689] [PathEnumeration] DFS: Found 2 paths from A to C
2025-09-06 20:18:25.675277-0700 Bridget[14371:251689] [PathEnumeration] Enumerating paths from A to D using dfs
2025-09-06 20:18:25.675339-0700 Bridget[14371:251689] [PathEnumeration] Selected algorithm: dfs
2025-09-06 20:18:25.675421-0700 Bridget[14371:251689] [PathEnumeration] DFS: Shortest path time: 400.000000s
2025-09-06 20:18:25.675477-0700 Bridget[14371:251689] [PathEnumeration] DFS: Found 1 paths from A to D
2025-09-06 20:18:25.675513-0700 Bridget[14371:251689] [PathEnumeration] Enumerating paths from A to D using dfs
2025-09-06 20:18:25.675544-0700 Bridget[14371:251689] [PathEnumeration] Selected algorithm: dfs
2025-09-06 20:18:25.676552-0700 Bridget[14371:251689] [PathEnumeration] DFS: Shortest path time: 400.000000s
2025-09-06 20:18:25.676588-0700 Bridget[14371:251689] [PathEnumeration] DFS: Found 1 paths from A to D
2025-09-06 20:18:25.676675-0700 Bridget[14371:251689] [PathEnumeration] Enumerating paths from B to A using dfs
2025-09-06 20:18:25.676775-0700 Bridget[14371:251689] [PathEnumeration] Selected algorithm: dfs
2025-09-06 20:18:25.676813-0700 Bridget[14371:251689] [PathEnumeration] DFS: Shortest path time: infs
2025-09-06 20:18:25.676854-0700 Bridget[14371:251689] [PathEnumeration] DFS: Found 0 paths from B to A
2025-09-06 20:18:25.676902-0700 Bridget[14371:251689] [PathEnumeration] Enumerating paths from B to A using dfs
2025-09-06 20:18:25.676969-0700 Bridget[14371:251689] [PathEnumeration] Selected algorithm: dfs
2025-09-06 20:18:25.677098-0700 Bridget[14371:251689] [PathEnumeration] DFS: Shortest path time: infs
2025-09-06 20:18:25.677199-0700 Bridget[14371:251689] [PathEnumeration] DFS: Found 0 paths from B to A
2025-09-06 20:18:25.677369-0700 Bridget[14371:251689] [PathEnumeration] Enumerating paths from B to C using dfs
2025-09-06 20:18:25.677439-0700 Bridget[14371:251689] [PathEnumeration] Selected algorithm: dfs
2025-09-06 20:18:25.677569-0700 Bridget[14371:251689] [PathEnumeration] DFS: Shortest path time: 200.000000s
2025-09-06 20:18:25.677608-0700 Bridget[14371:251689] [PathEnumeration] DFS: Found 1 paths from B to C
2025-09-06 20:18:25.677671-0700 Bridget[14371:251689] [PathEnumeration] Enumerating paths from B to C using dfs
2025-09-06 20:18:25.677722-0700 Bridget[14371:251689] [PathEnumeration] Selected algorithm: dfs
2025-09-06 20:18:25.677761-0700 Bridget[14371:251689] [PathEnumeration] DFS: Shortest path time: 200.000000s
2025-09-06 20:18:25.677795-0700 Bridget[14371:251689] [PathEnumeration] DFS: Found 1 paths from B to C
2025-09-06 20:18:25.677825-0700 Bridget[14371:251689] [PathEnumeration] Enumerating paths from B to D using dfs
2025-09-06 20:18:25.677857-0700 Bridget[14371:251689] [PathEnumeration] Selected algorithm: dfs
2025-09-06 20:18:25.677896-0700 Bridget[14371:251689] [PathEnumeration] DFS: Shortest path time: infs
2025-09-06 20:18:25.677982-0700 Bridget[14371:251689] [PathEnumeration] DFS: Found 0 paths from B to D
2025-09-06 20:18:25.678029-0700 Bridget[14371:251689] [PathEnumeration] Enumerating paths from B to D using dfs
2025-09-06 20:18:25.678289-0700 Bridget[14371:251689] [PathEnumeration] Selected algorithm: dfs
2025-09-06 20:18:25.678323-0700 Bridget[14371:251689] [PathEnumeration] DFS: Shortest path time: infs
2025-09-06 20:18:25.678420-0700 Bridget[14371:251689] [PathEnumeration] DFS: Found 0 paths from B to D
2025-09-06 20:18:25.678585-0700 Bridget[14371:251689] [PathEnumeration] Enumerating paths from C to A using dfs
2025-09-06 20:18:25.678762-0700 Bridget[14371:251689] [PathEnumeration] Selected algorithm: dfs
2025-09-06 20:18:25.678905-0700 Bridget[14371:251689] [PathEnumeration] DFS: Shortest path time: infs
2025-09-06 20:18:25.679007-0700 Bridget[14371:251689] [PathEnumeration] DFS: Found 0 paths from C to A
2025-09-06 20:18:25.679093-0700 Bridget[14371:251689] [PathEnumeration] Enumerating paths from C to A using dfs
2025-09-06 20:18:25.679211-0700 Bridget[14371:251689] [PathEnumeration] Selected algorithm: dfs
2025-09-06 20:18:25.679321-0700 Bridget[14371:251689] [PathEnumeration] DFS: Shortest path time: infs
2025-09-06 20:18:25.679453-0700 Bridget[14371:251689] [PathEnumeration] DFS: Found 0 paths from C to A
2025-09-06 20:18:25.679526-0700 Bridget[14371:251689] [PathEnumeration] Enumerating paths from C to B using dfs
2025-09-06 20:18:25.679635-0700 Bridget[14371:251689] [PathEnumeration] Selected algorithm: dfs
2025-09-06 20:18:25.679764-0700 Bridget[14371:251689] [PathEnumeration] DFS: Shortest path time: infs
2025-09-06 20:18:25.679849-0700 Bridget[14371:251689] [PathEnumeration] DFS: Found 0 paths from C to B
2025-09-06 20:18:25.679925-0700 Bridget[14371:251689] [PathEnumeration] Enumerating paths from C to B using dfs
2025-09-06 20:18:25.680191-0700 Bridget[14371:251689] [PathEnumeration] Selected algorithm: dfs
2025-09-06 20:18:25.680272-0700 Bridget[14371:251689] [PathEnumeration] DFS: Shortest path time: infs
2025-09-06 20:18:25.680377-0700 Bridget[14371:251689] [PathEnumeration] DFS: Found 0 paths from C to B
2025-09-06 20:18:25.680471-0700 Bridget[14371:251689] [PathEnumeration] Enumerating paths from C to D using dfs
2025-09-06 20:18:25.680526-0700 Bridget[14371:251689] [PathEnumeration] Selected algorithm: dfs
2025-09-06 20:18:25.680687-0700 Bridget[14371:251689] [PathEnumeration] DFS: Shortest path time: infs
2025-09-06 20:18:25.680727-0700 Bridget[14371:251689] [PathEnumeration] DFS: Found 0 paths from C to D
2025-09-06 20:18:25.680799-0700 Bridget[14371:251689] [PathEnumeration] Enumerating paths from C to D using dfs
2025-09-06 20:18:25.680904-0700 Bridget[14371:251689] [PathEnumeration] Selected algorithm: dfs
2025-09-06 20:18:25.680987-0700 Bridget[14371:251689] [PathEnumeration] DFS: Shortest path time: infs
2025-09-06 20:18:25.681051-0700 Bridget[14371:251689] [PathEnumeration] DFS: Found 0 paths from C to D
2025-09-06 20:18:25.681138-0700 Bridget[14371:251689] [PathEnumeration] Enumerating paths from D to A using dfs
2025-09-06 20:18:25.681202-0700 Bridget[14371:251689] [PathEnumeration] Selected algorithm: dfs
2025-09-06 20:18:25.681341-0700 Bridget[14371:251689] [PathEnumeration] DFS: Shortest path time: infs
2025-09-06 20:18:25.681455-0700 Bridget[14371:251689] [PathEnumeration] DFS: Found 0 paths from D to A
2025-09-06 20:18:25.681590-0700 Bridget[14371:251689] [PathEnumeration] Enumerating paths from D to A using dfs
2025-09-06 20:18:25.681658-0700 Bridget[14371:251689] [PathEnumeration] Selected algorithm: dfs
2025-09-06 20:18:25.681716-0700 Bridget[14371:251689] [PathEnumeration] DFS: Shortest path time: infs
2025-09-06 20:18:25.681748-0700 Bridget[14371:251689] [PathEnumeration] DFS: Found 0 paths from D to A
2025-09-06 20:18:25.681776-0700 Bridget[14371:251689] [PathEnumeration] Enumerating paths from D to B using dfs
2025-09-06 20:18:25.681802-0700 Bridget[14371:251689] [PathEnumeration] Selected algorithm: dfs
2025-09-06 20:18:25.681888-0700 Bridget[14371:251689] [PathEnumeration] DFS: Shortest path time: infs
2025-09-06 20:18:25.681990-0700 Bridget[14371:251689] [PathEnumeration] DFS: Found 0 paths from D to B
2025-09-06 20:18:25.682069-0700 Bridget[14371:251689] [PathEnumeration] Enumerating paths from D to B using dfs
2025-09-06 20:18:25.682102-0700 Bridget[14371:251689] [PathEnumeration] Selected algorithm: dfs
2025-09-06 20:18:25.682184-0700 Bridget[14371:251689] [PathEnumeration] DFS: Shortest path time: infs
2025-09-06 20:18:25.682345-0700 Bridget[14371:251689] [PathEnumeration] DFS: Found 0 paths from D to B
2025-09-06 20:18:25.682387-0700 Bridget[14371:251689] [PathEnumeration] Enumerating paths from D to C using dfs
2025-09-06 20:18:25.682457-0700 Bridget[14371:251689] [PathEnumeration] Selected algorithm: dfs
2025-09-06 20:18:25.682734-0700 Bridget[14371:251689] [PathEnumeration] DFS: Shortest path time: 150.000000s
2025-09-06 20:18:25.682773-0700 Bridget[14371:251689] [PathEnumeration] DFS: Found 1 paths from D to C
2025-09-06 20:18:25.682803-0700 Bridget[14371:251689] [PathEnumeration] Enumerating paths from D to C using dfs
2025-09-06 20:18:25.682904-0700 Bridget[14371:251689] [PathEnumeration] Selected algorithm: dfs
2025-09-06 20:18:25.682995-0700 Bridget[14371:251689] [PathEnumeration] DFS: Shortest path time: 150.000000s
2025-09-06 20:18:25.683040-0700 Bridget[14371:251689] [PathEnumeration] DFS: Found 1 paths from D to C
2025-09-06 20:18:25.683119-0700 Bridget[14371:251689] [PathEnumeration] Enumerating paths from A to B using dfs
2025-09-06 20:18:25.683221-0700 Bridget[14371:251689] [PathEnumeration] Selected algorithm: dfs
2025-09-06 20:18:25.683328-0700 Bridget[14371:251689] [PathEnumeration] DFS: Shortest path time: 300.000000s
2025-09-06 20:18:25.683386-0700 Bridget[14371:251689] [PathEnumeration] DFS: Found 1 paths from A to B
2025-09-06 20:18:25.683524-0700 Bridget[14371:251689] [PathEnumeration] Enumerating paths from A to B using dfs
2025-09-06 20:18:25.683649-0700 Bridget[14371:251689] [PathEnumeration] Selected algorithm: dfs
2025-09-06 20:18:25.683692-0700 Bridget[14371:251689] [PathEnumeration] DFS: Shortest path time: 300.000000s
2025-09-06 20:18:25.683726-0700 Bridget[14371:251689] [PathEnumeration] DFS: Found 1 paths from A to B
2025-09-06 20:18:25.683796-0700 Bridget[14371:251689] [PathEnumeration] Enumerating paths from A to C using dfs
2025-09-06 20:18:25.683821-0700 Bridget[14371:251689] [PathEnumeration] Selected algorithm: dfs
2025-09-06 20:18:25.683865-0700 Bridget[14371:251689] [PathEnumeration] DFS: Shortest path time: 250.000000s
2025-09-06 20:18:25.683957-0700 Bridget[14371:251689] [PathEnumeration] DFS: Found 1 paths from A to C
2025-09-06 20:18:25.683995-0700 Bridget[14371:251689] [PathEnumeration] Enumerating paths from A to C using dfs
2025-09-06 20:18:25.684027-0700 Bridget[14371:251689] [PathEnumeration] Selected algorithm: dfs
2025-09-06 20:18:25.684068-0700 Bridget[14371:251689] [PathEnumeration] DFS: Shortest path time: 250.000000s
2025-09-06 20:18:25.684115-0700 Bridget[14371:251689] [PathEnumeration] DFS: Found 1 paths from A to C
2025-09-06 20:18:25.684190-0700 Bridget[14371:251689] [PathEnumeration] Enumerating paths from A to D using dfs
2025-09-06 20:18:25.684280-0700 Bridget[14371:251689] [PathEnumeration] Selected algorithm: dfs
2025-09-06 20:18:25.684395-0700 Bridget[14371:251689] [PathEnumeration] DFS: Shortest path time: 500.000000s
2025-09-06 20:18:25.684498-0700 Bridget[14371:251689] [PathEnumeration] DFS: Found 4 paths from A to D
2025-09-06 20:18:25.684535-0700 Bridget[14371:251689] [PathEnumeration] Enumerating paths from A to D using dfs
2025-09-06 20:18:25.684679-0700 Bridget[14371:251689] [PathEnumeration] Selected algorithm: dfs
2025-09-06 20:18:25.684769-0700 Bridget[14371:251689] [PathEnumeration] DFS: Shortest path time: 500.000000s
2025-09-06 20:18:25.684882-0700 Bridget[14371:251689] [PathEnumeration] DFS: Found 4 paths from A to D
2025-09-06 20:18:25.685034-0700 Bridget[14371:251689] [PathEnumeration] Enumerating paths from A to E using dfs
2025-09-06 20:18:25.685108-0700 Bridget[14371:251689] [PathEnumeration] Selected algorithm: dfs
2025-09-06 20:18:25.685184-0700 Bridget[14371:251689] [PathEnumeration] DFS: Shortest path time: 200.000000s
2025-09-06 20:18:25.685266-0700 Bridget[14371:251689] [PathEnumeration] DFS: Found 1 paths from A to E
2025-09-06 20:18:25.685385-0700 Bridget[14371:251689] [PathEnumeration] Enumerating paths from A to E using dfs
2025-09-06 20:18:25.685477-0700 Bridget[14371:251689] [PathEnumeration] Selected algorithm: dfs
2025-09-06 20:18:25.685565-0700 Bridget[14371:251689] [PathEnumeration] DFS: Shortest path time: 200.000000s
2025-09-06 20:18:25.685603-0700 Bridget[14371:251689] [PathEnumeration] DFS: Found 1 paths from A to E
2025-09-06 20:18:25.685640-0700 Bridget[14371:251689] [PathEnumeration] Enumerating paths from B to A using dfs
2025-09-06 20:18:25.685679-0700 Bridget[14371:251689] [PathEnumeration] Selected algorithm: dfs
2025-09-06 20:18:25.685719-0700 Bridget[14371:251689] [PathEnumeration] DFS: Shortest path time: infs
2025-09-06 20:18:25.685752-0700 Bridget[14371:251689] [PathEnumeration] DFS: Found 0 paths from B to A
2025-09-06 20:18:25.685786-0700 Bridget[14371:251689] [PathEnumeration] Enumerating paths from B to A using dfs
2025-09-06 20:18:25.685828-0700 Bridget[14371:251689] [PathEnumeration] Selected algorithm: dfs
2025-09-06 20:18:25.685915-0700 Bridget[14371:251689] [PathEnumeration] DFS: Shortest path time: infs
2025-09-06 20:18:25.685965-0700 Bridget[14371:251689] [PathEnumeration] DFS: Found 0 paths from B to A
2025-09-06 20:18:25.686001-0700 Bridget[14371:251689] [PathEnumeration] Enumerating paths from B to C using dfs
2025-09-06 20:18:25.686097-0700 Bridget[14371:251689] [PathEnumeration] Selected algorithm: dfs
2025-09-06 20:18:25.686159-0700 Bridget[14371:251689] [PathEnumeration] DFS: Shortest path time: 100.000000s
2025-09-06 20:18:25.686218-0700 Bridget[14371:251689] [PathEnumeration] DFS: Found 1 paths from B to C
2025-09-06 20:18:25.686267-0700 Bridget[14371:251689] [PathEnumeration] Enumerating paths from B to C using dfs
2025-09-06 20:18:25.686323-0700 Bridget[14371:251689] [PathEnumeration] Selected algorithm: dfs
2025-09-06 20:18:25.686399-0700 Bridget[14371:251689] [PathEnumeration] DFS: Shortest path time: 100.000000s
2025-09-06 20:18:25.686457-0700 Bridget[14371:251689] [PathEnumeration] DFS: Found 1 paths from B to C
2025-09-06 20:18:25.686482-0700 Bridget[14371:251689] [PathEnumeration] Enumerating paths from B to D using dfs
2025-09-06 20:18:25.686610-0700 Bridget[14371:251689] [PathEnumeration] Selected algorithm: dfs
2025-09-06 20:18:25.686643-0700 Bridget[14371:251689] [PathEnumeration] DFS: Shortest path time: 200.000000s
2025-09-06 20:18:25.686792-0700 Bridget[14371:251689] [PathEnumeration] DFS: Found 1 paths from B to D
2025-09-06 20:18:25.686821-0700 Bridget[14371:251689] [PathEnumeration] Enumerating paths from B to D using dfs
2025-09-06 20:18:25.686845-0700 Bridget[14371:251689] [PathEnumeration] Selected algorithm: dfs
2025-09-06 20:18:25.686979-0700 Bridget[14371:251689] [PathEnumeration] DFS: Shortest path time: 200.000000s
2025-09-06 20:18:25.687070-0700 Bridget[14371:251689] [PathEnumeration] DFS: Found 1 paths from B to D
2025-09-06 20:18:25.687328-0700 Bridget[14371:251689] [PathEnumeration] Enumerating paths from B to E using dfs
2025-09-06 20:18:25.687359-0700 Bridget[14371:251689] [PathEnumeration] Selected algorithm: dfs
2025-09-06 20:18:25.687406-0700 Bridget[14371:251689] [PathEnumeration] DFS: Shortest path time: infs
2025-09-06 20:18:25.687443-0700 Bridget[14371:251689] [PathEnumeration] DFS: Found 0 paths from B to E
2025-09-06 20:18:25.687475-0700 Bridget[14371:251689] [PathEnumeration] Enumerating paths from B to E using dfs
2025-09-06 20:18:25.687514-0700 Bridget[14371:251689] [PathEnumeration] Selected algorithm: dfs
2025-09-06 20:18:25.687662-0700 Bridget[14371:251689] [PathEnumeration] DFS: Shortest path time: infs
2025-09-06 20:18:25.687691-0700 Bridget[14371:251689] [PathEnumeration] DFS: Found 0 paths from B to E
2025-09-06 20:18:25.687748-0700 Bridget[14371:251689] [PathEnumeration] Enumerating paths from C to A using dfs
2025-09-06 20:18:25.687882-0700 Bridget[14371:251689] [PathEnumeration] Selected algorithm: dfs
2025-09-06 20:18:25.688004-0700 Bridget[14371:251689] [PathEnumeration] DFS: Shortest path time: infs
2025-09-06 20:18:25.688083-0700 Bridget[14371:251689] [PathEnumeration] DFS: Found 0 paths from C to A
2025-09-06 20:18:25.688164-0700 Bridget[14371:251689] [PathEnumeration] Enumerating paths from C to A using dfs
2025-09-06 20:18:25.688235-0700 Bridget[14371:251689] [PathEnumeration] Selected algorithm: dfs
2025-09-06 20:18:25.688282-0700 Bridget[14371:251689] [PathEnumeration] DFS: Shortest path time: infs
2025-09-06 20:18:25.688354-0700 Bridget[14371:251689] [PathEnumeration] DFS: Found 0 paths from C to A
2025-09-06 20:18:25.688386-0700 Bridget[14371:251689] [PathEnumeration] Enumerating paths from C to B using dfs
2025-09-06 20:18:25.688459-0700 Bridget[14371:251689] [PathEnumeration] Selected algorithm: dfs
2025-09-06 20:18:25.688500-0700 Bridget[14371:251689] [PathEnumeration] DFS: Shortest path time: infs
2025-09-06 20:18:25.688566-0700 Bridget[14371:251689] [PathEnumeration] DFS: Found 0 paths from C to B
2025-09-06 20:18:25.688639-0700 Bridget[14371:251689] [PathEnumeration] Enumerating paths from C to B using dfs
2025-09-06 20:18:25.688665-0700 Bridget[14371:251689] [PathEnumeration] Selected algorithm: dfs
2025-09-06 20:18:25.688701-0700 Bridget[14371:251689] [PathEnumeration] DFS: Shortest path time: infs
2025-09-06 20:18:25.688738-0700 Bridget[14371:251689] [PathEnumeration] DFS: Found 0 paths from C to B
2025-09-06 20:18:25.688765-0700 Bridget[14371:251689] [PathEnumeration] Enumerating paths from C to D using dfs
2025-09-06 20:18:25.688805-0700 Bridget[14371:251689] [PathEnumeration] Selected algorithm: dfs
2025-09-06 20:18:25.688843-0700 Bridget[14371:251689] [PathEnumeration] DFS: Shortest path time: 300.000000s
2025-09-06 20:18:25.688917-0700 Bridget[14371:251689] [PathEnumeration] DFS: Found 1 paths from C to D
2025-09-06 20:18:25.688956-0700 Bridget[14371:251689] [PathEnumeration] Enumerating paths from C to D using dfs
2025-09-06 20:18:25.688996-0700 Bridget[14371:251689] [PathEnumeration] Selected algorithm: dfs
2025-09-06 20:18:25.689086-0700 Bridget[14371:251689] [PathEnumeration] DFS: Shortest path time: 300.000000s
2025-09-06 20:18:25.689150-0700 Bridget[14371:251689] [PathEnumeration] DFS: Found 1 paths from C to D
2025-09-06 20:18:25.689232-0700 Bridget[14371:251689] [PathEnumeration] Enumerating paths from C to E using dfs
2025-09-06 20:18:25.689287-0700 Bridget[14371:251689] [PathEnumeration] Selected algorithm: dfs
2025-09-06 20:18:25.689356-0700 Bridget[14371:251689] [PathEnumeration] DFS: Shortest path time: infs
2025-09-06 20:18:25.689426-0700 Bridget[14371:251689] [PathEnumeration] DFS: Found 0 paths from C to E
2025-09-06 20:18:25.689506-0700 Bridget[14371:251689] [PathEnumeration] Enumerating paths from C to E using dfs
2025-09-06 20:18:25.689578-0700 Bridget[14371:251689] [PathEnumeration] Selected algorithm: dfs
2025-09-06 20:18:25.689649-0700 Bridget[14371:251689] [PathEnumeration] DFS: Shortest path time: infs
2025-09-06 20:18:25.689684-0700 Bridget[14371:251689] [PathEnumeration] DFS: Found 0 paths from C to E
2025-09-06 20:18:25.689741-0700 Bridget[14371:251689] [PathEnumeration] Enumerating paths from D to A using dfs
2025-09-06 20:18:25.689774-0700 Bridget[14371:251689] [PathEnumeration] Selected algorithm: dfs
2025-09-06 20:18:25.689851-0700 Bridget[14371:251689] [PathEnumeration] DFS: Shortest path time: infs
2025-09-06 20:18:25.689960-0700 Bridget[14371:251689] [PathEnumeration] DFS: Found 0 paths from D to A
2025-09-06 20:18:25.690020-0700 Bridget[14371:251689] [PathEnumeration] Enumerating paths from D to A using dfs
2025-09-06 20:18:25.690110-0700 Bridget[14371:251689] [PathEnumeration] Selected algorithm: dfs
2025-09-06 20:18:25.690198-0700 Bridget[14371:251689] [PathEnumeration] DFS: Shortest path time: infs
2025-09-06 20:18:25.690265-0700 Bridget[14371:251689] [PathEnumeration] DFS: Found 0 paths from D to A
2025-09-06 20:18:25.690325-0700 Bridget[14371:251689] [PathEnumeration] Enumerating paths from D to B using dfs
2025-09-06 20:18:25.690417-0700 Bridget[14371:251689] [PathEnumeration] Selected algorithm: dfs
2025-09-06 20:18:25.690492-0700 Bridget[14371:251689] [PathEnumeration] DFS: Shortest path time: infs
2025-09-06 20:18:25.690537-0700 Bridget[14371:251689] [PathEnumeration] DFS: Found 0 paths from D to B
2025-09-06 20:18:25.690564-0700 Bridget[14371:251689] [PathEnumeration] Enumerating paths from D to B using dfs
2025-09-06 20:18:25.690706-0700 Bridget[14371:251689] [PathEnumeration] Selected algorithm: dfs
2025-09-06 20:18:25.690741-0700 Bridget[14371:251689] [PathEnumeration] DFS: Shortest path time: infs
2025-09-06 20:18:25.690814-0700 Bridget[14371:251689] [PathEnumeration] DFS: Found 0 paths from D to B
2025-09-06 20:18:25.690865-0700 Bridget[14371:251689] [PathEnumeration] Enumerating paths from D to C using dfs
2025-09-06 20:18:25.690971-0700 Bridget[14371:251689] [PathEnumeration] Selected algorithm: dfs
2025-09-06 20:18:25.691002-0700 Bridget[14371:251689] [PathEnumeration] DFS: Shortest path time: infs
2025-09-06 20:18:25.691041-0700 Bridget[14371:251689] [PathEnumeration] DFS: Found 0 paths from D to C
2025-09-06 20:18:25.691069-0700 Bridget[14371:251689] [PathEnumeration] Enumerating paths from D to C using dfs
2025-09-06 20:18:25.691126-0700 Bridget[14371:251689] [PathEnumeration] Selected algorithm: dfs
2025-09-06 20:18:25.691169-0700 Bridget[14371:251689] [PathEnumeration] DFS: Shortest path time: infs
2025-09-06 20:18:25.691224-0700 Bridget[14371:251689] [PathEnumeration] DFS: Found 0 paths from D to C
2025-09-06 20:18:25.691323-0700 Bridget[14371:251689] [PathEnumeration] Enumerating paths from D to E using dfs
2025-09-06 20:18:25.691425-0700 Bridget[14371:251689] [PathEnumeration] Selected algorithm: dfs
2025-09-06 20:18:25.691551-0700 Bridget[14371:251689] [PathEnumeration] DFS: Shortest path time: infs
2025-09-06 20:18:25.691645-0700 Bridget[14371:251689] [PathEnumeration] DFS: Found 0 paths from D to E
2025-09-06 20:18:25.691834-0700 Bridget[14371:251689] [PathEnumeration] Enumerating paths from D to E using dfs
2025-09-06 20:18:25.691911-0700 Bridget[14371:251689] [PathEnumeration] Selected algorithm: dfs
2025-09-06 20:18:25.691953-0700 Bridget[14371:251689] [PathEnumeration] DFS: Shortest path time: infs
2025-09-06 20:18:25.692007-0700 Bridget[14371:251689] [PathEnumeration] DFS: Found 0 paths from D to E
2025-09-06 20:18:25.692034-0700 Bridget[14371:251689] [PathEnumeration] Enumerating paths from E to A using dfs
2025-09-06 20:18:25.692097-0700 Bridget[14371:251689] [PathEnumeration] Selected algorithm: dfs
2025-09-06 20:18:25.692177-0700 Bridget[14371:251689] [PathEnumeration] DFS: Shortest path time: infs
2025-09-06 20:18:25.692260-0700 Bridget[14371:251689] [PathEnumeration] DFS: Found 0 paths from E to A
2025-09-06 20:18:25.692323-0700 Bridget[14371:251689] [PathEnumeration] Enumerating paths from E to A using dfs
2025-09-06 20:18:25.692402-0700 Bridget[14371:251689] [PathEnumeration] Selected algorithm: dfs
2025-09-06 20:18:25.692506-0700 Bridget[14371:251689] [PathEnumeration] DFS: Shortest path time: infs
2025-09-06 20:18:25.692575-0700 Bridget[14371:251689] [PathEnumeration] DFS: Found 0 paths from E to A
2025-09-06 20:18:25.692636-0700 Bridget[14371:251689] [PathEnumeration] Enumerating paths from E to B using dfs
2025-09-06 20:18:25.692758-0700 Bridget[14371:251689] [PathEnumeration] Selected algorithm: dfs
2025-09-06 20:18:25.692822-0700 Bridget[14371:251689] [PathEnumeration] DFS: Shortest path time: infs
2025-09-06 20:18:25.692873-0700 Bridget[14371:251689] [PathEnumeration] DFS: Found 0 paths from E to B
2025-09-06 20:18:25.692930-0700 Bridget[14371:251689] [PathEnumeration] Enumerating paths from E to B using dfs
2025-09-06 20:18:25.692962-0700 Bridget[14371:251689] [PathEnumeration] Selected algorithm: dfs
2025-09-06 20:18:25.693104-0700 Bridget[14371:251689] [PathEnumeration] DFS: Shortest path time: infs
2025-09-06 20:18:25.693230-0700 Bridget[14371:251689] [PathEnumeration] DFS: Found 0 paths from E to B
2025-09-06 20:18:25.693344-0700 Bridget[14371:251689] [PathEnumeration] Enumerating paths from E to C using dfs
2025-09-06 20:18:25.693393-0700 Bridget[14371:251689] [PathEnumeration] Selected algorithm: dfs
2025-09-06 20:18:25.693457-0700 Bridget[14371:251689] [PathEnumeration] DFS: Shortest path time: infs
2025-09-06 20:18:25.693587-0700 Bridget[14371:251689] [PathEnumeration] DFS: Found 0 paths from E to C
2025-09-06 20:18:25.693747-0700 Bridget[14371:251689] [PathEnumeration] Enumerating paths from E to C using dfs
2025-09-06 20:18:25.693803-0700 Bridget[14371:251689] [PathEnumeration] Selected algorithm: dfs
2025-09-06 20:18:25.693836-0700 Bridget[14371:251689] [PathEnumeration] DFS: Shortest path time: infs
2025-09-06 20:18:25.693930-0700 Bridget[14371:251689] [PathEnumeration] DFS: Found 0 paths from E to C
2025-09-06 20:18:25.694014-0700 Bridget[14371:251689] [PathEnumeration] Enumerating paths from E to D using dfs
2025-09-06 20:18:25.694147-0700 Bridget[14371:251689] [PathEnumeration] Selected algorithm: dfs
2025-09-06 20:18:25.694203-0700 Bridget[14371:251689] [PathEnumeration] DFS: Shortest path time: 350.000000s
2025-09-06 20:18:25.694251-0700 Bridget[14371:251689] [PathEnumeration] DFS: Found 1 paths from E to D
2025-09-06 20:18:25.694285-0700 Bridget[14371:251689] [PathEnumeration] Enumerating paths from E to D using dfs
2025-09-06 20:18:25.694331-0700 Bridget[14371:251689] [PathEnumeration] Selected algorithm: dfs
2025-09-06 20:18:25.694381-0700 Bridget[14371:251689] [PathEnumeration] DFS: Shortest path time: 350.000000s
2025-09-06 20:18:25.694443-0700 Bridget[14371:251689] [PathEnumeration] DFS: Found 1 paths from E to D
2025-09-06 20:18:25.694541-0700 Bridget[14371:251689] [PathEnumeration] Enumerating paths from A to B using dfs
2025-09-06 20:18:25.694613-0700 Bridget[14371:251689] [PathEnumeration] Selected algorithm: dfs
2025-09-06 20:18:25.694687-0700 Bridget[14371:251689] [PathEnumeration] DFS: Shortest path time: 300.000000s
2025-09-06 20:18:25.694801-0700 Bridget[14371:251689] [PathEnumeration] DFS: Found 1 paths from A to B
2025-09-06 20:18:25.695149-0700 Bridget[14371:251689] [PathEnumeration] Enumerating paths from A to B using dfs
2025-09-06 20:18:25.695181-0700 Bridget[14371:251689] [PathEnumeration] Selected algorithm: dfs
2025-09-06 20:18:25.695218-0700 Bridget[14371:251689] [PathEnumeration] DFS: Shortest path time: 300.000000s
2025-09-06 20:18:25.695311-0700 Bridget[14371:251689] [PathEnumeration] DFS: Found 1 paths from A to B
2025-09-06 20:18:25.695448-0700 Bridget[14371:251689] [PathEnumeration] Enumerating paths from A to C using dfs
2025-09-06 20:18:25.695501-0700 Bridget[14371:251689] [PathEnumeration] Selected algorithm: dfs
2025-09-06 20:18:25.695562-0700 Bridget[14371:251689] [PathEnumeration] DFS: Shortest path time: 250.000000s
2025-09-06 20:18:25.695865-0700 Bridget[14371:251689] [PathEnumeration] DFS: Found 1 paths from A to C
2025-09-06 20:18:25.695901-0700 Bridget[14371:251689] [PathEnumeration] Enumerating paths from A to C using dfs
2025-09-06 20:18:25.695934-0700 Bridget[14371:251689] [PathEnumeration] Selected algorithm: dfs
2025-09-06 20:18:25.695981-0700 Bridget[14371:251689] [PathEnumeration] DFS: Shortest path time: 250.000000s
2025-09-06 20:18:25.696020-0700 Bridget[14371:251689] [PathEnumeration] DFS: Found 1 paths from A to C
2025-09-06 20:18:25.696099-0700 Bridget[14371:251689] [PathEnumeration] Enumerating paths from A to D using dfs
2025-09-06 20:18:25.696130-0700 Bridget[14371:251689] [PathEnumeration] Selected algorithm: dfs
2025-09-06 20:18:25.696253-0700 Bridget[14371:251689] [PathEnumeration] DFS: Shortest path time: 500.000000s
2025-09-06 20:18:25.696356-0700 Bridget[14371:251689] [PathEnumeration] DFS: Found 4 paths from A to D
2025-09-06 20:18:25.696498-0700 Bridget[14371:251689] [PathEnumeration] Enumerating paths from A to D using dfs
2025-09-06 20:18:25.696626-0700 Bridget[14371:251689] [PathEnumeration] Selected algorithm: dfs
2025-09-06 20:18:25.696952-0700 Bridget[14371:251689] [PathEnumeration] DFS: Shortest path time: 500.000000s
2025-09-06 20:18:25.697044-0700 Bridget[14371:251689] [PathEnumeration] DFS: Found 4 paths from A to D
2025-09-06 20:18:25.697143-0700 Bridget[14371:251689] [PathEnumeration] Enumerating paths from A to E using dfs
2025-09-06 20:18:25.697179-0700 Bridget[14371:251689] [PathEnumeration] Selected algorithm: dfs
2025-09-06 20:18:25.697272-0700 Bridget[14371:251689] [PathEnumeration] DFS: Shortest path time: 200.000000s
2025-09-06 20:18:25.697347-0700 Bridget[14371:251689] [PathEnumeration] DFS: Found 1 paths from A to E
2025-09-06 20:18:25.697382-0700 Bridget[14371:251689] [PathEnumeration] Enumerating paths from A to E using dfs
2025-09-06 20:18:25.697417-0700 Bridget[14371:251689] [PathEnumeration] Selected algorithm: dfs
2025-09-06 20:18:25.697464-0700 Bridget[14371:251689] [PathEnumeration] DFS: Shortest path time: 200.000000s
2025-09-06 20:18:25.697584-0700 Bridget[14371:251689] [PathEnumeration] DFS: Found 1 paths from A to E
2025-09-06 20:18:25.697644-0700 Bridget[14371:251689] [PathEnumeration] Enumerating paths from B to A using dfs
2025-09-06 20:18:25.697755-0700 Bridget[14371:251689] [PathEnumeration] Selected algorithm: dfs
2025-09-06 20:18:25.697918-0700 Bridget[14371:251689] [PathEnumeration] DFS: Shortest path time: infs
2025-09-06 20:18:25.698037-0700 Bridget[14371:251689] [PathEnumeration] DFS: Found 0 paths from B to A
2025-09-06 20:18:25.698076-0700 Bridget[14371:251689] [PathEnumeration] Enumerating paths from B to A using dfs
2025-09-06 20:18:25.698182-0700 Bridget[14371:251689] [PathEnumeration] Selected algorithm: dfs
2025-09-06 20:18:25.698368-0700 Bridget[14371:251689] [PathEnumeration] DFS: Shortest path time: infs
2025-09-06 20:18:25.698484-0700 Bridget[14371:251689] [PathEnumeration] DFS: Found 0 paths from B to A
2025-09-06 20:18:25.698562-0700 Bridget[14371:251689] [PathEnumeration] Enumerating paths from B to C using dfs
2025-09-06 20:18:25.698626-0700 Bridget[14371:251689] [PathEnumeration] Selected algorithm: dfs
2025-09-06 20:18:25.698666-0700 Bridget[14371:251689] [PathEnumeration] DFS: Shortest path time: 100.000000s
2025-09-06 20:18:25.698712-0700 Bridget[14371:251689] [PathEnumeration] DFS: Found 1 paths from B to C
2025-09-06 20:18:25.698789-0700 Bridget[14371:251689] [PathEnumeration] Enumerating paths from B to C using dfs
2025-09-06 20:18:25.698933-0700 Bridget[14371:251689] [PathEnumeration] Selected algorithm: dfs
2025-09-06 20:18:25.698971-0700 Bridget[14371:251689] [PathEnumeration] DFS: Shortest path time: 100.000000s
2025-09-06 20:18:25.699089-0700 Bridget[14371:251689] [PathEnumeration] DFS: Found 1 paths from B to C
2025-09-06 20:18:25.699194-0700 Bridget[14371:251689] [PathEnumeration] Enumerating paths from B to D using dfs
2025-09-06 20:18:25.699318-0700 Bridget[14371:251689] [PathEnumeration] Selected algorithm: dfs
2025-09-06 20:18:25.699447-0700 Bridget[14371:251689] [PathEnumeration] DFS: Shortest path time: 200.000000s
2025-09-06 20:18:25.699483-0700 Bridget[14371:251689] [PathEnumeration] DFS: Found 1 paths from B to D
2025-09-06 20:18:25.699549-0700 Bridget[14371:251689] [PathEnumeration] Enumerating paths from B to D using dfs
2025-09-06 20:18:25.699623-0700 Bridget[14371:251689] [PathEnumeration] Selected algorithm: dfs
2025-09-06 20:18:25.699747-0700 Bridget[14371:251689] [PathEnumeration] DFS: Shortest path time: 200.000000s
2025-09-06 20:18:25.699861-0700 Bridget[14371:251689] [PathEnumeration] DFS: Found 1 paths from B to D
2025-09-06 20:18:25.699965-0700 Bridget[14371:251689] [PathEnumeration] Enumerating paths from B to E using dfs
2025-09-06 20:18:25.700044-0700 Bridget[14371:251689] [PathEnumeration] Selected algorithm: dfs
2025-09-06 20:18:25.700083-0700 Bridget[14371:251689] [PathEnumeration] DFS: Shortest path time: infs
2025-09-06 20:18:25.700110-0700 Bridget[14371:251689] [PathEnumeration] DFS: Found 0 paths from B to E
2025-09-06 20:18:25.700188-0700 Bridget[14371:251689] [PathEnumeration] Enumerating paths from B to E using dfs
2025-09-06 20:18:25.700316-0700 Bridget[14371:251689] [PathEnumeration] Selected algorithm: dfs
2025-09-06 20:18:25.700558-0700 Bridget[14371:251689] [PathEnumeration] DFS: Shortest path time: infs
2025-09-06 20:18:25.700619-0700 Bridget[14371:251689] [PathEnumeration] DFS: Found 0 paths from B to E
2025-09-06 20:18:25.700797-0700 Bridget[14371:251689] [PathEnumeration] Enumerating paths from C to A using dfs
2025-09-06 20:18:25.700979-0700 Bridget[14371:251689] [PathEnumeration] Selected algorithm: dfs
2025-09-06 20:18:25.701021-0700 Bridget[14371:251689] [PathEnumeration] DFS: Shortest path time: infs
2025-09-06 20:18:25.701169-0700 Bridget[14371:251689] [PathEnumeration] DFS: Found 0 paths from C to A
2025-09-06 20:18:25.701312-0700 Bridget[14371:251689] [PathEnumeration] Enumerating paths from C to A using dfs
2025-09-06 20:18:25.701384-0700 Bridget[14371:251689] [PathEnumeration] Selected algorithm: dfs
2025-09-06 20:18:25.701486-0700 Bridget[14371:251689] [PathEnumeration] DFS: Shortest path time: infs
2025-09-06 20:18:25.701568-0700 Bridget[14371:251689] [PathEnumeration] DFS: Found 0 paths from C to A
2025-09-06 20:18:25.701634-0700 Bridget[14371:251689] [PathEnumeration] Enumerating paths from C to B using dfs
2025-09-06 20:18:25.701817-0700 Bridget[14371:251689] [PathEnumeration] Selected algorithm: dfs
2025-09-06 20:18:25.702034-0700 Bridget[14371:251689] [PathEnumeration] DFS: Shortest path time: infs
2025-09-06 20:18:25.702087-0700 Bridget[14371:251689] [PathEnumeration] DFS: Found 0 paths from C to B
2025-09-06 20:18:25.702206-0700 Bridget[14371:251689] [PathEnumeration] Enumerating paths from C to B using dfs
2025-09-06 20:18:25.702297-0700 Bridget[14371:251689] [PathEnumeration] Selected algorithm: dfs
2025-09-06 20:18:25.702349-0700 Bridget[14371:251689] [PathEnumeration] DFS: Shortest path time: infs
2025-09-06 20:18:25.702485-0700 Bridget[14371:251689] [PathEnumeration] DFS: Found 0 paths from C to B
2025-09-06 20:18:25.702618-0700 Bridget[14371:251689] [PathEnumeration] Enumerating paths from C to D using dfs
2025-09-06 20:18:25.702646-0700 Bridget[14371:251689] [PathEnumeration] Selected algorithm: dfs
2025-09-06 20:18:25.702716-0700 Bridget[14371:251689] [PathEnumeration] DFS: Shortest path time: 300.000000s
2025-09-06 20:18:25.702758-0700 Bridget[14371:251689] [PathEnumeration] DFS: Found 1 paths from C to D
2025-09-06 20:18:25.702840-0700 Bridget[14371:251689] [PathEnumeration] Enumerating paths from C to D using dfs
2025-09-06 20:18:25.702974-0700 Bridget[14371:251689] [PathEnumeration] Selected algorithm: dfs
2025-09-06 20:18:25.703039-0700 Bridget[14371:251689] [PathEnumeration] DFS: Shortest path time: 300.000000s
2025-09-06 20:18:25.703164-0700 Bridget[14371:251689] [PathEnumeration] DFS: Found 1 paths from C to D
2025-09-06 20:18:25.703407-0700 Bridget[14371:251689] [PathEnumeration] Enumerating paths from C to E using dfs
2025-09-06 20:18:25.703989-0700 Bridget[14371:251689] [PathEnumeration] Selected algorithm: dfs
2025-09-06 20:18:25.704044-0700 Bridget[14371:251689] [PathEnumeration] DFS: Shortest path time: infs
2025-09-06 20:18:25.704170-0700 Bridget[14371:251689] [PathEnumeration] DFS: Found 0 paths from C to E
2025-09-06 20:18:25.704338-0700 Bridget[14371:251689] [PathEnumeration] Enumerating paths from C to E using dfs
2025-09-06 20:18:25.704387-0700 Bridget[14371:251689] [PathEnumeration] Selected algorithm: dfs
2025-09-06 20:18:25.704431-0700 Bridget[14371:251689] [PathEnumeration] DFS: Shortest path time: infs
2025-09-06 20:18:25.704480-0700 Bridget[14371:251689] [PathEnumeration] DFS: Found 0 paths from C to E
2025-09-06 20:18:25.704550-0700 Bridget[14371:251689] [PathEnumeration] Enumerating paths from D to A using dfs
2025-09-06 20:18:25.704695-0700 Bridget[14371:251689] [PathEnumeration] Selected algorithm: dfs
2025-09-06 20:18:25.704736-0700 Bridget[14371:251689] [PathEnumeration] DFS: Shortest path time: infs
2025-09-06 20:18:25.704825-0700 Bridget[14371:251689] [PathEnumeration] DFS: Found 0 paths from D to A
2025-09-06 20:18:25.705225-0700 Bridget[14371:251689] [PathEnumeration] Enumerating paths from D to A using dfs
2025-09-06 20:18:25.705371-0700 Bridget[14371:251689] [PathEnumeration] Selected algorithm: dfs
2025-09-06 20:18:25.705581-0700 Bridget[14371:251689] [PathEnumeration] DFS: Shortest path time: infs
2025-09-06 20:18:25.705636-0700 Bridget[14371:251689] [PathEnumeration] DFS: Found 0 paths from D to A
2025-09-06 20:18:25.705700-0700 Bridget[14371:251689] [PathEnumeration] Enumerating paths from D to B using dfs
2025-09-06 20:18:25.705816-0700 Bridget[14371:251689] [PathEnumeration] Selected algorithm: dfs
2025-09-06 20:18:25.705910-0700 Bridget[14371:251689] [PathEnumeration] DFS: Shortest path time: infs
2025-09-06 20:18:25.706034-0700 Bridget[14371:251689] [PathEnumeration] DFS: Found 0 paths from D to B
2025-09-06 20:18:25.706180-0700 Bridget[14371:251689] [PathEnumeration] Enumerating paths from D to B using dfs
2025-09-06 20:18:25.706247-0700 Bridget[14371:251689] [PathEnumeration] Selected algorithm: dfs
2025-09-06 20:18:25.706437-0700 Bridget[14371:251689] [PathEnumeration] DFS: Shortest path time: infs
2025-09-06 20:18:25.706468-0700 Bridget[14371:251689] [PathEnumeration] DFS: Found 0 paths from D to B
2025-09-06 20:18:25.706506-0700 Bridget[14371:251689] [PathEnumeration] Enumerating paths from D to C using dfs
2025-09-06 20:18:25.706538-0700 Bridget[14371:251689] [PathEnumeration] Selected algorithm: dfs
2025-09-06 20:18:25.706668-0700 Bridget[14371:251689] [PathEnumeration] DFS: Shortest path time: infs
2025-09-06 20:18:25.706773-0700 Bridget[14371:251689] [PathEnumeration] DFS: Found 0 paths from D to C
2025-09-06 20:18:25.706826-0700 Bridget[14371:251689] [PathEnumeration] Enumerating paths from D to C using dfs
2025-09-06 20:18:25.706939-0700 Bridget[14371:251689] [PathEnumeration] Selected algorithm: dfs
2025-09-06 20:18:25.707180-0700 Bridget[14371:251689] [PathEnumeration] DFS: Shortest path time: infs
2025-09-06 20:18:25.707227-0700 Bridget[14371:251689] [PathEnumeration] DFS: Found 0 paths from D to C
2025-09-06 20:18:25.707318-0700 Bridget[14371:251689] [PathEnumeration] Enumerating paths from D to E using dfs
2025-09-06 20:18:25.707350-0700 Bridget[14371:251689] [PathEnumeration] Selected algorithm: dfs
2025-09-06 20:18:25.707383-0700 Bridget[14371:251689] [PathEnumeration] DFS: Shortest path time: infs
2025-09-06 20:18:25.707413-0700 Bridget[14371:251689] [PathEnumeration] DFS: Found 0 paths from D to E
2025-09-06 20:18:25.707578-0700 Bridget[14371:251689] [PathEnumeration] Enumerating paths from D to E using dfs
2025-09-06 20:18:25.707634-0700 Bridget[14371:251689] [PathEnumeration] Selected algorithm: dfs
2025-09-06 20:18:25.707746-0700 Bridget[14371:251689] [PathEnumeration] DFS: Shortest path time: infs
2025-09-06 20:18:25.707779-0700 Bridget[14371:251689] [PathEnumeration] DFS: Found 0 paths from D to E
2025-09-06 20:18:25.707955-0700 Bridget[14371:251689] [PathEnumeration] Enumerating paths from E to A using dfs
2025-09-06 20:18:25.708027-0700 Bridget[14371:251689] [PathEnumeration] Selected algorithm: dfs
2025-09-06 20:18:25.708070-0700 Bridget[14371:251689] [PathEnumeration] DFS: Shortest path time: infs
2025-09-06 20:18:25.708147-0700 Bridget[14371:251689] [PathEnumeration] DFS: Found 0 paths from E to A
2025-09-06 20:18:25.708175-0700 Bridget[14371:251689] [PathEnumeration] Enumerating paths from E to A using dfs
2025-09-06 20:18:25.708276-0700 Bridget[14371:251689] [PathEnumeration] Selected algorithm: dfs
2025-09-06 20:18:25.708394-0700 Bridget[14371:251689] [PathEnumeration] DFS: Shortest path time: infs
2025-09-06 20:18:25.708479-0700 Bridget[14371:251689] [PathEnumeration] DFS: Found 0 paths from E to A
2025-09-06 20:18:25.708511-0700 Bridget[14371:251689] [PathEnumeration] Enumerating paths from E to B using dfs
2025-09-06 20:18:25.708542-0700 Bridget[14371:251689] [PathEnumeration] Selected algorithm: dfs
2025-09-06 20:18:25.708621-0700 Bridget[14371:251689] [PathEnumeration] DFS: Shortest path time: infs
2025-09-06 20:18:25.708816-0700 Bridget[14371:251689] [PathEnumeration] DFS: Found 0 paths from E to B
2025-09-06 20:18:25.708909-0700 Bridget[14371:251689] [PathEnumeration] Enumerating paths from E to B using dfs
2025-09-06 20:18:25.708995-0700 Bridget[14371:251689] [PathEnumeration] Selected algorithm: dfs
2025-09-06 20:18:25.709053-0700 Bridget[14371:251689] [PathEnumeration] DFS: Shortest path time: infs
2025-09-06 20:18:25.709125-0700 Bridget[14371:251689] [PathEnumeration] DFS: Found 0 paths from E to B
2025-09-06 20:18:25.709200-0700 Bridget[14371:251689] [PathEnumeration] Enumerating paths from E to C using dfs
2025-09-06 20:18:25.709382-0700 Bridget[14371:251689] [PathEnumeration] Selected algorithm: dfs
2025-09-06 20:18:25.709518-0700 Bridget[14371:251689] [PathEnumeration] DFS: Shortest path time: infs
2025-09-06 20:18:25.709625-0700 Bridget[14371:251689] [PathEnumeration] DFS: Found 0 paths from E to C
2025-09-06 20:18:25.709780-0700 Bridget[14371:251689] [PathEnumeration] Enumerating paths from E to C using dfs
2025-09-06 20:18:25.709819-0700 Bridget[14371:251689] [PathEnumeration] Selected algorithm: dfs
2025-09-06 20:18:25.709859-0700 Bridget[14371:251689] [PathEnumeration] DFS: Shortest path time: infs
2025-09-06 20:18:25.709895-0700 Bridget[14371:251689] [PathEnumeration] DFS: Found 0 paths from E to C
2025-09-06 20:18:25.710423-0700 Bridget[14371:251689] [PathEnumeration] Enumerating paths from E to D using dfs
2025-09-06 20:18:25.710478-0700 Bridget[14371:251689] [PathEnumeration] Selected algorithm: dfs
2025-09-06 20:18:25.710527-0700 Bridget[14371:251689] [PathEnumeration] DFS: Shortest path time: 350.000000s
2025-09-06 20:18:25.710590-0700 Bridget[14371:251689] [PathEnumeration] DFS: Found 1 paths from E to D
2025-09-06 20:18:25.710626-0700 Bridget[14371:251689] [PathEnumeration] Enumerating paths from E to D using dfs
2025-09-06 20:18:25.710873-0700 Bridget[14371:251689] [PathEnumeration] Selected algorithm: dfs
2025-09-06 20:18:25.710987-0700 Bridget[14371:251689] [PathEnumeration] DFS: Shortest path time: 350.000000s
2025-09-06 20:18:25.711102-0700 Bridget[14371:251689] [PathEnumeration] DFS: Found 1 paths from E to D
2025-09-06 20:18:25.711223-0700 Bridget[14371:251689] [PathEnumeration] Enumerating paths from A to B using dfs
2025-09-06 20:18:25.711345-0700 Bridget[14371:251689] [PathEnumeration] Selected algorithm: dfs
2025-09-06 20:18:25.711515-0700 Bridget[14371:251689] [PathEnumeration] DFS: Shortest path time: 300.000000s
2025-09-06 20:18:25.711679-0700 Bridget[14371:251689] [PathEnumeration] DFS: Found 1 paths from A to B
2025-09-06 20:18:25.711845-0700 Bridget[14371:251689] [PathEnumeration] Enumerating paths from A to B using dfs
2025-09-06 20:18:25.711883-0700 Bridget[14371:251689] [PathEnumeration] Selected algorithm: dfs
2025-09-06 20:18:25.711923-0700 Bridget[14371:251689] [PathEnumeration] DFS: Shortest path time: 300.000000s
2025-09-06 20:18:25.712095-0700 Bridget[14371:251689] [PathEnumeration] DFS: Found 1 paths from A to B
2025-09-06 20:18:25.712179-0700 Bridget[14371:251689] [PathEnumeration] Enumerating paths from A to C using dfs
2025-09-06 20:18:25.712499-0700 Bridget[14371:251689] [PathEnumeration] Selected algorithm: dfs
2025-09-06 20:18:25.712545-0700 Bridget[14371:251689] [PathEnumeration] DFS: Shortest path time: 250.000000s
2025-09-06 20:18:25.712663-0700 Bridget[14371:251689] [PathEnumeration] DFS: Found 1 paths from A to C
2025-09-06 20:18:25.712737-0700 Bridget[14371:251689] [PathEnumeration] Enumerating paths from A to C using dfs
2025-09-06 20:18:25.712766-0700 Bridget[14371:251689] [PathEnumeration] Selected algorithm: dfs
2025-09-06 20:18:25.712916-0700 Bridget[14371:251689] [PathEnumeration] DFS: Shortest path time: 250.000000s
2025-09-06 20:18:25.712997-0700 Bridget[14371:251689] [PathEnumeration] DFS: Found 2 paths from A to C
2025-09-06 20:18:25.713150-0700 Bridget[14371:251689] [PathEnumeration] Enumerating paths from A to D using dfs
2025-09-06 20:18:25.713288-0700 Bridget[14371:251689] [PathEnumeration] Selected algorithm: dfs
2025-09-06 20:18:25.713382-0700 Bridget[14371:251689] [PathEnumeration] DFS: Shortest path time: 500.000000s
2025-09-06 20:18:25.713428-0700 Bridget[14371:251689] [PathEnumeration] DFS: Found 4 paths from A to D
2025-09-06 20:18:25.713527-0700 Bridget[14371:251689] [PathEnumeration] Enumerating paths from A to D using dfs
2025-09-06 20:18:25.713699-0700 Bridget[14371:251689] [PathEnumeration] Selected algorithm: dfs
2025-09-06 20:18:25.713758-0700 Bridget[14371:251689] [PathEnumeration] DFS: Shortest path time: 500.000000s
2025-09-06 20:18:25.713860-0700 Bridget[14371:251689] [PathEnumeration] DFS: Found 4 paths from A to D
2025-09-06 20:18:25.713896-0700 Bridget[14371:251689] [PathEnumeration] Enumerating paths from A to E using dfs
2025-09-06 20:18:25.713959-0700 Bridget[14371:251689] [PathEnumeration] Selected algorithm: dfs
2025-09-06 20:18:25.714026-0700 Bridget[14371:251689] [PathEnumeration] DFS: Shortest path time: 200.000000s
2025-09-06 20:18:25.714102-0700 Bridget[14371:251689] [PathEnumeration] DFS: Found 1 paths from A to E
2025-09-06 20:18:25.714132-0700 Bridget[14371:251689] [PathEnumeration] Enumerating paths from A to E using dfs
2025-09-06 20:18:25.714190-0700 Bridget[14371:251689] [PathEnumeration] Selected algorithm: dfs
2025-09-06 20:18:25.714296-0700 Bridget[14371:251689] [PathEnumeration] DFS: Shortest path time: 200.000000s
2025-09-06 20:18:25.714343-0700 Bridget[14371:251689] [PathEnumeration] DFS: Found 1 paths from A to E
2025-09-06 20:18:25.714511-0700 Bridget[14371:251689] [PathEnumeration] Enumerating paths from B to A using dfs
2025-09-06 20:18:25.714589-0700 Bridget[14371:251689] [PathEnumeration] Selected algorithm: dfs
2025-09-06 20:18:25.714723-0700 Bridget[14371:251689] [PathEnumeration] DFS: Shortest path time: infs
2025-09-06 20:18:25.714863-0700 Bridget[14371:251689] [PathEnumeration] DFS: Found 0 paths from B to A
2025-09-06 20:18:25.714980-0700 Bridget[14371:251689] [PathEnumeration] Enumerating paths from B to A using dfs
2025-09-06 20:18:25.715123-0700 Bridget[14371:251689] [PathEnumeration] Selected algorithm: dfs
2025-09-06 20:18:25.715209-0700 Bridget[14371:251689] [PathEnumeration] DFS: Shortest path time: infs
2025-09-06 20:18:25.715322-0700 Bridget[14371:251689] [PathEnumeration] DFS: Found 0 paths from B to A
2025-09-06 20:18:25.715388-0700 Bridget[14371:251689] [PathEnumeration] Enumerating paths from B to C using dfs
2025-09-06 20:18:25.715461-0700 Bridget[14371:251689] [PathEnumeration] Selected algorithm: dfs
2025-09-06 20:18:25.715583-0700 Bridget[14371:251689] [PathEnumeration] DFS: Shortest path time: 100.000000s
2025-09-06 20:18:25.715658-0700 Bridget[14371:251689] [PathEnumeration] DFS: Found 1 paths from B to C
2025-09-06 20:18:25.715749-0700 Bridget[14371:251689] [PathEnumeration] Enumerating paths from B to C using dfs
2025-09-06 20:18:25.715885-0700 Bridget[14371:251689] [PathEnumeration] Selected algorithm: dfs
2025-09-06 20:18:25.716090-0700 Bridget[14371:251689] [PathEnumeration] DFS: Shortest path time: 100.000000s
2025-09-06 20:18:25.716130-0700 Bridget[14371:251689] [PathEnumeration] DFS: Found 1 paths from B to C
2025-09-06 20:18:25.716214-0700 Bridget[14371:251689] [PathEnumeration] Enumerating paths from B to D using dfs
2025-09-06 20:18:25.716264-0700 Bridget[14371:251689] [PathEnumeration] Selected algorithm: dfs
2025-09-06 20:18:25.716307-0700 Bridget[14371:251689] [PathEnumeration] DFS: Shortest path time: 200.000000s
2025-09-06 20:18:25.716343-0700 Bridget[14371:251689] [PathEnumeration] DFS: Found 1 paths from B to D
2025-09-06 20:18:25.716378-0700 Bridget[14371:251689] [PathEnumeration] Enumerating paths from B to D using dfs
2025-09-06 20:18:25.716404-0700 Bridget[14371:251689] [PathEnumeration] Selected algorithm: dfs
2025-09-06 20:18:25.716630-0700 Bridget[14371:251689] [PathEnumeration] DFS: Shortest path time: 200.000000s
2025-09-06 20:18:25.716792-0700 Bridget[14371:251689] [PathEnumeration] DFS: Found 1 paths from B to D
2025-09-06 20:18:25.717017-0700 Bridget[14371:251689] [PathEnumeration] Enumerating paths from B to E using dfs
2025-09-06 20:18:25.717106-0700 Bridget[14371:251689] [PathEnumeration] Selected algorithm: dfs
2025-09-06 20:18:25.717156-0700 Bridget[14371:251689] [PathEnumeration] DFS: Shortest path time: infs
2025-09-06 20:18:25.717237-0700 Bridget[14371:251689] [PathEnumeration] DFS: Found 0 paths from B to E
2025-09-06 20:18:25.717355-0700 Bridget[14371:251689] [PathEnumeration] Enumerating paths from B to E using dfs
2025-09-06 20:18:25.717643-0700 Bridget[14371:251689] [PathEnumeration] Selected algorithm: dfs
2025-09-06 20:18:25.717734-0700 Bridget[14371:251689] [PathEnumeration] DFS: Shortest path time: infs
2025-09-06 20:18:25.717790-0700 Bridget[14371:251689] [PathEnumeration] DFS: Found 0 paths from B to E
2025-09-06 20:18:25.718031-0700 Bridget[14371:251689] [PathEnumeration] Enumerating paths from C to A using dfs
2025-09-06 20:18:25.718114-0700 Bridget[14371:251689] [PathEnumeration] Selected algorithm: dfs
2025-09-06 20:18:25.718189-0700 Bridget[14371:251689] [PathEnumeration] DFS: Shortest path time: infs
2025-09-06 20:18:25.718283-0700 Bridget[14371:251689] [PathEnumeration] DFS: Found 0 paths from C to A
2025-09-06 20:18:25.718374-0700 Bridget[14371:251689] [PathEnumeration] Enumerating paths from C to A using dfs
2025-09-06 20:18:25.718589-0700 Bridget[14371:251689] [PathEnumeration] Selected algorithm: dfs
2025-09-06 20:18:25.718707-0700 Bridget[14371:251689] [PathEnumeration] DFS: Shortest path time: infs
2025-09-06 20:18:25.718845-0700 Bridget[14371:251689] [PathEnumeration] DFS: Found 0 paths from C to A
2025-09-06 20:18:25.718913-0700 Bridget[14371:251689] [PathEnumeration] Enumerating paths from C to B using dfs
2025-09-06 20:18:25.719007-0700 Bridget[14371:251689] [PathEnumeration] Selected algorithm: dfs
2025-09-06 20:18:25.719161-0700 Bridget[14371:251689] [PathEnumeration] DFS: Shortest path time: infs
2025-09-06 20:18:25.719267-0700 Bridget[14371:251689] [PathEnumeration] DFS: Found 0 paths from C to B
2025-09-06 20:18:25.719381-0700 Bridget[14371:251689] [PathEnumeration] Enumerating paths from C to B using dfs
2025-09-06 20:18:25.719475-0700 Bridget[14371:251689] [PathEnumeration] Selected algorithm: dfs
2025-09-06 20:18:25.719573-0700 Bridget[14371:251689] [PathEnumeration] DFS: Shortest path time: infs
2025-09-06 20:18:25.719713-0700 Bridget[14371:251689] [PathEnumeration] DFS: Found 0 paths from C to B
2025-09-06 20:18:25.719890-0700 Bridget[14371:251689] [PathEnumeration] Enumerating paths from C to D using dfs
2025-09-06 20:18:25.720069-0700 Bridget[14371:251689] [PathEnumeration] Selected algorithm: dfs
2025-09-06 20:18:25.720213-0700 Bridget[14371:251689] [PathEnumeration] DFS: Shortest path time: 300.000000s
2025-09-06 20:18:25.720508-0700 Bridget[14371:251689] [PathEnumeration] DFS: Found 1 paths from C to D
2025-09-06 20:18:25.720588-0700 Bridget[14371:251689] [PathEnumeration] Enumerating paths from C to D using dfs
2025-09-06 20:18:25.720650-0700 Bridget[14371:251689] [PathEnumeration] Selected algorithm: dfs
2025-09-06 20:18:25.720771-0700 Bridget[14371:251689] [PathEnumeration] DFS: Shortest path time: 300.000000s
2025-09-06 20:18:25.720949-0700 Bridget[14371:251689] [PathEnumeration] DFS: Found 1 paths from C to D
2025-09-06 20:18:25.721002-0700 Bridget[14371:251689] [PathEnumeration] Enumerating paths from C to E using dfs
2025-09-06 20:18:25.721052-0700 Bridget[14371:251689] [PathEnumeration] Selected algorithm: dfs
2025-09-06 20:18:25.721126-0700 Bridget[14371:251689] [PathEnumeration] DFS: Shortest path time: infs
2025-09-06 20:18:25.721297-0700 Bridget[14371:251689] [PathEnumeration] DFS: Found 0 paths from C to E
2025-09-06 20:18:25.721338-0700 Bridget[14371:251689] [PathEnumeration] Enumerating paths from C to E using dfs
2025-09-06 20:18:25.721397-0700 Bridget[14371:251689] [PathEnumeration] Selected algorithm: dfs
2025-09-06 20:18:25.721439-0700 Bridget[14371:251689] [PathEnumeration] DFS: Shortest path time: infs
2025-09-06 20:18:25.721536-0700 Bridget[14371:251689] [PathEnumeration] DFS: Found 0 paths from C to E
2025-09-06 20:18:25.721734-0700 Bridget[14371:251689] [PathEnumeration] Enumerating paths from D to A using dfs
2025-09-06 20:18:25.721767-0700 Bridget[14371:251689] [PathEnumeration] Selected algorithm: dfs
2025-09-06 20:18:25.721808-0700 Bridget[14371:251689] [PathEnumeration] DFS: Shortest path time: infs
2025-09-06 20:18:25.721941-0700 Bridget[14371:251689] [PathEnumeration] DFS: Found 0 paths from D to A
2025-09-06 20:18:25.722072-0700 Bridget[14371:251689] [PathEnumeration] Enumerating paths from D to A using dfs
2025-09-06 20:18:25.722371-0700 Bridget[14371:251689] [PathEnumeration] Selected algorithm: dfs
2025-09-06 20:18:25.722475-0700 Bridget[14371:251689] [PathEnumeration] DFS: Shortest path time: infs
2025-09-06 20:18:25.722518-0700 Bridget[14371:251689] [PathEnumeration] DFS: Found 0 paths from D to A
2025-09-06 20:18:25.722592-0700 Bridget[14371:251689] [PathEnumeration] Enumerating paths from D to B using dfs
2025-09-06 20:18:25.722622-0700 Bridget[14371:251689] [PathEnumeration] Selected algorithm: dfs
2025-09-06 20:18:25.722661-0700 Bridget[14371:251689] [PathEnumeration] DFS: Shortest path time: infs
2025-09-06 20:18:25.722760-0700 Bridget[14371:251689] [PathEnumeration] DFS: Found 0 paths from D to B
2025-09-06 20:18:25.722964-0700 Bridget[14371:251689] [PathEnumeration] Enumerating paths from D to B using dfs
2025-09-06 20:18:25.723026-0700 Bridget[14371:251689] [PathEnumeration] Selected algorithm: dfs
2025-09-06 20:18:25.723160-0700 Bridget[14371:251689] [PathEnumeration] DFS: Shortest path time: infs
2025-09-06 20:18:25.723194-0700 Bridget[14371:251689] [PathEnumeration] DFS: Found 0 paths from D to B
2025-09-06 20:18:25.723246-0700 Bridget[14371:251689] [PathEnumeration] Enumerating paths from D to C using dfs
2025-09-06 20:18:25.723304-0700 Bridget[14371:251689] [PathEnumeration] Selected algorithm: dfs
2025-09-06 20:18:25.723457-0700 Bridget[14371:251689] [PathEnumeration] DFS: Shortest path time: infs
2025-09-06 20:18:25.723560-0700 Bridget[14371:251689] [PathEnumeration] DFS: Found 0 paths from D to C
2025-09-06 20:18:25.723627-0700 Bridget[14371:251689] [PathEnumeration] Enumerating paths from D to C using dfs
2025-09-06 20:18:25.723740-0700 Bridget[14371:251689] [PathEnumeration] Selected algorithm: dfs
2025-09-06 20:18:25.723802-0700 Bridget[14371:251689] [PathEnumeration] DFS: Shortest path time: infs
2025-09-06 20:18:25.723870-0700 Bridget[14371:251689] [PathEnumeration] DFS: Found 0 paths from D to C
2025-09-06 20:18:25.723991-0700 Bridget[14371:251689] [PathEnumeration] Enumerating paths from D to E using dfs
2025-09-06 20:18:25.724179-0700 Bridget[14371:251689] [PathEnumeration] Selected algorithm: dfs
2025-09-06 20:18:25.724271-0700 Bridget[14371:251689] [PathEnumeration] DFS: Shortest path time: infs
2025-09-06 20:18:25.724301-0700 Bridget[14371:251689] [PathEnumeration] DFS: Found 0 paths from D to E
2025-09-06 20:18:25.724331-0700 Bridget[14371:251689] [PathEnumeration] Enumerating paths from D to E using dfs
2025-09-06 20:18:25.724360-0700 Bridget[14371:251689] [PathEnumeration] Selected algorithm: dfs
2025-09-06 20:18:25.724470-0700 Bridget[14371:251689] [PathEnumeration] DFS: Shortest path time: infs
2025-09-06 20:18:25.724577-0700 Bridget[14371:251689] [PathEnumeration] DFS: Found 0 paths from D to E
2025-09-06 20:18:25.724694-0700 Bridget[14371:251689] [PathEnumeration] Enumerating paths from E to A using dfs
2025-09-06 20:18:25.724751-0700 Bridget[14371:251689] [PathEnumeration] Selected algorithm: dfs
2025-09-06 20:18:25.724887-0700 Bridget[14371:251689] [PathEnumeration] DFS: Shortest path time: infs
2025-09-06 20:18:25.724923-0700 Bridget[14371:251689] [PathEnumeration] DFS: Found 0 paths from E to A
2025-09-06 20:18:25.724977-0700 Bridget[14371:251689] [PathEnumeration] Enumerating paths from E to A using dfs
2025-09-06 20:18:25.725104-0700 Bridget[14371:251689] [PathEnumeration] Selected algorithm: dfs
2025-09-06 20:18:25.725174-0700 Bridget[14371:251689] [PathEnumeration] DFS: Shortest path time: infs
2025-09-06 20:18:25.725211-0700 Bridget[14371:251689] [PathEnumeration] DFS: Found 0 paths from E to A
2025-09-06 20:18:25.725318-0700 Bridget[14371:251689] [PathEnumeration] Enumerating paths from E to B using dfs
2025-09-06 20:18:25.725349-0700 Bridget[14371:251689] [PathEnumeration] Selected algorithm: dfs
2025-09-06 20:18:25.725390-0700 Bridget[14371:251689] [PathEnumeration] DFS: Shortest path time: infs
2025-09-06 20:18:25.725468-0700 Bridget[14371:251689] [PathEnumeration] DFS: Found 0 paths from E to B
2025-09-06 20:18:25.725500-0700 Bridget[14371:251689] [PathEnumeration] Enumerating paths from E to B using dfs
2025-09-06 20:18:25.725539-0700 Bridget[14371:251689] [PathEnumeration] Selected algorithm: dfs
2025-09-06 20:18:25.725653-0700 Bridget[14371:251689] [PathEnumeration] DFS: Shortest path time: infs
2025-09-06 20:18:25.725796-0700 Bridget[14371:251689] [PathEnumeration] DFS: Found 0 paths from E to B
2025-09-06 20:18:25.725884-0700 Bridget[14371:251689] [PathEnumeration] Enumerating paths from E to C using dfs
2025-09-06 20:18:25.725920-0700 Bridget[14371:251689] [PathEnumeration] Selected algorithm: dfs
2025-09-06 20:18:25.726030-0700 Bridget[14371:251689] [PathEnumeration] DFS: Shortest path time: infs
2025-09-06 20:18:25.726157-0700 Bridget[14371:251689] [PathEnumeration] DFS: Found 0 paths from E to C
2025-09-06 20:18:25.726242-0700 Bridget[14371:251689] [PathEnumeration] Enumerating paths from E to C using dfs
2025-09-06 20:18:25.726304-0700 Bridget[14371:251689] [PathEnumeration] Selected algorithm: dfs
2025-09-06 20:18:25.726339-0700 Bridget[14371:251689] [PathEnumeration] DFS: Shortest path time: infs
2025-09-06 20:18:25.726513-0700 Bridget[14371:251689] [PathEnumeration] DFS: Found 0 paths from E to C
2025-09-06 20:18:25.726560-0700 Bridget[14371:251689] [PathEnumeration] Enumerating paths from E to D using dfs
2025-09-06 20:18:25.726593-0700 Bridget[14371:251689] [PathEnumeration] Selected algorithm: dfs
2025-09-06 20:18:25.726700-0700 Bridget[14371:251689] [PathEnumeration] DFS: Shortest path time: 350.000000s
2025-09-06 20:18:25.726849-0700 Bridget[14371:251689] [PathEnumeration] DFS: Found 1 paths from E to D
2025-09-06 20:18:25.726932-0700 Bridget[14371:251689] [PathEnumeration] Enumerating paths from E to D using dfs
2025-09-06 20:18:25.726960-0700 Bridget[14371:251689] [PathEnumeration] Selected algorithm: dfs
2025-09-06 20:18:25.727088-0700 Bridget[14371:251689] [PathEnumeration] DFS: Shortest path time: 350.000000s
2025-09-06 20:18:25.727143-0700 Bridget[14371:251689] [PathEnumeration] DFS: Found 1 paths from E to D
◇ Test "Monitoring service should export monitoring data" started.
◇ Test "AlertConfig should have correct default values" started.
◇ Test "Monitoring service should generate alerts for high processing time" started.
◇ Test "Monitoring service should generate alerts for low confidence" started.
◇ Test "Monitoring service should respect alert cooldown" started.
◇ Test "Monitoring service should calculate bridge-specific metrics" started.
📖 Attempting to load cache for key: generated_routes
2025-09-06 20:18:25.779851-0700 Bridget[14371:251400] [FileManagerUtils] Directory already exists: /Users/peterjemley/Library/Developer/CoreSimulator/Devices/5EE0577A-2E03-4DC1-A7B3-E5E0EF8196B1/data/Containers/Data/Application/DC5EF751-4160-44F2-A417-7B1C37D71D6E/Documents/BridgeCache
📍 Cache file URL: /Users/peterjemley/Library/Developer/CoreSimulator/Devices/5EE0577A-2E03-4DC1-A7B3-E5E0EF8196B1/data/Containers/Data/Application/DC5EF751-4160-44F2-A417-7B1C37D71D6E/Documents/BridgeCache/generated_routes.json
❌ Failed to load cache for key generated_routes: Error Domain=NSCocoaErrorDomain Code=260 "The file “generated_routes.json” couldn’t be opened because there is no such file." UserInfo={NSFilePath=/Users/peterjemley/Library/Developer/CoreSimulator/Devices/5EE0577A-2E03-4DC1-A7B3-E5E0EF8196B1/data/Containers/Data/Application/DC5EF751-4160-44F2-A417-7B1C37D71D6E/Documents/BridgeCache/generated_routes.json, NSURL=file:///Users/peterjemley/Library/Developer/CoreSimulator/Devices/5EE0577A-2E03-4DC1-A7B3-E5E0EF8196B1/data/Containers/Data/Application/DC5EF751-4160-44F2-A417-7B1C37D71D6E/Documents/BridgeCache/generated_routes.json, NSUnderlyingError=0x600000d6ce70 {Error Domain=NSPOSIXErrorDomain Code=2 "No such file or directory"}}
   Domain: NSCocoaErrorDomain, Code: 260
   UserInfo: ["NSURL": file:///Users/peterjemley/Library/Developer/CoreSimulator/Devices/5EE0577A-2E03-4DC1-A7B3-E5E0EF8196B1/data/Containers/Data/Application/DC5EF751-4160-44F2-A417-7B1C37D71D6E/Documents/BridgeCache/generated_routes.json, "NSFilePath": /Users/peterjemley/Library/Developer/CoreSimulator/Devices/5EE0577A-2E03-4DC1-A7B3-E5E0EF8196B1/data/Containers/Data/Application/DC5EF751-4160-44F2-A417-7B1C37D71D6E/Documents/BridgeCache/generated_routes.json, "NSUnderlyingError": Error Domain=NSPOSIXErrorDomain Code=2 "No such file or directory"]
💾 Attempting to save cache for key: generated_routes
2025-09-06 20:18:25.780301-0700 Bridget[14371:251400] [FileManagerUtils] Directory already exists: /Users/peterjemley/Library/Developer/CoreSimulator/Devices/5EE0577A-2E03-4DC1-A7B3-E5E0EF8196B1/data/Containers/Data/Application/DC5EF751-4160-44F2-A417-7B1C37D71D6E/Documents/BridgeCache
📍 Cache file URL: /Users/peterjemley/Library/Developer/CoreSimulator/Devices/5EE0577A-2E03-4DC1-A7B3-E5E0EF8196B1/data/Containers/Data/Application/DC5EF751-4160-44F2-A417-7B1C37D71D6E/Documents/BridgeCache/generated_routes.json
2025-09-06 20:18:25.782642-0700 Bridget[14371:251400] [FileManagerUtils] Directory already exists: /Users/peterjemley/Library/Developer/CoreSimulator/Devices/5EE0577A-2E03-4DC1-A7B3-E5E0EF8196B1/data/Containers/Data/Application/DC5EF751-4160-44F2-A417-7B1C37D71D6E/Documents/BridgeCache
✅ Data encoded successfully, size: 1621 bytes
✅ Cache file written successfully to: /Users/peterjemley/Library/Developer/CoreSimulator/Devices/5EE0577A-2E03-4DC1-A7B3-E5E0EF8196B1/data/Containers/Data/Application/DC5EF751-4160-44F2-A417-7B1C37D71D6E/Documents/BridgeCache/generated_routes.json
🔍 Coordinate System Analysis - Phase 1.2
📊 Analyzing coordinate offsets for all bridges...

📋 Canonical Bridge Coordinates (Reference System):
============================================================
🌉 Ballard Bridge (ID: 2): (47.6598, -122.3762)
🌉 Fremont Bridge (ID: 3): (47.6475, -122.3497)
🌉 Montlake Bridge (ID: 4): (47.6473, -122.3047)
🌉 University Bridge (ID: 21): (47.6531, -122.32)
🌉 First Avenue South Bridge (ID: 1): (47.598, -122.332)
🌉 Lower Spokane Street Bridge (ID: 6): (47.58, -122.35)
🌉 South Park Bridge (ID: 29): (47.5293, -122.3141)

📖 Attempting to load cache for key: historical_bridges
2025-09-06 20:18:25.799812-0700 Bridget[14371:251400] [FileManagerUtils] Directory already exists: /Users/peterjemley/Library/Developer/CoreSimulator/Devices/5EE0577A-2E03-4DC1-A7B3-E5E0EF8196B1/data/Containers/Data/Application/DC5EF751-4160-44F2-A417-7B1C37D71D6E/Documents/BridgeCache
📍 Cache file URL: /Users/peterjemley/Library/Developer/CoreSimulator/Devices/5EE0577A-2E03-4DC1-A7B3-E5E0EF8196B1/data/Containers/Data/Application/DC5EF751-4160-44F2-A417-7B1C37D71D6E/Documents/BridgeCache/historical_bridges.json
❌ Failed to load cache for key historical_bridges: Error Domain=NSCocoaErrorDomain Code=260 "The file “historical_bridges.json” couldn’t be opened because there is no such file." UserInfo={NSFilePath=/Users/peterjemley/Library/Developer/CoreSimulator/Devices/5EE0577A-2E03-4DC1-A7B3-E5E0EF8196B1/data/Containers/Data/Application/DC5EF751-4160-44F2-A417-7B1C37D71D6E/Documents/BridgeCache/historical_bridges.json, NSURL=file:///Users/peterjemley/Library/Developer/CoreSimulator/Devices/5EE0577A-2E03-4DC1-A7B3-E5E0EF8196B1/data/Containers/Data/Application/DC5EF751-4160-44F2-A417-7B1C37D71D6E/Documents/BridgeCache/historical_bridges.json, NSUnderlyingError=0x600000d7d2f0 {Error Domain=NSPOSIXErrorDomain Code=2 "No such file or directory"}}
   Domain: NSCocoaErrorDomain, Code: 260
   UserInfo: ["NSUnderlyingError": Error Domain=NSPOSIXErrorDomain Code=2 "No such file or directory", "NSFilePath": /Users/peterjemley/Library/Developer/CoreSimulator/Devices/5EE0577A-2E03-4DC1-A7B3-E5E0EF8196B1/data/Containers/Data/Application/DC5EF751-4160-44F2-A417-7B1C37D71D6E/Documents/BridgeCache/historical_bridges.json, "NSURL": file:///Users/peterjemley/Library/Developer/CoreSimulator/Devices/5EE0577A-2E03-4DC1-A7B3-E5E0EF8196B1/data/Containers/Data/Application/DC5EF751-4160-44F2-A417-7B1C37D71D6E/Documents/BridgeCache/historical_bridges.json]
Starting batch fetch of historical bridge data...
Fetching batch starting at offset 0...
✅ PathScoringService configuration validated successfully
✅ PathScoringService configuration validated successfully
✅ PathScoringService configuration validated successfully
2025-09-06 20:18:25.829569-0700 Bridget[14371:251581] [ScoringMetrics] 📊 Recorded scoring metrics: 1 paths, 0.000s
◇ Test "Monitoring service should get recent alerts" started.
✅ PathScoringService configuration validated successfully
✅ BaselinePredictor basic test passed
2025-09-06 20:18:25.914258-0700 Bridget[14371:251693] [ScoringMetrics] 📊 Recorded scoring metrics: 1 paths, 0.000s
✅ PathScoringService configuration validated successfully
2025-09-06 20:18:25.918016-0700 Bridget[14371:251692] [ScoringMetrics] 📊 Recorded scoring metrics: 1 paths, 0.000s
✅ PathScoringService configuration validated successfully
2025-09-06 20:18:25.918645-0700 Bridget[14371:251692] [ScoringMetrics] 📊 Recorded scoring metrics: 1 paths, 0.000s
✅ PathScoringService configuration validated successfully
2025-09-06 20:18:25.919116-0700 Bridget[14371:251692] [ScoringMetrics] 📊 Recorded scoring metrics: 1 paths, 0.000s
ℹ️ No historical data available for Beta smoothing differentiation; predictions fell back to default (0.800). Skipping prior sensitivity checks.
✅ PathScoringService configuration validated successfully
✅ PathScoringService configuration validated successfully
✅ PathScoringService configuration validated successfully
✅ PathScoringService created successfully with BaselinePredictor
✅ PathScoringService configuration validated successfully
📊 BaselinePredictor Performance Metrics:
  Single prediction: 0.000s
  Batch prediction (6 bridges): 0.000s
  Average per bridge: 0.000s
  Single bridge probability: 0.100
⚠️ Bridge 6 passed fallback threshold: 1044.8m (tight threshold: 500.0m)
✅ Bridge 29 validated with transformation: 0.0m
✅ Bridge 3 validated with transformation: 0.0m
2025-09-06 20:18:25.977559-0700 Bridget[14371:251694] [PathEnumeration] Enumerating paths from A to E using yens_k_shortest
2025-09-06 20:18:25.977630-0700 Bridget[14371:251694] [PathEnumeration] Selected algorithm: yens_k_shortest
2025-09-06 20:18:25.977717-0700 Bridget[14371:251694] [PathEnumeration] Yen's: Finding 5 shortest paths from A to E
✅ Bridge 21 validated with transformation: 0.0m
2025-09-06 20:18:25.978626-0700 Bridget[14371:251688] [PathEnumeration] Enumerating paths from A to Z using yens_k_shortest
2025-09-06 20:18:25.978818-0700 Bridget[14371:251694] [PathEnumeration] Yen's: Found 5 valid paths from A to E
2025-09-06 20:18:25.978870-0700 Bridget[14371:251694] [PathEnumeration] Enumerating paths from A to E using dfs
2025-09-06 20:18:25.978897-0700 Bridget[14371:251694] [PathEnumeration] Selected algorithm: dfs
✅ Bridge 4 validated with transformation: 0.0m
2025-09-06 20:18:25.978977-0700 Bridget[14371:251694] [PathEnumeration] DFS: Shortest path time: 500.000000s
2025-09-06 20:18:25.979055-0700 Bridget[14371:251694] [PathEnumeration] DFS: Found 7 paths from A to E
⚠️ Bridge 1 passed fallback threshold: 6228.7m (tight threshold: 500.0m)
2025-09-06 20:18:25.979362-0700 Bridget[14371:251694] [PathEnumeration] Enumerating paths from A to E using yens_k_shortest
2025-09-06 20:18:25.979415-0700 Bridget[14371:251694] [PathEnumeration] Selected algorithm: yens_k_shortest
2025-09-06 20:18:25.979470-0700 Bridget[14371:251694] [PathEnumeration] Yen's: Finding 5 shortest paths from A to E
2025-09-06 20:18:25.979900-0700 Bridget[14371:251694] [PathEnumeration] Yen's: Found 5 valid paths from A to E
✅ Bridge 2 validated with transformation: 0.0m
2025-09-06 20:18:25.980504-0700 Bridget[14371:251694] [FileManagerUtils] Failed to remove file at /Users/peterjemley/Library/Developer/CoreSimulator/Devices/5EE0577A-2E03-4DC1-A7B3-E5E0EF8196B1/data/Containers/Data/Application/DC5EF751-4160-44F2-A417-7B1C37D71D6E/tmp/FileManagerUtilsTests/D0367B0D-17E9-40A3-AE90-411BB92CBBEC: “D0367B0D-17E9-40A3-AE90-411BB92CBBEC” couldn’t be removed.
2025-09-06 20:18:25.980598-0700 Bridget[14371:251694] [FileManagerUtils] Creating directory at: /Users/peterjemley/Library/Developer/CoreSimulator/Devices/5EE0577A-2E03-4DC1-A7B3-E5E0EF8196B1/data/Containers/Data/Application/DC5EF751-4160-44F2-A417-7B1C37D71D6E/tmp/FileManagerUtilsTests/D0367B0D-17E9-40A3-AE90-411BB92CBBEC
2025-09-06 20:18:25.980656-0700 Bridget[14371:251694] [FileManagerUtils] Parent directory does not exist: /Users/peterjemley/Library/Developer/CoreSimulator/Devices/5EE0577A-2E03-4DC1-A7B3-E5E0EF8196B1/data/Containers/Data/Application/DC5EF751-4160-44F2-A417-7B1C37D71D6E/tmp/FileManagerUtilsTests
2025-09-06 20:18:25.980920-0700 Bridget[14371:251688] [PathEnumeration] Enumerating paths from A to E using yens_k_shortest
2025-09-06 20:18:25.980957-0700 Bridget[14371:251688] [PathEnumeration] Selected algorithm: yens_k_shortest
2025-09-06 20:18:25.981007-0700 Bridget[14371:251688] [PathEnumeration] Yen's: Finding 5 shortest paths from A to E
2025-09-06 20:18:25.981079-0700 Bridget[14371:251694] [FileManagerUtils] Successfully created directory: /Users/peterjemley/Library/Developer/CoreSimulator/Devices/5EE0577A-2E03-4DC1-A7B3-E5E0EF8196B1/data/Containers/Data/Application/DC5EF751-4160-44F2-A417-7B1C37D71D6E/tmp/FileManagerUtilsTests/D0367B0D-17E9-40A3-AE90-411BB92CBBEC
2025-09-06 20:18:25.981394-0700 Bridget[14371:251688] [PathEnumeration] Yen's: Found 5 valid paths from A to E
✅ PathScoringService configuration validated successfully
⚠️ ETAEstimator: Bridge ID 'xyz' rejected by policy (neither canonical nor allowed synthetic). Skipping bridge ETA calculation.
2025-09-06 20:18:25.981797-0700 Bridget[14371:251688] [FileManagerUtils] Failed to remove file at /Users/peterjemley/Library/Developer/CoreSimulator/Devices/5EE0577A-2E03-4DC1-A7B3-E5E0EF8196B1/data/Containers/Data/Application/DC5EF751-4160-44F2-A417-7B1C37D71D6E/tmp/FileManagerUtilsTests/EF962141-8FA3-4FC9-ACD9-0DC957FE6ED2: “EF962141-8FA3-4FC9-ACD9-0DC957FE6ED2” couldn’t be removed.
2025-09-06 20:18:25.981866-0700 Bridget[14371:251688] [FileManagerUtils] Creating directory at: /Users/peterjemley/Library/Developer/CoreSimulator/Devices/5EE0577A-2E03-4DC1-A7B3-E5E0EF8196B1/data/Containers/Data/Application/DC5EF751-4160-44F2-A417-7B1C37D71D6E/tmp/FileManagerUtilsTests/EF962141-8FA3-4FC9-ACD9-0DC957FE6ED2
2025-09-06 20:18:25.981933-0700 Bridget[14371:251688] [FileManagerUtils] Parent directory exists and is directory: /Users/peterjemley/Library/Developer/CoreSimulator/Devices/5EE0577A-2E03-4DC1-A7B3-E5E0EF8196B1/data/Containers/Data/Application/DC5EF751-4160-44F2-A417-7B1C37D71D6E/tmp/FileManagerUtilsTests
✅ PathScoringService configuration validated successfully
2025-09-06 20:18:25.981998-0700 Bridget[14371:251688] [FileManagerUtils] Parent directory is writable: /Users/peterjemley/Library/Developer/CoreSimulator/Devices/5EE0577A-2E03-4DC1-A7B3-E5E0EF8196B1/data/Containers/Data/Application/DC5EF751-4160-44F2-A417-7B1C37D71D6E/tmp/FileManagerUtilsTests
2025-09-06 20:18:25.982081-0700 Bridget[14371:251688] [FileManagerUtils] Successfully created directory: /Users/peterjemley/Library/Developer/CoreSimulator/Devices/5EE0577A-2E03-4DC1-A7B3-E5E0EF8196B1/data/Containers/Data/Application/DC5EF751-4160-44F2-A417-7B1C37D71D6E/tmp/FileManagerUtilsTests/EF962141-8FA3-4FC9-ACD9-0DC957FE6ED2
2025-09-06 20:18:25.982236-0700 Bridget[14371:251694] [FileManagerUtils] Failed to remove file at /Users/peterjemley/Library/Developer/CoreSimulator/Devices/5EE0577A-2E03-4DC1-A7B3-E5E0EF8196B1/data/Containers/Data/Application/DC5EF751-4160-44F2-A417-7B1C37D71D6E/tmp/FileManagerUtilsTests/D3A358E5-EDA5-4DE1-B648-8A59EA240E43: “D3A358E5-EDA5-4DE1-B648-8A59EA240E43” couldn’t be removed.
2025-09-06 20:18:25.982294-0700 Bridget[14371:251694] [FileManagerUtils] Creating directory at: /Users/peterjemley/Library/Developer/CoreSimulator/Devices/5EE0577A-2E03-4DC1-A7B3-E5E0EF8196B1/data/Containers/Data/Application/DC5EF751-4160-44F2-A417-7B1C37D71D6E/tmp/FileManagerUtilsTests/D3A358E5-EDA5-4DE1-B648-8A59EA240E43
2025-09-06 20:18:25.982354-0700 Bridget[14371:251694] [FileManagerUtils] Parent directory exists and is directory: /Users/peterjemley/Library/Developer/CoreSimulator/Devices/5EE0577A-2E03-4DC1-A7B3-E5E0EF8196B1/data/Containers/Data/Application/DC5EF751-4160-44F2-A417-7B1C37D71D6E/tmp/FileManagerUtilsTests
2025-09-06 20:18:25.982462-0700 Bridget[14371:251694] [FileManagerUtils] Parent directory is writable: /Users/peterjemley/Library/Developer/CoreSimulator/Devices/5EE0577A-2E03-4DC1-A7B3-E5E0EF8196B1/data/Containers/Data/Application/DC5EF751-4160-44F2-A417-7B1C37D71D6E/tmp/FileManagerUtilsTests
2025-09-06 20:18:25.982568-0700 Bridget[14371:251694] [FileManagerUtils] Successfully created directory: /Users/peterjemley/Library/Developer/CoreSimulator/Devices/5EE0577A-2E03-4DC1-A7B3-E5E0EF8196B1/data/Containers/Data/Application/DC5EF751-4160-44F2-A417-7B1C37D71D6E/tmp/FileManagerUtilsTests/D3A358E5-EDA5-4DE1-B648-8A59EA240E43
2025-09-06 20:18:25.982936-0700 Bridget[14371:251578] [PathEnumeration] Enumerating paths from A to E using yens_k_shortest
2025-09-06 20:18:25.982976-0700 Bridget[14371:251578] [PathEnumeration] Selected algorithm: yens_k_shortest
2025-09-06 20:18:25.982974-0700 Bridget[14371:251688] [FileManagerUtils] Atomically replaced file at /Users/peterjemley/Library/Developer/CoreSimulator/Devices/5EE0577A-2E03-4DC1-A7B3-E5E0EF8196B1/data/Containers/Data/Application/DC5EF751-4160-44F2-A417-7B1C37D71D6E/tmp/FileManagerUtilsTests/EF962141-8FA3-4FC9-ACD9-0DC957FE6ED2/original.txt
2025-09-06 20:18:25.983033-0700 Bridget[14371:251578] [PathEnumeration] Yen's: Finding 10 shortest paths from A to E
2025-09-06 20:18:25.983732-0700 Bridget[14371:251578] [PathEnumeration] Yen's: Found 3 valid paths from A to E
✅ PathScoringService configuration validated successfully
⚠️ ETAEstimator: Bridge ID '999' rejected by policy (neither canonical nor allowed synthetic). Skipping bridge ETA calculation.
2025-09-06 20:18:25.983836-0700 Bridget[14371:251578] [PathEnumeration] Enumerating paths from A to E using auto
2025-09-06 20:18:25.983872-0700 Bridget[14371:251578] [PathEnumeration] Selected algorithm: yens_k_shortest
2025-09-06 20:18:25.983917-0700 Bridget[14371:251688] [FileManagerUtils] Failed to remove file at /Users/peterjemley/Library/Developer/CoreSimulator/Devices/5EE0577A-2E03-4DC1-A7B3-E5E0EF8196B1/data/Containers/Data/Application/DC5EF751-4160-44F2-A417-7B1C37D71D6E/tmp/FileManagerUtilsTests/206B1B35-40A7-4F3B-9E75-A3E289A148F9: “206B1B35-40A7-4F3B-9E75-A3E289A148F9” couldn’t be removed.
2025-09-06 20:18:25.983922-0700 Bridget[14371:251578] [PathEnumeration] Yen's: Finding 3 shortest paths from A to E
2025-09-06 20:18:25.983977-0700 Bridget[14371:251688] [FileManagerUtils] Creating directory at: /Users/peterjemley/Library/Developer/CoreSimulator/Devices/5EE0577A-2E03-4DC1-A7B3-E5E0EF8196B1/data/Containers/Data/Application/DC5EF751-4160-44F2-A417-7B1C37D71D6E/tmp/FileManagerUtilsTests/206B1B35-40A7-4F3B-9E75-A3E289A148F9
2025-09-06 20:18:25.984077-0700 Bridget[14371:251694] [FileManagerUtils] Failed to remove file at /Users/peterjemley/Library/Developer/CoreSimulator/Devices/5EE0577A-2E03-4DC1-A7B3-E5E0EF812025-09-06 20:18:25.984079-0700 Bridget[14371:251688] [FileManagerUtils] Parent directory exists and is directory: /Users/peterjemley/Library/Developer/CoreSimulator/Devices/5EE0577A-2E03-4DC1-A7B3-E5E0EF8196B1/data/Containers/Data/Application/DC5EF751-4160-44F2-A417-7B1C37D71D6E/tmp/FileManagerUtilsTests
96B1/data/Containers/Data/Application/DC5EF751-4160-44F2-A417-7B1C37D71D6E/tmp/FileManagerUtilsTests/65D1D1FC-EB49-4B25-9BD7-3273AA912B17: “65D1D1FC-EB49-4B25-9BD7-3273AA912B17” couldn’t be removed.
2025-09-06 20:18:25.984187-0700 Bridget[14371:251578] [PathEnumeration] Yen's: Found 3 valid paths from A to E
2025-09-06 20:18:25.984194-0700 Bridget[14371:251694] [FileManagerUtils] Creating directory at: /Users/peterjemley/Library/Developer/CoreSimulator/Devices/5EE0577A-2E03-4DC1-A7B3-E5E0EF8196B1/data/Containers/Data/Application/DC5EF751-4160-44F2-A417-7B1C37D71D6E/tmp/FileManagerUtilsTests/65D1D1FC-EB49-4B25-9BD7-3273AA912B17
2025-09-06 20:18:25.984220-0700 Bridget[14371:251688] [FileManagerUtils] Parent directory is writable: /Users/peterjemley/Library/Developer/CoreSimulator/Devices/5EE0577A-2E03-4DC1-A7B3-E5E0EF8196B1/data/Containers/Data/Application/DC5EF751-4160-44F2-A417-7B1C37D71D6E/tmp/FileManagerUtilsTests
2025-09-06 20:18:25.984253-0700 Bridget[14371:251694] [FileManagerUtils] Parent directory exists and is directory: /Users/peterjemley/Library/Developer/CoreSimulator/Devices/5EE0577A-2E03-4DC1-A7B3-E5E0EF8196B1/data/Containers/Data/Application/DC5EF751-4160-44F2-A417-7B1C37D71D6E/tmp/FileManagerUtilsTests
2025-09-06 20:18:25.984342-0700 Bridget[14371:251688] [FileManagerUtils] Successfully created directory: /Users/peterjemley/Library/Developer/CoreSimulator/Devices/5EE0577A-2E03-4DC1-A7B3-E5E0EF8196B1/data/Containers/Data/Application/DC5EF751-4160-44F2-A417-7B1C37D71D6E/tmp/FileManagerUtilsTests/206B1B35-40A7-4F3B-9E75-A3E289A148F9
2025-09-06 20:18:25.984360-0700 Bridget[14371:251694] [FileManagerUtils] Parent directory is writable: /Users/peterjemley/Library/Developer/CoreSimulator/Devices/5EE0577A-2E03-4DC1-A7B3-E5E0EF8196B1/data/Containers/Data/Application/DC5EF751-4160-44F2-A417-7B1C37D71D6E/tmp/FileManagerUtilsTests
2025-09-06 20:18:25.984376-0700 Bridget[14371:251578] [FileManagerUtils] Failed to remove file at /Users/peterjemley/Library/Developer/CoreSimulator/Devices/5EE0577A-2E03-4DC1-A7B3-E5E0EF8196B1/data/Containers/Data/Application/DC5EF751-4160-44F2-A417-7B1C37D71D6E/tmp/FileManagerUtilsTests/AC7712F7-8A4E-4C94-AFDB-6EB105880993: “AC7712F7-8A4E-4C94-AFDB-6EB105880993” couldn’t2025-09-06 20:18:25.984445-0700 Bridget[14371:251694] [FileManagerUtils] Successfully created directory: /Users/peterjemley/Library/Developer/CoreSimulator/Devices/5EE0577A-2E03-4DC1-A7B3-E5E0EF8196B1/data/Containers/Data/Application/DC5EF751-4160-44F2-A417-7B1C37D71D6E/tmp/FileManagerUtilsTests/65D1D1FC-EB49-4B25-9BD7-3273AA912B17
 be removed.
2025-09-06 20:18:25.984637-0700 Bridget[14371:251578] [FileManagerUtils] Creating directory at: /Users/peterjemley/Library/Developer/CoreSimulator/Devices/5EE0577A-2E03-4DC1-A7B3-E5E0EF8196B1/data/Containers/Data/Application/DC5EF751-4160-44F2-A417-7B1C37D71D6E/tmp/FileManagerUtilsTests/AC7712F7-8A4E-4C94-AFDB-6EB105880993
2025-09-06 20:18:25.984697-0700 Bridget[14371:251578] [FileManagerUtils] Parent directory exists and is directory: /Users/peterjemley/Library/Developer/CoreSimulator/Devices/5EE0577A-2E03-4DC1-A7B3-E5E0EF8196B1/data/Containers/Data/Application/DC5EF751-4160-44F2-A417-7B1C37D71D6E/tmp/FileManagerUtilsTests
2025-09-06 20:18:25.984753-0700 Bridget[14371:251578] [FileManagerUtils] Parent directory is writable: /Users/peterjemley/Library/Developer/CoreSimulator/Devices/5EE0577A-2E03-4DC1-A7B3-E5E0EF8196B1/data/Containers/Data/Application/DC5EF751-4160-44F2-A417-7B1C37D71D6E/tmp/FileManagerUtilsTests
2025-09-06 20:18:25.984877-0700 Bridget[14371:251688] [PathEnumeration] Enumerating paths from A to E using yens_k_shortest
2025-09-06 20:18:25.984890-0700 Bridget[14371:251578] [FileManagerUtils] Successfully created directory: /Users/peterjemley/Library/Developer/CoreSimulator/Devices/5EE0577A-2E03-4DC1-A7B3-E5E0EF8196B1/data/Containers/Data/Application/DC5EF751-4160-44F2-A417-7B1C37D71D6E/tmp/FileManagerUtilsTests/AC7712F7-8A4E-4C94-AFDB-6EB105880993
2025-09-06 20:18:25.984913-0700 Bridget[14371:251688] [PathEnumeration] Selected algorithm: yens_k_shortest
2025-09-06 20:18:25.985010-0700 Bridget[14371:251688] [PathEnumeration] Yen's: Finding 5 shortest paths from A to E
2025-09-06 20:18:25.985211-0700 Bridget[14371:251578] [FileManagerUtils] Failed to remove file at /Users/peterjemley/Library/Developer/CoreSimulator/Devices/5EE0577A-2E03-4DC1-A7B3-E5E0EF8196B1/data/Containers/Data/Application/DC5EF751-4160-44F2-A417-7B1C37D71D6E/tmp/FileManagerUtilsTests/AC7712F7-8A4E-4C94-AFDB-6EB105880993: “AC7712F7-8A4E-4C94-AFDB-6EB105880993” couldn’t be removed.
2025-09-06 20:18:25.985331-0700 Bridget[14371:251694] [FileManagerUtils] Failed to remove file at /Users/peterjemley/Library/Developer/CoreSimulator/Devices/5EE0577A-2E03-4DC1-A7B3-E5E0EF8196B1/data/Containers/Data/Application/DC5EF751-4160-44F2-A417-7B1C37D71D6E/tmp/FileManagerUtilsTests/1B906ADC-727A-48F7-AE28-FF7487245B8B: “1B906ADC-727A-48F7-AE28-FF7487245B8B” couldn’t be removed.
2025-09-06 20:18:25.985420-0700 Bridget[14371:251694] [FileManagerUtils] Creating directory at: /Users/peterjemley/Library/Developer/CoreSimulator/Devices/5EE0577A-2E03-4DC1-A7B3-E5E0EF8196B1/data/Containers/Data/Application/DC5EF751-4160-44F2-A417-7B1C37D71D6E/tmp/FileManagerUtilsTests/1B906ADC-727A-48F7-AE28-FF7487245B8B
2025-09-06 20:18:25.985492-0700 Bridget[14371:251694] [FileManagerUtils] Parent directory exists and is directory: /Users/peterjemley/Library/Developer/CoreSimulator/Devices/5EE0577A-2E03-4DC1-A7B3-E5E0EF8196B1/data/Containers/Data/Application/DC5EF751-4160-44F2-A417-7B1C37D71D6E/tmp/FileManagerUtilsTests
2025-09-06 20:18:25.985566-0700 Bridget[14371:251578] [FileManagerUtils] Failed to remove file at /Users/peterjemley/Library/Developer/CoreSimulator/Devices/5EE0577A-2E03-4DC1-A7B3-E5E0EF8196B1/data/Containers/Data/Application/DC5EF751-4160-44F2-A417-7B1C37D71D6E/tmp/FileManagerUtilsTests/6F968ADD-45FE-475B-B99B-3D129DCE2BF6: “6F968ADD-45FE-475B-B99B-3D129DCE2BF6” couldn’t be removed.
2025-09-06 20:18:25.985585-0700 Bridget[14371:251688] [PathEnumeration] Yen's: Found 5 valid paths from A to E
2025-09-06 20:18:25.985622-0700 Bridget[14371:251578] [FileManagerUtils] Creating directory at: /Users/peterjemley/Library/Developer/CoreSimulator/Devices/5EE0577A-2E03-4DC1-A7B3-E5E0EF8196B1/data/Containers/Data/Application/DC5EF751-4160-44F2-A417-7B1C37D71D6E/tmp/FileManagerUtilsTests/6F968ADD-45FE-475B-B99B-3D129DCE2BF6
2025-09-06 20:18:25.985625-0700 Bridget[14371:251694] [FileManagerUtils] Parent directory is writable: /Users/peterjemley/Library/Developer/CoreSimulator/Devices/5EE0577A-2E03-4DC1-A7B3-E5E0EF8196B1/data/Containers/Data/Application/DC5EF751-4160-44F2-A417-7B1C37D71D6E/tmp/FileManagerUtilsTests
2025-09-06 20:18:25.985674-0700 Bridget[14371:251578] [FileManagerUtils] Parent directory exists and is directory: /Users/peterjemley/Library/Developer/CoreSimulator/Devices/5EE0577A-2E03-4DC1-A7B3-E5E0EF8196B1/data/Containers/Data/Application/DC5EF751-4160-44F2-A417-7B1C37D71D6E/tmp/FileManagerUtilsTests
2025-09-06 20:18:25.985745-0700 Bridget[14371:251694] [FileManagerUtils] Successfully created directory: /Users/peterjemley/Library/Developer/CoreSimulator/Devices/5EE0577A-2E03-4DC1-A7B3-E5E0EF8196B1/data/Containers/Data/Application/DC5EF751-4160-44F2-A417-7B1C37D71D6E/tmp/FileManagerUtilsTests/1B906ADC-727A-48F7-AE28-FF7487245B8B
2025-09-06 20:18:25.985818-0700 Bridget[14371:251688] [FileManagerUtils] Failed to remove file at /Users/peterjemley/Library/Developer/CoreSimulator/Devices/5EE0577A-2E03-4DC1-A7B3-E5E0EF8196B1/data/Containers/Data/Application/D2025-09-06 20:18:25.985827-0700 Bridget[14371:251578] [FileManagerUtils] Parent directory is writable: /Users/peterjemley/Library/Developer/CoreSimulator/Devices/5EE0577A-2E03-4DC1-A7B3-E5E0EF8196B1/data/Containers/Data/Application/DC5EF751-4160-44F2-A417-7B1C37D71D6E/tmp/FileManagerUtilsTests
C5EF751-4160-44F2-A417-7B1C37D71D6E/tmp/FileManagerUtilsTests/FD14811D-27D9-460C-8C12-2165B9EC854C: “FD14811D-27D9-460C-8C12-2165B9EC854C” couldn’t be removed.
2025-09-06 20:18:25.986082-0700 Bridget[14371:251694] [FileManagerUtils] Failed to remove file at /Users/peterjemley/Library/Developer/CoreSimulator/Devices/5EE0577A-2E03-4DC1-A7B3-E5E0EF8196B1/data/Containers/Data/Application/DC5EF751-4160-44F2-A417-7B1C37D71D6E/tmp/FileManagerUtilsTests/88C4BBFF-8934-4253-9F96-10A1C247CD92: “88C4BBFF-8934-4253-9F96-10A1C247CD92” couldn’t be removed.
2025-09-06 20:18:25.986115-0700 Bridget[14371:251688] [FileManagerUtils] Creating directory at: /Users/peterjemley/Library/Developer/CoreSimulator/Devices/5EE0577A-2E03-4DC1-A7B3-E5E0EF8196B1/data/Containers/Data/Application/DC5EF751-4160-44F2-A417-7B1C37D71D6E/tmp/FileManagerUtilsTests/FD14811D-27D9-460C-8C12-2165B9EC854C
2025-09-06 20:18:25.986143-0700 Bridget[14371:251694] [FileManagerUtils] Creating directory at: /Users/peterjemley/Library/Developer/CoreSimulator/Devices/5EE0577A-2E03-4DC1-A7B3-E5E0EF8196B1/data/Containers/Data/Application/DC5EF751-4160-44F2-A417-7B1C37D71D6E/tmp/FileManagerUtilsTests/88C4BBFF-8934-4253-9F96-10A1C247CD92
2025-09-06 20:18:25.986158-0700 Bridget[14371:251578] [FileManagerUtils] Successfully created directory: /Users/peterjemley/Library/Developer/CoreSimulator/Devices/5EE0577A-2E03-4DC1-A7B3-E5E0EF8196B1/data/Containers/Data/Application/DC5EF751-4160-44F2-A417-7B1C37D71D6E/tmp/FileManagerUtilsTests/6F968ADD-45FE-475B-B99B-3D129DCE2BF6
2025-09-06 20:18:25.986479-0700 Bridget[14371:251694] [FileManagerUtils] Parent directory exists and is directory: /Users/peterjemley/Library/Developer/CoreSimulator/Devices/5EE0577A-2E03-4DC1-A7B3-E5E0EF8196B1/data/Containers/Data/Application/DC5EF751-4160-44F2-A417-7B1C37D71D6E/tmp/FileManagerUtilsTests
2025-09-06 20:18:25.986479-0700 Bridget[14371:251688] [FileManagerUtils] Parent directory exists and is directory: /Users/peterjemley/Library/Developer/CoreSimulator/Devices/5EE0577A-2E03-4DC1-A7B3-E5E0EF8196B1/data/Containers/Data/Application/DC5EF751-4160-44F2-A417-7B1C37D71D6E/tmp/FileManagerUtilsTests
2025-09-06 20:18:25.986547-0700 Bridget[14371:251694] [FileManagerUtils] Parent directory is writable: /Users/peterjemley/Library/Developer/CoreSimulator/Devices/5EE0577A-2E03-4DC1-A7B3-E5E0EF8196B1/data/Containers/Data/Application/DC5EF751-4160-44F2-A417-7B1C37D71D6E/tmp/FileManagerUtilsTests
2025-09-06 20:18:25.986648-0700 Bridget[14371:251688] [FileManagerUtils] Parent directory is writable: /Users/peterjemley/Library/Developer/CoreSimulator/Devices/5EE0577A-2E03-4DC1-A7B3-E5E0EF8196B1/data/Containers/Data/Application/DC5EF751-4160-44F2-A417-7B1C37D71D6E/tmp/FileManagerUtilsTests
2025-09-06 20:18:25.986781-0700 Bridget[14371:251694] [FileManagerUtils] Successfully created directory: /Users/peterjemley/Library/Developer/CoreSimulator/Devices/5EE0577A-2E03-4DC1-A7B3-E5E0EF8196B1/data/Containers/Data/Application/DC5EF751-4160-44F2-A417-7B1C37D71D6E/tmp/FileManagerUtilsTests/88C4BBFF-8934-4253-9F96-10A1C247CD92
2025-09-06 20:18:25.986809-0700 Bridget[14371:251688] [FileManagerUtils] Successfully created directory: /Users/peterjemley/Library/Developer/CoreSimulator/Devices/5EE0577A-2E03-4DC1-A7B3-E5E0EF8196B1/data/Containers/Data/Application/DC5EF751-4160-44F2-A417-7B1C37D71D6E/tmp/FileManagerUtilsTests/FD14811D-27D9-460C-8C12-2165B9EC854C
✅ PathScoringService configuration validated successfully
2025-09-06 20:18:25.987932-0700 Bridget[14371:251694] [FileManagerUtils] Failed to remove file at /Users/peterjemley/Library/Developer/CoreSimulator/Devices/5EE0577A-2E03-4DC1-A7B3-E5E0EF8196B1/data/Containers/Data/Application/DC5EF751-4160-44F2-A417-7B1C37D71D6E/tmp/FileManagerUtilsTests/D7C008A7-78F2-4BC7-8728-D9792C29E480: “D7C008A7-78F2-4BC7-8728-D9792C29E480” couldn’t be removed.
2025-09-06 20:18:25.988029-0700 Bridget[14371:251694] [FileManagerUtils] Creating directory at: /Users/peterjemley/Library/Developer/CoreSimulator/Devices/5EE0577A-2E03-4DC1-A7B3-E5E0EF8196B1/data/Containers/Data/Application/DC5EF751-4160-44F2-A417-7B1C37D71D6E/tmp/FileManagerUtilsTests/D7C008A7-78F2-4BC7-8728-D9792C29E480
2025-09-06 20:18:25.988097-0700 Bridget[14371:251694] [FileManagerUtils] Parent directory exists and is directory: /Users/peterjemley/Library/Developer/CoreSimulator/Devices/5EE0577A-2E03-4DC1-A7B3-E5E0EF8196B1/data/Containers/Data/Application/DC5EF751-4160-44F2-A417-7B1C37D71D6E/tmp/FileManagerUtilsTests
2025-09-06 20:18:25.988131-0700 Bridget[14371:251569] [FileManagerUtils] Failed to remove file at /Users/peterjemley/Library/Developer/CoreSimulator/Devices/5EE0577A-2E03-4DC1-A7B3-E5E0EF8196B1/data/Containers/Data/Application/DC5EF751-4160-44F2-A417-7B1C37D71D6E/tmp/FileManagerUtilsTests/E9F1374B-AEA5-4CF5-BA6D-3C689D7BC15A: “E9F1374B-AEA5-4CF5-BA6D-3C689D7BC15A” couldn’t be removed2025-09-06 20:18:25.988158-0700 Bridget[14371:251694] [FileManagerUtils] Parent directory is writable: /Users/peterjemley/Library/Developer/CoreSimulator/Devices/5EE0577A-2E03-4DC1-A7B3-E5E0EF8196B1/data/Containers/Data/Application/DC5EF751-4160-44F2-A417-7B1C37D71D6E/tmp/FileManagerUtilsTests
.
2025-09-06 20:18:25.988178-0700 Bridget[14371:251578] [FileManagerUtils] Creating directory at: /invalid/path/that/should/not/exist
2025-09-06 20:18:25.988343-0700 Bridget[14371:251694] [FileManagerUtils] Successfully created directory: /Users/peterjemley/Library/Developer/CoreSimulator/Devices/5EE0577A-2E03-4DC1-A7B3-E5E0EF8196B1/data/Containers/Data/Application/DC5EF751-4160-44F2-A417-7B1C37D71D6E/tmp/FileManagerUtilsTests/D7C008A7-78F2-4BC7-8728-D9792C29E480
2025-09-06 20:18:25.988357-0700 Bridget[14371:251578] [FileManagerUtils] Parent directory does not exist: /invalid/path/that/should/not
2025-09-06 20:18:25.988542-0700 Bridget[14371:251688] [FileManagerUtils] Removed 1 old files from /Users/peterjemley/Library/Developer/CoreSimulator/Devices/5EE0577A-2E03-4DC1-A7B3-E5E0EF8196B1/data/Containers/Data/Application/DC5EF751-4160-44F2-A417-7B1C37D71D6E/tmp/FileManagerUtilsTests/FD14811D-27D9-460C-8C12-2165B9EC854C
2025-09-06 20:18:25.988573-0700 Bridget[14371:251569] [FileManagerUtils] Failed to remove file at /Users/peterjemley/Library/Developer/CoreSimulator/Devices/5EE0577A-2E03-4DC1-A7B3-E5E0EF8196B1/data/Containers/Data/Application/DC5EF751-4160-44F2-A417-7B1C37D71D6E/tmp/FileManagerUtilsTests/E9F1374B-AEA5-4CF5-BA6D-3C689D7BC15A/nonexistent.txt: “nonexistent.txt” couldn’t be removed.
2025-09-06 20:18:25.988624-0700 Bridget[14371:251578] [FileManagerUtils] Failed to create directory at /invalid/path/that/should/not/exist: You can’t save the file “exist” because the volume is read only.
2025-09-06 20:18:25.988780-0700 Bridget[14371:251578] [FileManagerUtils] Error details: Error Domain=NSCocoaErrorDomain Code=642 "You can’t save the file “exist” because the volume is read only." UserInfo={NSFilePath=/invalid/path/that/should/not/exist, NSURL=file:///invalid/path/that/should/not/exist, NSUnderlyingError=0x600000d42dc0 {Error Domain=NSPOSIXErrorDomain Code=30 "Read-only file system"}}
2025-09-06 20:18:25.989001-0700 Bridget[14371:251569] [FileManagerUtils] Failed to get attributes for /Users/peterjemley/Library/Developer/CoreSimulator/Devices/5EE0577A-2E03-4DC1-A7B3-E5E0EF8196B1/data/Containers/Data/Application/DC5EF751-4160-44F2-A417-7B1C37D71D6E/tmp/FileManagerUtilsTests/E9F1374B-AEA5-4CF5-BA6D-3C689D7BC15A/nonexistent.txt: The file “nonexistent.txt” couldn’t be opened because there is no such file.
✅ PathScoringService configuration validated successfully
2025-09-06 20:18:25.989077-0700 Bridget[14371:251578] [FileManagerUtils] Failed to remove file at /Users/peterjemley/Librar✅ PathScoringService configuration validated successfullyy/Developer/CoreSimulator/Devices/5EE0577A-2E03-4DC1-A7B3-E5E0EF8196B1/data/Containers/Data/Application/DC5EF751-4160-44F2-A417-7B1C37D71D6E/tmp/FileManagerUtilsTests/B26B5306-FFA8-4934-AC8E-E389F0C7772C: “B26B5306-FFA8-4934-AC8E-E389F0C7772C” couldn’t be removed.

2025-09-06 20:18:25.989142-0700 Bridget[14371:251569] [FileManagerUtils] Failed to remove file at /Users/peterjemley/Library/Developer/CoreSimulator/Devices/5EE0577A-2E03-4DC1-A7B3-E5E0EF8196B1/data/Containers/Data/Application/DC5EF751-4160-44F2-A417-7B1C37D71D6E/tmp/FileManagerUtilsTests/E9F1374B-AEA5-4CF5-BA6D-3C689D7BC15A: “E9F1374B-AEA5-4CF5-BA6D-3C689D7BC15A” couldn’t be removed.
✅ PathScoringService configuration validated successfully
✅ PathScoringService configuration validated successfully
2025-09-06 20:18:25.989278-0700 Bridget[14371:251688] [FileManagerUtils] Failed to remove file at /Users/peterjemley/Library/Developer/CoreSimulator/Devices/5EE0577A-2E03-4DC1-A7B3-E5E0EF8196B1/data/Containers/Data/Application/DC5EF751-4160-44F2-A417-7B1C37D71D6E/tmp/FileManagerUtilsTests/DF290E0F-41B4-459A-9116-48A2B01132C7: “DF290E0F-41B4-459A-9116-48A2B01132C7” couldn’t be removed.
2025-09-06 20:18:25.989289-0700 Bridget[14371:251578] [FileManagerUtils] Creating directory at: /Users/peterjemley/Library/Developer/CoreSimulator/Devices/5EE0577A-2E03-4DC1-A7B3-E5E0EF8196B1/data/Containers/Data/Application/DC5EF751-4160-44F2-A417-7B1C37D71D6E/tmp/FileManagerUtilsTests/B26B5306-FFA8-4934-AC8E-E389F0C7772C
✅ PathScoringService configuration validated successfully
✅ PathScoringService configuration validated successfully
📁 Temporary directory: /Users/peterjemley/Library/Developer/CoreSimulator/Devices/5EE0577A-2E03-4DC1-A7B3-E5E0EF8196B1/data/Containers/Data/Application/DC5EF751-4160-44F2-A417-7B1C37D71D6E/tmp
2025-09-06 20:18:25.989402-0700 Bridget[14371:251578] [FileManagerUtils] Parent directory exists and is directory: /Users/peterjemley/Library/Developer/CoreSimulator/Devices/5EE0577A-2E03-4DC1-A7B3-E5E0EF8196B1/data/Containers/Data/Application/DC5EF751-4160-44F2-A417-7B1C37D71D6E/tmp/FileManagerUtilsTests
✅ PathScoringService configuration validated successfully
✅ PathScoringService configuration validated successfully
2025-09-06 20:18:25.989490-0700 Bridget[14371:251578] [FileManagerUtils] Parent directory is writable: /Users/peterjemley/Library/Developer/CoreSimulator/Devices/5EE0577A-2E03-4DC1-A7B3-E5E0EF8196B1/data/Containers/Data/Application/DC5EF751-4160-44F2-A417-7B1C37D71D6E/tmp/FileManagerUtilsTests
2025-09-06 20:18:25.989505-0700 Bridget[14371:251688] [FileManagerUtils] Failed to remove file at /Users/peterjemley/Library/Developer/CoreSimulator/Devices/5EE0577A-2E03-4DC1-A7B3-E5E0EF8196B1/data/Containers/Data/Application/DC5EF751-4160-44F2-A417-7B1C37D71D6E/tmp/FileManagerUtilsTests/DF290E0F-41B4-459A-9116-48A2B01132C7/nonexistent.txt: “nonexistent.txt” couldn’t be removed.
📁 Documents directory: /Users/peterjemley/Library/Developer/CoreSimulator/Devices/5EE0577A-2E03-4DC1-A7B3-E5E0EF8196B1/data/Containers/Data/Application/DC5EF751-4160-44F2-A417-7B1C37D71D6E/Documents
✅ PathScoringService configuration validated successfully
✅ PathScoringService configuration validated successfully2025-09-06 20:18:25.989612-0700 Bridget[14371:251578] [FileManagerUtils] Successfully created directory: /Users/peterjemley/Library/Developer/CoreSimulator/Devices/5EE0577A-2E03-4DC1-A7B3-E5E0EF8196B1/data/Containers/Data/Application/DC5EF751-4160-44F2-A417-7B1C37D71D6E/tmp/FileManagerUtilsTests/B26B5306-FFA8-4934-AC8E-E389F0C7772C

2025-09-06 20:18:25.989656-0700 Bridget[14371:251688] [FileManagerUtils] Failed to remove file at /Users/peterjemley/Library/Developer/CoreSimulator/Devices/5EE0577A-2E03-4DC1-A7B3-E5E0EF8196B1/data/Containers/Data/Application/DC5EF751-4160-44F2-A417-7B1C37D71D6E/tmp/FileManagerUtilsTests/DF290E0F-41B4-459A-9116-48A2B01132C7: “DF290E0F-41B4-459A-9116-48A2B01132C7” couldn’t be removed.
📁 Test directory: /Users/peterjemley/Library/Developer/CoreSimulator/Devices/5EE0577A-2E03-4DC1-A7B3-E5E0EF8196B1/data/Containers/Data/Application/DC5EF751-4160-44F2-A417-7B1C37D71D6E/tmp/FileManagerUtilsTests/345A5B8F-6828-48F2-BDE4-660AE4C1E1F1
✅ PathScoringService configuration validated successfully
2025-09-06 20:18:25.989866-0700 Bridget[14371:251569] [FileManagerUtils] Creating directory at: /Users/peterjemley/Library/Developer/CoreSimulator/Devices/5EE0577A-2E03-4DC1-A7B3-E5E0EF8196B1/data/Containers/Data/Application/DC5EF751-4160-44F2-A417-7B1C37D71D6E/tmp/FileManagerUtilsTests/345A5B8F-6828-48F2-BDE4-660AE4C1E1F1
✅ PathScoringService configuration validated successfully
2025-09-06 20:18:25.990077-0700 Bridget[14371:251688] [FileManagerUtils] Failed to remove file at /Users/peterjemley/Library/Developer/CoreSimulator/Devices/5EE0577A-2E03-4DC1-A7B3-E5E0EF8196B1/data/Containers/Data/Application/DC5EF751-4160-44F2-A417-7B1C37D71D6E/tmp/FileManagerUtilsTests/443215ED-F0A8-453F-B331-ED0367BBE52C: “443215ED-F0A8-453F-B331-ED0367BBE52C” couldn’t be removed.
✅ PathScoringService configuration validated successfully
2025-09-06 20:18:25.990194-0700 Bridget[14371:251569] [FileManagerUtils] Parent directory exists and is directory: /Users/peterjemley/Library/Developer/CoreSimulator/Devices/5EE0577A-2✅ PathScoringService configuration validated successfully
2025-09-06 20:18:25.990336-0700 Bridget[14371:251688] [FileManagerUtils] Directory already exists: /Users/peterjemley/Library/Developer/CoreSimulator/Devices/5EE0577A-2E03-4DC1-A7B3-E5E0EF8196B1/data/Containers/Data/Application/DC5EF751-4160-44F2-A417-7B1C37D71D6E/tmp/FileManagerUtilsTests/443215ED-F0A8-453F-B331-ED0367BBE52C
E03-4DC1-A7B3-E5E0EF8196B1/data/Containers/Data/Application/DC5EF751-4160-44F2-A417-7B1C37D71D6E/tmp/FileManagerUtilsTests
2025-09-06 20:18:25.990407-0700 Bridget[14371:251580] [PathEnumeration] Enumerating paths from A to B using dfs
✅ PathScoringService configuration validated successfully
✅ PathScoringService configuration validated successfully2025-09-06 20:18:25.990887-0700 Bridget[14371:251569] [FileManagerUtils] Parent directory is writable: /Users/peterjemley/Library/Developer/CoreSimulator/Devices/5EE0577A-2E03-4DC1-A7B3-E5E0EF8196B1/data/Containers/Data/Application/DC5EF751-4160-44F2-A417-7B1C37D71D6E/tmp/FileManagerUtilsTests

✅ PathScoringService configuration validated successfully
✅ PathScoringService configuration validated successfully
2025-09-06 20:18:25.991019-0700 Bridget[14371:251569] [FileManagerUtils] Successfully created directory: /Users/peterjemley/Library/Developer/CoreSimulator/Devices/5EE0577A-2E03-4DC1-A7B3-E5E0EF8196B1/data/Containers/Data/Application/DC5EF751-4160-44F2-A417-7B1C37D71D6E/tmp/FileManagerUtilsTests/345A5B8F-6828-48F2-BDE4-660AE4C1E1F1
✅ PathScoringService configuration validated successfully
✅ Environment preflight check passed
◇ Test "All bridge IDs are unique" started.
◇ Test "Bridge info lookup works for all IDs" started.
◇ Test "Policy-based validation works correctly" started.
◇ Test "Synthetic test ID pattern validation" started.
◇ Test "rejects invalid longitude" started.
✅ PathScoringService configuration validated successfully
◇ Test "rejects geospatial mismatch" started.
◇ Test "rejects close date not after open date" started.
◇ Test "rejects negative minutes open" started.
◇ Test "rejects unknown bridge ID" started.
◇ Test "rejects out of range open date" started.
◇ Test "rejects minutes open mismatch" started.
◇ Test "Default profile is created on initialization" started.
◇ Test "rejects empty entity ID" started.
◇ Test "rejects malformed open date" started.
◇ Test "rejects invalid latitude" started.
◇ Test "validates correct bridge record" started.
◇ Test "rejects malformed close date" started.
2025-09-06 20:18:25.993880-0700 Bridget[14371:251580] [CoreMLTraining] Created placeholder base model at file:///Users/peterjemley/Library/Developer/CoreSimulator/Devices/5EE0577A-2E03-4DC1-A7B3-E5E0EF8196B1/data/Containers/Data/Application/DC5EF751-4160-44F2-A417-7B1C37D71D6E/tmp/base_model.mlmodel
2025-09-06 20:18:25.993931-0700 Bridget[14371:251580] [CoreMLTraining] Created new base model for training
2025-09-06 20:18:25.993975-0700 Bridget[14371:251688] [CoreMLTraining] Created placeholder base model at file:///Users/peterjemley/Library/Developer/CoreSimulator/Devices/5EE0577A-2E03-4DC1-A7B3-E5E0EF8196B1/data/Containers/Data/Application/DC5EF751-4160-44F2-A417-7B1C37D71D6E/tmp/base_model.mlmodel
2025-09-06 20:18:25.994075-0700 Bridget[14371:251688] [CoreMLTraining] Created new base model for training
2025-09-06 20:18:25.994087-0700 Bridget[14371:251580] [coreml] Failed to open file: /Users/peterjemley/Library/Developer/CoreSimulator/Devices/5EE0577A-2E03-4DC1-A7B3-E5E0EF8196B1/data/Containers/Data/Application/DC5EF751-4160-44F2-A417-7B1C37D71D6E/tmp/base_model.mlmodel/coremldata.bin. It is not a valid .mlmodelc file.
2025-09-06 20:18:25.994235-0700 Bridget[14371:251688] [coreml] Failed to open file: /Users/peterjemley/Library/Developer/CoreSimulator/Devices/5EE0577A-2E03-4DC1-A7B3-E5E0EF8196B1/data/Containers/Data/Application/DC5EF751-4160-44F2-A417-7B1C37D71D6E/tmp/base_model.mlmodel/coremldata.bin. It is not a valid .mlmodelc file.
✔ Test "extra unknown fields" passed after 0.500 seconds.
✔ Test "date validation performance: metrics integration" passed after 0.501 seconds.
📖 Attempting to load cache for key: historical_bridges
2025-09-06 20:18:25.996514-0700 Bridget[14371:251400] [FileManagerUtils] Directory already exists: /Users/peterjemley/Library/Developer/CoreSimulator/Devices/5EE0577A-2E03-4DC1-A7B3-E5E0EF8196B1/data/Containers/Data/Application/DC5EF751-4160-44F2-A417-7B1C37D71D6E/Documents/BridgeCache
📍 Cache file URL: /Users/peterjemley/Library/Developer/CoreSimulator/Devices/5EE0577A-2E03-4DC1-A7B3-E5E0EF8196B1/data/Containers/Data/Application/DC5EF751-4160-44F2-A417-7B1C37D71D6E/Documents/BridgeCache/historical_bridges.json
❌ Failed to load cache for key historical_bridges: Error Domain=NSCocoaErrorDomain Code=260 "The file “historical_bridges.json” couldn’t be opened because there is no such file." UserInfo={NSFilePath=/Users/peterjemley/Library/Developer/CoreSimulator/Devices/5EE0577A-2E03-4DC1-A7B3-E5E0EF8196B1/data/Containers/Data/Application/DC5EF751-4160-44F2-A417-7B1C37D71D6E/Documents/BridgeCache/historical_bridges.json, NSURL=file:///Users/peterjemley/Library/Developer/CoreSimulator/Devices/5EE0577A-2E03-4DC1-A7B3-E5E0EF8196B1/data/Containers/Data/Application/DC5EF751-4160-44F2-A417-7B1C37D71D6E/Documents/BridgeCache/historical_bridges.json, NSUnderlyingError=0x600000d78810 {Error Domain=NSPOSIXErrorDomain Code=2 "No such file or directory"}}2025-09-06 20:18:25.997955-0700 Bridget[14371:251569] [ScoringMetrics] 📊 Recorded scoring metrics: 2 paths, 1.000s

   Domain: NSCocoaErrorDomain, Code: 260
✅ PathScoringService configuration validated successfully
✅ PathScoringService configuration validated successfully
✅ PathScoringService configuration validated successfully
   UserInfo: ["NSUnderlyingError": Error Domain=NSPOSIXErrorDomain Code=2 "No such file or directory", "NSURL": file:///Users/peterjemley/Library/Developer/CoreSimulator/Devices/5EE0577A-2E03-4DC1-A7B3-E5E0EF8196B1/data/Containers/Data/Application/DC5EF751-4160-44F2-A417-7B1C37D71D6E/Documents/BridgeCache/historical_bridges.json, "NSFilePath": /Users/peterjemley/Library/Developer/CoreSimulator/Devices/5EE0577A-2E03-4DC1-A7B3-E5E0EF8196B1/data/Containers/Data/Application/DC5EF751-4160-44F2-A417-7B1C37D71D6E/Documents/BridgeCache/historical_bridges.json]2025-09-06 20:18:26.006058-0700 Bridget[14371:251569] [ScoringMetrics] 🔄 Scoring metrics aggregator reset

Starting batch fetch of historical bridge data...
Fetching batch starting at offset 0...
✔ Test "valid primary format" passed after 0.512 seconds.
2025-09-06 20:18:26.009671-0700 Bridget[14371:251583] [ScoringMetrics] 📊 Recorded scoring metrics: 3 paths, 1.500s
2025-09-06 20:18:26.010162-0700 Bridget[14371:251583] [ScoringMetrics] 📄 Scoring metrics exported to CSV: /Users/peterjemley/Library/Developer/CoreSimulator/Devices/5EE0577A-2E03-4DC1-A7B3-E5E0EF8196B1/data/Containers/Data/Application/DC5EF751-4160-44F2-A417-7B1C37D71D6E/Documents/test_scoring_metrics.csv
✅ PathScoringService configuration validated successfully
2025-09-06 20:18:26.014082-0700 Bridget[14371:251583] [ScoringMetrics] 📊 Recorded scoring metrics: 2 paths, 1.000s
2025-09-06 20:18:26.014535-0700 Bridget[14371:251583] [ScoringMetrics] 📊 Recorded scoring metrics: 3 paths, 2.000s
✔ Test "Bridge locations dictionary is correctly populated" passed after 0.525 seconds.
✔ Test "business validation: empty and malformed date" passed after 0.525 seconds.
✔ Test "Bridge count and collections should have exactly 7 items" passed after 0.521 seconds.
✔ Test "Canonical bridge ID validation" passed after 0.525 seconds.
✔ Test "Bridge IDs should contain all expected canonical IDs" passed after 0.521 seconds.
✔ Test "All count methods return consistent values" passed after 0.521 seconds.
✔ Test "Bridge names should match actual Seattle drawbridges" passed after 0.521 seconds.
✅ PathScoringService configuration validated successfully
Completed fuzz test iteration 5/10
✔ Test "BridgeID allIDs set contains all expected values" passed after 0.586 seconds.
✔ Test "Invalid bridge ID should be rejected and return nil info" passed after 0.586 seconds.
✔ Test "Bridge info lookup by enum and string ID" passed after 0.586 seconds.
✔ Test "Bridge ID validation edge cases" passed after 0.590 seconds.
✔ Test "All bridge ID collections contain identical IDs" passed after 0.586 seconds.
✔ Test "Single source of truth enforcement for IDs, coordinates, uniqueness" passed after 0.590 seconds.
✔ Test "Bridge names dictionary is correctly populated" passed after 0.586 seconds.
✔ Test "Synthetic test bridge ID validation" passed after 0.586 seconds.
✔ Test "Accepted bridge ID policy with and without synthetic allowance" passed after 0.586 seconds.
✔ Test "BridgeID extensions provide displayName and coordinate" passed after 0.586 seconds.
✔ Test "PipelineStageMetric equality and hashing" passed after 0.586 seconds.
✔ Test "PipelineStageMetric displayName mapping" passed after 0.586 seconds.
✔ Test "All canonical bridge IDs are accepted and have info" passed after 0.587 seconds.
✔ Test "PipelineMetricsData averageValidationRate edge cases" passed after 0.586 seconds.
✔ Test test304NoChangeResponse() passed after 0.586 seconds.
✔ Test "PipelineMetricsData topStagesByDuration" passed after 0.586 seconds.
✔ Test "PipelineMetricsData initialization" passed after 0.586 seconds.
✔ Test "PipelineMetricsData computed totals" passed after 0.586 seconds.
✔ Test "PipelineMetricsData stageMetrics computed property" passed after 0.586 seconds.
✔ Test "TEST_LOGGING macro verification" passed after 0.590 seconds.
✔ Test "Non-canonical bridge IDs are rejected and have no info" passed after 0.586 seconds.
✔ Test "ETAEstimate creation and backward compatibility fields" passed after 0.586 seconds.
✔ Test bridgeStatusModelWithHistoricalData() passed after 0.587 seconds.
✔ Test "PipelineStageMetric statusColor logic" passed after 0.587 seconds.
✔ Test "ETAEstimate formattedETA contains minutes and ±" passed after 0.587 seconds.
✔ Test "PipelineMetricsData topStagesByMemory" passed after 0.587 seconds.
✔ Test "valid ISO8601 format" passed after 0.591 seconds.
✔ Test "PipelineStageMetric initialization and properties" passed after 0.587 seconds.
✔ Test bridgeOpeningRecordCoding() passed after 0.587 seconds.
✔ Test bridgeStatusModelInitialization() passed after 0.587 seconds.
✔ Test routeModelInitialization() passed after 0.587 seconds.
✔ Test emptyStringValues() passed after 0.587 seconds.
✔ Test "Node Hashable conformance works" passed after 0.587 seconds.
✔ Test invalidNumericValues() passed after 0.587 seconds.
✔ Test oversizedPayload() passed after 0.587 seconds.
✔ Test "MultiPathError descriptions contain expected text" passed after 0.587 seconds.
✔ Test "RoutePath creation computes totals and counts" passed after 0.587 seconds.
✔ Test outOfRangeDate() passed after 0.587 seconds.
✔ Test "Configuration presets differ as expected" passed after 0.587 seconds.
✔ Test "RoutePath with bridges counts them" passed after 0.587 seconds.
✔ Test "ETAWindow creation defaults min/max to nil" passed after 0.587 seconds.
✔ Test unknownBridgeID() passed after 0.587 seconds.
✔ Test "Configuration defaults have expected values" passed after 0.587 seconds.
✔ Test updatedBridgeDataErrorLocalization() passed after 0.587 seconds.
✔ Test "Small test graph fixture behaves as expected" passed after 0.587 seconds.
✔ Test "Path contiguity validation works and validate() throws on bad paths" passed after 0.587 seconds.
✔ Test "Edge creation populates fields correctly" passed after 0.587 seconds.
✔ Test routeModelWithHistoricalData() passed after 0.587 seconds.
✔ Test "Graph validation throws on invalid edges" passed after 0.591 seconds.
✔ Test "Node creation populates fields correctly" passed after 0.591 seconds.
✔ Test bridgeOpeningRecordJSONDecoding() passed after 0.591 seconds.
✔ Test emptyArrayPayload() passed after 0.591 seconds.
✔ Test "Graph creation builds adjacency and queries work" passed after 0.591 seconds.
✔ Test "Edge Hashable conformance works" passed after 0.591 seconds.
✔ Test bridgeDataErrorLocalization() passed after 0.591 seconds.
✔ Test "Tiny test graph fixture behaves as expected" passed after 0.591 seconds.
✔ Test "ETA creation populates fields correctly" passed after 0.591 seconds.
✔ Test "BridgePredictionError descriptions contain expected text" passed after 0.591 seconds.
✔ Test malformedDateStrings() passed after 0.591 seconds.
✔ Test "PathTravelStatisticsWithUncertainty formatted output and compatibility" passed after 0.592 seconds.
✔ Test "date edge and boundary cases" passed after 0.596 seconds.
✔ Test "Time-of-day uncertainty adjustment: morning vs late-night variance" passed after 0.592 seconds.
✔ Test bridgeOpeningRecordComputedProperties() passed after 0.591 seconds.
✔ Test extraUnknownKeys() passed after 0.591 seconds.
✔ Test "estimateBridgeETAsWithUncertainty returns bridge-only summaries" passed after 0.592 seconds.
✔ Test "Parity passes when no code changed" passed after 0.592 seconds.
✔ Test "estimateETAsWithUncertainty returns per-node summaries" passed after 0.592 seconds.
✔ Test maxDepthLimit() passed after 0.591 seconds.
✔ Test "PipelineMetricsData Codable conformance" passed after 0.602 seconds.
✔ Test "logging parser verification" passed after 0.606 seconds.
✔ Test "null date" passed after 0.606 seconds.
✔ Test "Variance computation with single value" passed after 0.601 seconds.
✔ Test "Compute validation accuracy variance (unstable trend)" passed after 0.601 seconds.
✔ Test "Compute training loss variance (stable trend)" passed after 0.601 seconds.
✔ Test "Compute training loss variance (empty array)" passed after 0.601 seconds.
✔ Test "malformed date" passed after 0.606 seconds.
✔ Test phase1SimpleFixture() passed after 0.601 seconds.
✔ Test selfLoop() passed after 0.601 seconds.
✔ Test "round-trip with prettyPrinted and sortedKeys" passed after 0.601 seconds.
✔ Test missingRequiredKeys() passed after 0.602 seconds.
✔ Test "StatisticalTrainingMetrics data structure integrity" passed after 0.601 seconds.
✔ Test pathContiguityValidation() passed after 0.602 seconds.
✔ Test "Variance computation with two values" passed after 0.602 seconds.
✔ Test noPathExists() passed after 0.602 seconds.
✔ Test shortestPath() passed after 0.602 seconds.
✔ Test "Compute validation accuracy variance (empty array)" passed after 0.602 seconds.
✔ Test maxPathsLimit() passed after 0.602 seconds.
✔ Test example() passed after 0.602 seconds.
✔ Test "DateBucket basic construction" passed after 0.602 seconds.
✔ Test cycleDetection() passed after 0.603 seconds.
✔ Test nodeNotFoundError() passed after 0.602 seconds.
✔ Test "Stable epochs calculation uses last 20% of values" passed after 0.602 seconds.
✔ Test "BaselinePredictor default probability without historical data" passed after 0.602 seconds.
✔ Test shortestPathNoPathExists() passed after 0.603 seconds.
✔ Test "Performance on tiny graph (sanity check)" passed after 0.603 seconds.
✔ Test pathDistanceValidation() passed after 0.603 seconds.
✅ PathScoringService configuration validated successfully
2025-09-06 20:18:26.102505-0700 Bridget[14371:251690] [PathEnumeration] Enumerating paths from A to C using dfs
2025-09-06 20:18:26.102554-0700 Bridget[14371:251690] [PathEnumeration] Selected algorithm: dfs
2025-09-06 20:18:26.102633-0700 Bridget[14371:251690] [PathEnumeration] DFS: Shortest path time: 500.000000s
2025-09-06 20:18:26.102702-0700 Bridget[14371:251690] [PathEnumeration] DFS: Found 2 paths from A to C
✔ Test "BridgeOpeningStats raw and smoothed probabilities" passed after 0.603 seconds.
✔ Test pathTravelTimeValidation() passed after 0.603 seconds.
✔ Test "Compute training loss variance (unstable trend)" passed after 0.603 seconds.
✅ PathScoringService configuration validated successfully
2025-09-06 20:18:26.124891-0700 Bridget[14371:251690] [PathEnumeration] Enumerating paths from A to C using dfs
2025-09-06 20:18:26.124955-0700 Bridget[14371:251690] [PathEnumeration] Selected algorithm: dfs
2025-09-06 20:18:26.125026-0700 Bridget[14371:251690] [PathEnumeration] DFS: Shortest path time: 500.000000s
2025-09-06 20:18:26.125076-0700 Bridget[14371:251690] [PathEnumeration] DFS: Found 1 paths from A to C
2025-09-06 20:18:26.125131-0700 Bridget[14371:251690] [PathEnumeration] Enumerating paths from A to C using dfs
2025-09-06 20:18:26.125171-0700 Bridget[14371:251690] [PathEnumeration] Selected algorithm: dfs
2025-09-06 20:18:26.125219-0700 Bridget[14371:251690] [PathEnumeration] DFS: Shortest path time: 500.000000s
2025-09-06 20:18:26.125261-0700 Bridget[14371:251690] [PathEnumeration] DFS: Found 2 paths from A to C
✔ Test "Mock provider basic set/get" passed after 0.626 seconds.
✔ Test "bridgeEncoder honors custom date encoding strategy" passed after 0.626 seconds.
✔ Test maxTravelTimeLimit() passed after 0.626 seconds.
✅ PathScoringService configuration validated successfully
2025-09-06 20:18:26.126591-0700 Bridget[14371:251690] [PathEnumeration] Enumerating paths from A to C using dfs
2025-09-06 20:18:26.126633-0700 Bridget[14371:251690] [PathEnumeration] Selected algorithm: dfs
2025-09-06 20:18:26.126705-0700 Bridget[14371:251690] [PathEnumeration] DFS: Shortest path time: 500.000000s
2025-09-06 20:18:26.126767-0700 Bridget[14371:251690] [PathEnumeration] DFS: Found 2 paths from A to C
2025-09-06 20:18:26.126822-0700 Bridget[14371:251690] [PathEnumeration] Enumerating paths from A to B using dfs
2025-09-06 20:18:26.126855-0700 Bridget[14371:251690] [PathEnumeration] Selected algorithm: dfs
✔ Test "PipelineMetricsData can include statistical metrics" passed after 0.636 seconds.
✅ PathScoringService configuration validated successfully
2025-09-06 20:18:26.136134-0700 Bridget[14371:251582] [PathEnumeration] Enumerating paths from A to B using dfs
2025-09-06 20:18:26.136190-0700 Bridget[14371:251582] [PathEnumeration] Selected algorithm: dfs
2025-09-06 20:18:26.142109-0700 Bridget[14371:251582] [PathEnumeration] DFS: Shortest path time: 300.000000s
2025-09-06 20:18:26.142175-0700 Bridget[14371:251582] [PathEnumeration] DFS: Found 1 paths from A to B
2025-09-06 20:18:26.142218-0700 Bridget[14371:251582] [PathEnumeration] Enumerating paths from A to C using dfs
2025-09-06 20:18:26.142260-0700 Bridget[14371:251582] [PathEnumeration] Selected algorithm: dfs
Completed fuzz test iteration 10/10
✅ PathScoringService configuration validated successfully
2025-09-06 20:18:26.283411-0700 Bridget[14371:251687] [PathEnumeration] Enumerating paths from A to C using dfs
2025-09-06 20:18:26.283487-0700 Bridget[14371:251687] [PathEnumeration] Selected algorithm: dfs
2025-09-06 20:18:26.283559-0700 Bridget[14371:251687] [PathEnumeration] DFS: Shortest path time: 500.000000s
2025-09-06 20:18:26.283611-0700 Bridget[14371:251687] [PathEnumeration] DFS: Found 2 paths from A to C
✔ Test "BaselinePredictor simple defaults and support checks" passed after 0.784 seconds.
✔ Test phase2PruningEffectiveness() passed after 0.784 seconds.
✔ Test phase1ComplexFixture() passed after 0.784 seconds.
✔ Test "round-trip encoding/decoding with bridge factories: default config" passed after 0.784 seconds.
✅ PathScoringService configuration validated successfully
2025-09-06 20:18:26.283871-0700 Bridget[14371:251687] [PathEnumeration] Enumerating paths from A to C using dfs
2025-09-06 20:18:26.283922-0700 Bridget[14371:251687] [PathEnumeration] Selected algorithm: dfs
2025-09-06 20:18:26.283980-0700 Bridget[14371:251687] [PathEnumeration] DFS: Shortest path time: 500.000000s
2025-09-06 20:18:26.284024-0700 Bridget[14371:251687] [PathEnumeration] DFS: Found 2 paths from A to C
⚠️ Warning: 1 bridges unsupported by predictor: bridge1. Using default probabilities.
✅ PathScoringService configuration validated successfully
2025-09-06 20:18:26.550692-0700 Bridget[14371:251569] [PathEnumeration] Enumerating paths from A to C using dfs
2025-09-06 20:18:26.550742-0700 Bridget[14371:251569] [PathEnumeration] Selected algorithm: dfs
2025-09-06 20:18:26.550799-0700 Bridget[14371:251569] [PathEnumeration] DFS: Shortest path time: 500.000000s
2025-09-06 20:18:26.550846-0700 Bridget[14371:251569] [PathEnumeration] DFS: Found 1 paths from A to C
✅ PathScoringService configuration validated successfully
2025-09-06 20:18:26.550960-0700 Bridget[14371:251569] [PathEnumeration] Enumerating paths from A to C using dfs
2025-09-06 20:18:26.550992-0700 Bridget[14371:251569] [PathEnumeration] Selected algorithm: dfs
2025-09-06 20:18:26.551056-0700 Bridget[14371:251569] [PathEnumeration] DFS: Shortest path time: 500.000000s
2025-09-06 20:18:26.551109-0700 Bridget[14371:251569] [PathEnumeration] DFS: Found 2 paths from A to C
2025-09-06 20:18:26.551152-0700 Bridget[14371:251569] [PathEnumeration] Enumerating paths from A to C using yens_k_shortest
2025-09-06 20:18:26.551181-0700 Bridget[14371:251569] [PathEnumeration] Selected algorithm: yens_k_shortest
2025-09-06 20:18:26.551215-0700 Bridget[14371:251569] [PathEnumeration] Yen's: Finding 2 shortest paths from A to C
2025-09-06 20:18:26.551354-0700 Bridget[14371:251569] [PathEnumeration] Yen's: Found 2 valid paths from A to C
✔ Test "Compute validation accuracy variance (stable trend)" passed after 1.052 seconds.
✅ PathScoringService configuration validated successfully
Fixture bridge edges and IDs: ["bridge1", "bridge2"]
✅ PathScoringService configuration validated successfully
✅ PathScoringService configuration validated successfully
2025-09-06 20:18:26.551626-0700 Bridget[14371:251569] [PathEnumeration] Enumerating paths from A to C using dfs
2025-09-06 20:18:26.551662-0700 Bridget[14371:251569] [PathEnumeration] Selected algorithm: dfs
2025-09-06 20:18:26.551731-0700 Bridget[14371:251569] [PathEnumeration] DFS: Shortest path time: 500.000000s
2025-09-06 20:18:26.551846-0700 Bridget[14371:251569] [PathEnumeration] DFS: Found 2 paths from A to C
2025-09-06 20:18:26.551957-0700 Bridget[14371:251569] [PathEnumeration] Enumerating paths from A to C using dfs
2025-09-06 20:18:26.552040-0700 Bridget[14371:251569] [PathEnumeration] Selected algorithm: dfs
2025-09-06 20:18:26.552115-0700 Bridget[14371:251569] [PathEnumeration] DFS: Shortest path time: 500.000000s
2025-09-06 20:18:26.552198-0700 Bridget[14371:251569] [PathEnumeration] DFS: Found 2 paths from A to C
✅ PathScoringService configuration validated successfully
Memory usage - Initial: 410MB, After load: 410MB, Increase: 0MB
✔ Test deterministicResults() passed after 1.149 seconds.
✔ Test "snake_case key decoding" passed after 1.149 seconds.
✅ PathScoringService configuration validated successfully
2025-09-06 20:18:26.648391-0700 Bridget[14371:251581] [PathEnumeration] Enumerating paths from B to A using dfs
2025-09-06 20:18:26.648537-0700 Bridget[14371:251581] [PathEnumeration] Selected algorithm: dfs
2025-09-06 20:18:26.648598-0700 Bridget[14371:251581] [PathEnumeration] DFS: Shortest path time: infs
2025-09-06 20:18:26.648635-0700 Bridget[14371:251581] [PathEnumeration] DFS: Found 0 paths from B to A
2025-09-06 20:18:26.648670-0700 Bridget[14371:251581] [PathEnumeration] Enumerating paths from B to A using dfs
2025-09-06 20:18:26.648695-0700 Bridget[14371:251581] [PathEnumeration] Selected algorithm: dfs
✔ Test "bridgeEncoder/bridgeDecoder fail on mismatched date strategy" passed after 1.372 seconds.
✔ Test "Real sample data should have actionable validation feedback" passed after 1.372 seconds.
✔ Test "Real sample data should pass validation" passed after 1.372 seconds.
✔ Test "Unknown feature fields should be gracefully ignored with warnings" passed after 1.372 seconds.
✅ PathScoringService configuration validated successfully
✔ Test "Unusual but valid timestamps should be handled correctly" passed after 1.372 seconds.
✅ PathScoringService configuration validated successfully
2025-09-06 20:18:26.872415-0700 Bridget[14371:251580] [PathEnumeration] Enumerating paths from A to C using dfs
2025-09-06 20:18:26.872477-0700 Bridget[14371:251580] [PathEnumeration] Selected algorithm: dfs
2025-09-06 20:18:26.872558-0700 Bridget[14371:251580] [PathEnumeration] DFS: Shortest path time: 500.000000s
2025-09-06 20:18:26.872617-0700 Bridget[14371:251580] [PathEnumeration] DFS: Found 2 paths from A to C
⚠️ Warning: 1 bridges unsupported by predictor: bridge1. Using default probabilities.
dateValidationPerformance: successCount=7501, failCount=2499, total=10000
📈 Bridget Performance Summary:
  - 2025-01-01T12:00:00_success: 1666 validations, avg: 0.000s
  - 2025-02-30T10:00:00_failure: 833 validations, avg: 0.000s
  -  2025-01-01T12:00:0_success: 833 validations, avg: 0.000s
  - 1900-01-01T00:00:00_success: 833 validations, avg: 0.000s
  - 2025-01-03T10:12:00_success: 3335 validations, avg: 0.000s
  - 2023-02-29T12:00:00_failure: 833 validations, avg: 0.000s
  - 2024-02-29T12:00:00_success: 834 validations, avg: 0.000s
  - invalid-date_failure: 833 validations, avg: 0.000s

✔ Test "Feature vectors with missing horizons should be flagged" passed after 1.646 seconds.
✔ Test "Feature vectors with invalid target values should be flagged" passed after 1.646 seconds.
✔ Test "Snapshot testing for validation output consistency" passed after 1.647 seconds.
✔ Test monotonicityProperty() passed after 1.647 seconds.
✔ Test "NaN values should be detected and flagged" passed after 1.647 seconds.
✔ Test "All-missing or all-NaN features should be clearly reported" passed after 1.647 seconds.
✔ Test "Mixed timezone formats should be handled correctly" passed after 1.647 seconds.
✔ Test "Leap second and mixed timezone timestamps should be handled correctly" passed after 1.647 seconds.
✔ Test "Invalid bridge IDs should be detected" passed after 1.647 seconds.
✔ Test "Old-style PipelineMetricsData still works" passed after 1.647 seconds.
✔ Test "Non-monotonic timestamps should be detected" passed after 1.647 seconds.
✔ Test "Feature vectors with out-of-range cyclical features should be flagged" passed after 1.647 seconds.
✔ Test "CoreMLTraining basic API remains constructible and helpers return nil for empty inputs" passed after 1.647 seconds.
✔ Test "Edge cases should not cause crashes or unexpected behavior" passed after 1.647 seconds.
✔ Test "Precision loss near range boundaries should be handled correctly" passed after 1.647 seconds.
✔ Test "UI-facing data structures handle nil statistical metrics" passed after 1.647 seconds.
✔ Test "Safe iteration patterns should work correctly" passed after 1.647 seconds.
✔ Test "Leap second timestamps should be handled gracefully" passed after 1.647 seconds.
✔ Test "Empty arrays should fail validation" passed after 1.647 seconds.
✔ Test "New-style PipelineMetricsData with statistical metrics works" passed after 1.647 seconds.
✔ Test "Single record should pass validation" passed after 1.647 seconds.
✔ Test "BaselinePredictor integrates successfully with PathScoringService" passed after 1.647 seconds.
✔ Test "Shuffling data should preserve validation counts and shapes" passed after 1.648 seconds.
✔ Test "Golden sample probe ticks should pass validation" passed after 1.650 seconds.
✔ Test "Array bounds safety should be maintained under all conditions" passed after 1.651 seconds.
✔ Test "Parsing failure scenarios should be handled gracefully" passed after 1.650 seconds.
✔ Test "Invalid open labels should be detected" passed after 1.651 seconds.
✔ Test "Golden sample feature vectors should pass validation" passed after 1.650 seconds.
✔ Test "Graceful degradation in processing function" passed after 1.650 seconds.
✔ Test "Data drift detection should flag statistical changes" passed after 1.650 seconds.
✔ Test "Summary string contains key sections" passed after 1.650 seconds.
✔ Test "BaselinePredictor basic functionality" passed after 1.650 seconds.
✔ Test "New data with statistical metrics encodes/decodes" passed after 1.650 seconds.
✔ Test "Old data encodes/decodes without statistical metrics" passed after 1.650 seconds.
✔ Test "Beta smoothing parameters affect prediction results" passed after 1.650 seconds.
✔ Test "Non-default horizons should yield actionable warnings" passed after 1.651 seconds.
✔ Test "Data quality metrics should be properly aggregated" passed after 1.651 seconds.
✔ Test "Feature vector validation should be invariant under horizon reordering" passed after 1.651 seconds.
✔ Test "Array.basicStatistics empty returns nil" passed after 1.650 seconds.
✔ Test "BaselinePredictor fallback behavior for unsupported bridges" passed after 1.650 seconds.
✔ Test "ETASummary.from returns nil for empty array" passed after 1.650 seconds.
✔ Test "ETASummary.from multiple values computes stats" passed after 1.650 seconds.
✔ Test "Array.basicStatistics computes stats" passed after 1.650 seconds.
✔ Test "PathScoringService can be created with BaselinePredictor" passed after 1.650 seconds.
✔ Test "Optional feature handling and graceful degradation" passed after 1.650 seconds.
✔ Test "ETASummary Equatable conformance" passed after 1.650 seconds.
✔ Test "Thread Sanitizer detects data race" passed after 1.650 seconds.
✔ Test "ETASummary.from single value produces zero variance and stdDev" passed after 1.650 seconds.
✔ Test "ETASummary 95% confidence interval spans the mean" passed after 1.650 seconds.
✔ Test "90% CI is narrower than 95% CI" passed after 1.650 seconds.
✔ Test "Array.basicStatistics single value returns zero variance/stdDev" passed after 1.650 seconds.
✔ Test "BaselinePredictor performance metrics" passed after 1.650 seconds.
✔ Test "ETASummary.from leaves percentiles nil with insufficient data" passed after 1.650 seconds.
✔ Test "ConfidenceInterval creation" passed after 1.650 seconds.
✔ Test "flooredToMinute returns start of minute" passed after 1.650 seconds.
✔ Test "isISO8601Date is true for ISO8601 date strings" passed after 1.650 seconds.
✔ Test "trimmed removes leading/trailing whitespace" passed after 1.650 seconds.
✔ Test "ConfidenceInterval Codable round-trip" passed after 1.650 seconds.
✔ Test "safe subscript handles in-bounds and out-of-bounds" passed after 1.650 seconds.
✔ Test "Validation rate should be calculated correctly" passed after 1.652 seconds.
✔ Test "CI reduces to a point when variance is zero" passed after 1.651 seconds.
✔ Test "ErrorDistributionMetrics creation" passed after 1.673 seconds.
✔ Test "ETASummary encodes/decodes correctly" passed after 1.673 seconds.
✔ Test "Yen vs DFS: shortest path parity" passed after 1.673 seconds.
✔ Test "Array.toETASummary computes stats" passed after 1.673 seconds.
✔ Test "Performance: small graph completes within 1 second" passed after 1.673 seconds.
✔ Test "No path / invalid nodes: throws MultiPathError.nodeNotFound" passed after 1.674 seconds.
✔ Test "Yen finds up to K shortest paths and they are sorted" passed after 1.674 seconds.
✔ Test "Mixed canonical + non-accepted: accepted predicted; non-accepted skipped; cache only for accepted" passed after 1.674 seconds.
✔ Test "ConfidenceInterval Equatable conformance" passed after 1.674 seconds.
✔ Test "StatisticalTrainingMetrics Codable round-trip" passed after 1.674 seconds.
✔ Test "Attributes of item returns attributes" passed after 1.673 seconds.
✔ Test "Synthetic IDs are accepted when allowed" passed after 1.673 seconds.
✔ Test "chunked(into:) splits array correctly" passed after 1.673 seconds.
✔ Test "All values NaN/infinite for specific fields should be detected and reported" passed after 1.674 seconds.
✔ Test "Atomic replace item replaces file" passed after 1.673 seconds.
✔ Test "Constraints: respects maxTravelTime and maxTimeOverShortest" passed after 1.673 seconds.
✔ Test "Enumerate files returns all files" passed after 1.673 seconds.
✔ Test "Non-accepted IDs are skipped by policy and do not populate feature cache" passed after 1.673 seconds.
✔ Test "PerformanceConfidenceIntervals creation" passed after 1.673 seconds.
✔ Test "Temporary directory returns valid URL" passed after 1.673 seconds.
✔ Test "Auto mode yields valid, sorted paths" passed after 1.674 seconds.
✔ Test "Create temporary file with extension" passed after 1.673 seconds.
✔ Test "Remove file removes existing file" passed after 1.674 seconds.
✔ Test "Setup test directory" passed after 1.673 seconds.
✔ Test "StatisticalTrainingMetrics creation" passed after 1.674 seconds.
✔ Test "minutes(since:) computes correct interval" passed after 1.674 seconds.
✔ Test "cyc() gives correct sin/cos for canonical values" passed after 1.673 seconds.
✔ Test "Yen correctness: shortest and second-shortest match expectations" passed after 1.674 seconds.
✔ Test "Documents directory returns valid URL" passed after 1.673 seconds.
✔ Test "Ensure directory exists creates directory" passed after 1.673 seconds.
✔ Test "Partial failure simulation should provide targeted messages" passed after 1.675 seconds.
✔ Test "Create marker file creates zero byte file" passed after 1.673 seconds.
✔ Test "rollingAverage() computes expected rolling means" passed after 1.673 seconds.
✔ Test "Calculate directory size returns correct size" passed after 1.674 seconds.
✔ Test "Ensure directory exists with invalid path" passed after 1.675 seconds.
2025-09-06 20:18:27.181000-0700 Bridget[14371:251572] [TrainPrepService] 🚀 Starting ML pipeline with config: CoreMLTrainingConfig(modelType: Bridget.ModelType.neuralNetwork, modelURL: nil, inputShape: [1, 14], outputShape: [1, 1], epochs: 10, learningRate: 0.01, batchSize: 8, shuffleSeed: Optional(42), useANE: false, earlyStoppingPatience: 10, validationSplitRatio: 0.2, outputKey: "output")
2025-09-06 20:18:27.181103-0700 Bridget[14371:251572] [TrainPrepService] 📁 Input file: /Users/peterjemley/Library/Developer/CoreSimulator/Devices/5EE0577A-2E03-4DC1-A7B3-E5E0EF8196B1/data/Containers/Data/Application/DC5EF751-4160-44F2-A417-7B1C37D71D6E/tmp/test_pipeline.ndjson
2025-09-06 20:18:27.181135-0700 Bridget[14371:251572] [TrainPrepService] 📊 Starting data loading stage...
✔ Test "File exists returns correct values" passed after 1.679 seconds.
✔ Test "Remove old files removes old files" passed after 1.679 seconds.
⚠️ Warning: 1 bridges unsupported by predictor: bridge1. Using default probabilities.
2025-09-06 20:18:27.181554-0700 Bridget[14371:251572] [ScoringMetrics] 📊 Recorded scoring metrics: 1 paths, 0.000s
2025-09-06 20:18:32.313149-0700 Bridget[14371:251691] [TrainPrepService] 🚀 Starting ML pipeline with config: CoreMLTrainingConfig(modelType: Bridget.ModelType.neuralNetwork, modelURL: nil, inputShape: [1, 14], outputShape: [1, 1], epochs: 10, learningRate: 0.01, batchSize: 8, shuffleSeed: Optional(42), useANE: false, earlyStoppingPatience: 10, validationSplitRatio: 0.2, outputKey: "output")
2025-09-06 20:18:32.313193-0700 Bridget[14371:251691] [TrainPrepService] 📁 Input file: /Users/peterjemley/Library/Developer/CoreSimulator/Devices/5EE0577A-2E03-4DC1-A7B3-E5E0EF8196B1/data/Containers/Data/Application/DC5EF751-4160-44F2-A417-7B1C37D71D6E/tmp/test_no_progress.ndjson
2025-09-06 20:18:32.313220-0700 Bridget[14371:251691] [TrainPrepService] 📊 Starting data loading stage...
2025-09-06 20:18:32.314887-0700 Bridget[14371:251691] [TrainPrepService] Failed to parse line 1: Could not decode ProbeTickRaw
2025-09-06 20:18:32.314946-0700 Bridget[14371:251691] [TrainPrepService] ✅ Data loading completed: 0 probe ticks loaded in 0.001705s
2025-09-06 20:18:32.314989-0700 Bridget[14371:251691] [TrainPrepService] 🔍 Starting data validation stage...
2025-09-06 20:18:32.315022-0700 Bridget[14371:251691] [TrainPrepService] 🔍 Running async validation on 0 ticks...
2025-09-06 20:18:32.315391-0700 Bridget[14371:251691] [TrainPrepService] 🔍 Validation completed in 0.000362s
2025-09-06 20:18:32.315418-0700 Bridget[14371:251691] [TrainPrepService] 🔍 Validation result: 0 total, 0 valid, 1 errors
2025-09-06 20:18:32.315455-0700 Bridget[14371:251691] [TrainPrepService] 🔍 Evaluating data quality gate...
2025-09-06 20:18:32.315498-0700 Bridget[14371:251691] [TrainPrepService] 🔍 Data quality gate result: PASS
2025-09-06 20:18:32.316111-0700 Bridget[14371:251691] [TrainPrepService] ❌ Data validation failed: Feature drift: Data validation failed: No probe tick data provided (expected 0, actual 0)
2025-09-06 20:18:32.316156-0700 Bridget[14371:251691] [TrainPrepService] ❌ ML pipeline failed at stage: Feature drift: Data validation failed: No probe tick data provided (expected 0, actual 0)
2025-09-06 20:18:32.316189-0700 Bridget[14371:251691] [TrainPrepService] ❌ Error type: CoreMLTrainingError
2025-09-06 20:18:32.317367-0700 Bridget[14371:251691] [TrainPrepService] ❌ CoreMLTrainingError details: Bridget.CoreMLTrainingError.featureDrift(description: "Data validation failed: No probe tick data provided", expectedCount: 0, actualCount: 0)
2025-09-06 20:18:32.317412-0700 Bridget[14371:251691] [TrainPrepService] ❌ ML pipeline failed: Feature drift: Data validation failed: No probe tick data provided (expected 0, actual 0)
✔ Test "Operations throw appropriate errors" passed after 6.816 seconds.
⚠️ Warning: 1 bridges unsupported by predictor: bridge1. Using default probabilities.
2025-09-06 20:18:32.318476-0700 Bridget[14371:251691] [ScoringMetrics] 📊 Recorded scoring metrics: 1 paths, 0.000s
⚠️ Warning: 1 bridges unsupported by predictor: bridge1. Using default probabilities.
2025-09-06 20:18:32.318630-0700 Bridget[14371:251691] [ScoringMetrics] 📊 Recorded scoring metrics: 1 paths, 0.000s
✔ Test "minuteOfDay and dayOfWeek parse ISO date correctly" passed after 6.816 seconds.
⚠️ Warning: 1 bridges unsupported by predictor: bridge1. Using default probabilities.
2025-09-06 20:18:32.318794-0700 Bridget[14371:251691] [ScoringMetrics] 📊 Recorded scoring metrics: 2 paths, 0.000s
✔ Test "Infinite values should be detected and flagged" passed after 6.818 seconds.
